<html>
<body>
<pre>
<h1>µVision Build Log</h1>
<h2>Tool Versions:</h2>
IDE-Version: ¦ÌVision V5.25.2.0
Copyright (C) 2018 ARM Ltd and ARM Germany GmbH. All rights reserved.
License Information: ISPIRIT AutoBVT, Microsoft, LIC=9WS63-ADJPR-T3FMI-T4LZF-LN20U-03A4L
 
Tool Versions:
Toolchain:       MDK-ARM Plus  Version: 5.25.2.0
Toolchain Path:  d:\Keil_v5\ARM\ARMCC\Bin
C Compiler:      Armcc.exe V5.06 update 6 (build 750)
Assembler:       Armasm.exe V5.06 update 6 (build 750)
Linker/Locator:  ArmLink.exe V5.06 update 6 (build 750)
Library Manager: ArmAr.exe V5.06 update 6 (build 750)
Hex Converter:   FromElf.exe V5.06 update 6 (build 750)
CPU DLL:         SARMCM3.DLL V5.25.2.0
Dialog DLL:      DCM.DLL V1.17.1.0
Target DLL:      Segger\JL2CM3.dll V2.99.29.0
Dialog DLL:      TCM.DLL V1.35.1.0
 
<h2>Project:</h2>
C:\Users\Administrator\Desktop\SDK_2.3.0_EasyARM-RT1052 Rev C-MIMXRT1050\boards\EasyARM_RT1052 Rev C\awtk_examples\awtk_xip\mdk\awtk.uvprojx
Project File Date:  05/27/2018

<h2>Output:</h2>
*** Using Compiler 'V5.06 update 6 (build 750)', folder: 'd:\Keil_v5\ARM\ARMCC\Bin'
Build target 'awtk Sdram_debug'
linking...
Program Size: Code=76760 RO-data=204508 RW-data=148 ZI-data=5260012  
"sdram_debug\awtk.out" - 0 Error(s), 0 Warning(s).

<h2>Software Packages used:</h2>

Package Vendor: NXP
                http://mcuxpresso.nxp.com/cmsis_pack/repo/NXP.iMXRT_DFP.1.0.2.pack
                NXP.iMXRT_DFP.1.0.2
                NXP iMXRT Series Device Support

<h2>Collection of Component include folders:</h2>
  .\RTE\_awtk_Sdram_debug
  d:\Keil_v5\ARM\PACK\NXP\iMXRT_DFP\1.0.2\Device\Include

<h2>Collection of Component Files used:</h2>
Build Time Elapsed:  00:00:03
</pre>
</body>
</html>
