<!doctype html public "-//w3c//dtd html 4.0 transitional//en">
<html><head>
<title>Static Call Graph - [sdram_debug\awtk.out]</title></head>
<body><HR>
<H1>Static Call Graph for image sdram_debug\awtk.out</H1><HR>
<BR><P>#&#060CALLGRAPH&#062# ARM Linker, 5060750: Last Updated: Wed May 30 02:20:41 2018
<BR><P>
<H3>Maximum Stack Usage =        568 bytes + Unknown(Cycles, Untraceable Function Pointers)</H3><H3>
Call chain for Maximum Stack Depth:</H3>
on_close &rArr; window_close &rArr; window_manager_remove_child &rArr; window_manager_check_if_need_close_animation &rArr; window_animator_create_for_close &rArr; window_animator_prepare &rArr; widget_paint &rArr; widget_on_paint_background &rArr; widget_draw_background &rArr; canvas_draw_image_ex &rArr; canvas_draw_image_center &rArr; canvas_draw_icon &rArr; canvas_draw_image &rArr; canvas_do_draw_image &rArr; lcd_draw_image
<P>
<H3>
Mutually Recursive functions
</H3> <LI><a href="#[cf]">NMI_Handler</a>&nbsp;&nbsp;&nbsp;&rArr;&nbsp;&nbsp;&nbsp;<a href="#[cf]">NMI_Handler</a><BR>
 <LI><a href="#[d0]">HardFault_Handler</a>&nbsp;&nbsp;&nbsp;&rArr;&nbsp;&nbsp;&nbsp;<a href="#[d0]">HardFault_Handler</a><BR>
 <LI><a href="#[d1]">MemManage_Handler</a>&nbsp;&nbsp;&nbsp;&rArr;&nbsp;&nbsp;&nbsp;<a href="#[d1]">MemManage_Handler</a><BR>
 <LI><a href="#[d2]">BusFault_Handler</a>&nbsp;&nbsp;&nbsp;&rArr;&nbsp;&nbsp;&nbsp;<a href="#[d2]">BusFault_Handler</a><BR>
 <LI><a href="#[d3]">UsageFault_Handler</a>&nbsp;&nbsp;&nbsp;&rArr;&nbsp;&nbsp;&nbsp;<a href="#[d3]">UsageFault_Handler</a><BR>
 <LI><a href="#[d4]">SVC_Handler</a>&nbsp;&nbsp;&nbsp;&rArr;&nbsp;&nbsp;&nbsp;<a href="#[d4]">SVC_Handler</a><BR>
 <LI><a href="#[d5]">DebugMon_Handler</a>&nbsp;&nbsp;&nbsp;&rArr;&nbsp;&nbsp;&nbsp;<a href="#[d5]">DebugMon_Handler</a><BR>
 <LI><a href="#[d6]">PendSV_Handler</a>&nbsp;&nbsp;&nbsp;&rArr;&nbsp;&nbsp;&nbsp;<a href="#[d6]">PendSV_Handler</a><BR>
 <LI><a href="#[be]">widget_invalidate_default</a>&nbsp;&nbsp;&nbsp;&rArr;&nbsp;&nbsp;&nbsp;<a href="#[be]">widget_invalidate_default</a><BR>
 <LI><a href="#[3b3]">widget_on_paint_children</a>&nbsp;&nbsp;&nbsp;&rArr;&nbsp;&nbsp;&nbsp;<a href="#[ba]">widget_on_paint_children_default</a><BR>
 <LI><a href="#[32f]">node_merge</a>&nbsp;&nbsp;&nbsp;&rArr;&nbsp;&nbsp;&nbsp;<a href="#[32f]">node_merge</a><BR>
 <LI><a href="#[3ab]">widget_set_dirty</a>&nbsp;&nbsp;&nbsp;&rArr;&nbsp;&nbsp;&nbsp;<a href="#[3ab]">widget_set_dirty</a><BR>
 <LI><a href="#[2a1]">widget_layout_children</a>&nbsp;&nbsp;&nbsp;&rArr;&nbsp;&nbsp;&nbsp;<a href="#[2a1]">widget_layout_children</a><BR>
 <LI><a href="#[3a3]">widget_destroy_children</a>&nbsp;&nbsp;&nbsp;&rArr;&nbsp;&nbsp;&nbsp;<a href="#[3a2]">widget_destroy</a><BR>
 <LI><a href="#[3b9]">widget_on_pointer_up</a>&nbsp;&nbsp;&nbsp;&rArr;&nbsp;&nbsp;&nbsp;<a href="#[3b9]">widget_on_pointer_up</a><BR>
 <LI><a href="#[3b8]">widget_on_pointer_move</a>&nbsp;&nbsp;&nbsp;&rArr;&nbsp;&nbsp;&nbsp;<a href="#[3b8]">widget_on_pointer_move</a><BR>
 <LI><a href="#[3b7]">widget_on_pointer_down</a>&nbsp;&nbsp;&nbsp;&rArr;&nbsp;&nbsp;&nbsp;<a href="#[3b7]">widget_on_pointer_down</a><BR>
 <LI><a href="#[3b1]">widget_on_keyup</a>&nbsp;&nbsp;&nbsp;&rArr;&nbsp;&nbsp;&nbsp;<a href="#[3b1]">widget_on_keyup</a><BR>
 <LI><a href="#[3b0]">widget_on_keydown</a>&nbsp;&nbsp;&nbsp;&rArr;&nbsp;&nbsp;&nbsp;<a href="#[3b0]">widget_on_keydown</a><BR>
 <LI><a href="#[3ae]">widget_lookup_all</a>&nbsp;&nbsp;&nbsp;&rArr;&nbsp;&nbsp;&nbsp;<a href="#[3ae]">widget_lookup_all</a><BR>
</UL>
<P>
<H3>
Function Pointers
</H3><UL>
 <LI><a href="#[153]">ACMP1_IRQHandler</a> from startup_mimxrt1052.o(OTHER_HANDLER) referenced from startup_mimxrt1052.o(RESET)
 <LI><a href="#[154]">ACMP2_IRQHandler</a> from startup_mimxrt1052.o(OTHER_HANDLER) referenced from startup_mimxrt1052.o(RESET)
 <LI><a href="#[155]">ACMP3_IRQHandler</a> from startup_mimxrt1052.o(OTHER_HANDLER) referenced from startup_mimxrt1052.o(RESET)
 <LI><a href="#[156]">ACMP4_IRQHandler</a> from startup_mimxrt1052.o(OTHER_HANDLER) referenced from startup_mimxrt1052.o(RESET)
 <LI><a href="#[11b]">ADC1_IRQHandler</a> from startup_mimxrt1052.o(OTHER_HANDLER) referenced from startup_mimxrt1052.o(RESET)
 <LI><a href="#[11c]">ADC2_IRQHandler</a> from startup_mimxrt1052.o(OTHER_HANDLER) referenced from startup_mimxrt1052.o(RESET)
 <LI><a href="#[151]">ADC_ETC_ERROR_IRQ_IRQHandler</a> from startup_mimxrt1052.o(OTHER_HANDLER) referenced from startup_mimxrt1052.o(RESET)
 <LI><a href="#[14e]">ADC_ETC_IRQ0_IRQHandler</a> from startup_mimxrt1052.o(OTHER_HANDLER) referenced from startup_mimxrt1052.o(RESET)
 <LI><a href="#[14f]">ADC_ETC_IRQ1_IRQHandler</a> from startup_mimxrt1052.o(OTHER_HANDLER) referenced from startup_mimxrt1052.o(RESET)
 <LI><a href="#[150]">ADC_ETC_IRQ2_IRQHandler</a> from startup_mimxrt1052.o(OTHER_HANDLER) referenced from startup_mimxrt1052.o(RESET)
 <LI><a href="#[115]">ANATOP_EVENT0_IRQHandler</a> from startup_mimxrt1052.o(OTHER_HANDLER) referenced from startup_mimxrt1052.o(RESET)
 <LI><a href="#[116]">ANATOP_EVENT1_IRQHandler</a> from startup_mimxrt1052.o(OTHER_HANDLER) referenced from startup_mimxrt1052.o(RESET)
 <LI><a href="#[117]">ANATOP_TAMP_LOW_HIGH_IRQHandler</a> from startup_mimxrt1052.o(OTHER_HANDLER) referenced from startup_mimxrt1052.o(RESET)
 <LI><a href="#[118]">ANATOP_TEMP_PANIC_IRQHandler</a> from startup_mimxrt1052.o(OTHER_HANDLER) referenced from startup_mimxrt1052.o(RESET)
 <LI><a href="#[10f]">BEE_IRQHandler</a> from startup_mimxrt1052.o(OTHER_HANDLER) referenced from startup_mimxrt1052.o(RESET)
 <LI><a href="#[d2]">BusFault_Handler</a> from startup_mimxrt1052.o(OTHER_HANDLER) referenced from startup_mimxrt1052.o(RESET)
 <LI><a href="#[2d]">CAN1_DriverIRQHandler</a> from startup_mimxrt1052.o(OTHER_HANDLER) referenced from startup_mimxrt1052.o(OTHER_HANDLER)
 <LI><a href="#[fc]">CAN1_IRQHandler</a> from startup_mimxrt1052.o(OTHER_HANDLER) referenced from startup_mimxrt1052.o(RESET)
 <LI><a href="#[2e]">CAN2_DriverIRQHandler</a> from startup_mimxrt1052.o(OTHER_HANDLER) referenced from startup_mimxrt1052.o(OTHER_HANDLER)
 <LI><a href="#[fd]">CAN2_IRQHandler</a> from startup_mimxrt1052.o(OTHER_HANDLER) referenced from startup_mimxrt1052.o(RESET)
 <LI><a href="#[137]">CCM_1_IRQHandler</a> from startup_mimxrt1052.o(OTHER_HANDLER) referenced from startup_mimxrt1052.o(RESET)
 <LI><a href="#[138]">CCM_2_IRQHandler</a> from startup_mimxrt1052.o(OTHER_HANDLER) referenced from startup_mimxrt1052.o(RESET)
 <LI><a href="#[eb]">CORE_IRQHandler</a> from startup_mimxrt1052.o(OTHER_HANDLER) referenced from startup_mimxrt1052.o(RESET)
 <LI><a href="#[103]">CSI_IRQHandler</a> from startup_mimxrt1052.o(OTHER_HANDLER) referenced from startup_mimxrt1052.o(RESET)
 <LI><a href="#[109]">CSU_IRQHandler</a> from startup_mimxrt1052.o(OTHER_HANDLER) referenced from startup_mimxrt1052.o(RESET)
 <LI><a href="#[e9]">CTI0_ERROR_IRQHandler</a> from startup_mimxrt1052.o(OTHER_HANDLER) referenced from startup_mimxrt1052.o(RESET)
 <LI><a href="#[ea]">CTI1_ERROR_IRQHandler</a> from startup_mimxrt1052.o(OTHER_HANDLER) referenced from startup_mimxrt1052.o(RESET)
 <LI><a href="#[11d]">DCDC_IRQHandler</a> from startup_mimxrt1052.o(OTHER_HANDLER) referenced from startup_mimxrt1052.o(RESET)
 <LI><a href="#[10a]">DCP_IRQHandler</a> from startup_mimxrt1052.o(OTHER_HANDLER) referenced from startup_mimxrt1052.o(RESET)
 <LI><a href="#[10b]">DCP_VMI_IRQHandler</a> from startup_mimxrt1052.o(OTHER_HANDLER) referenced from startup_mimxrt1052.o(RESET)
 <LI><a href="#[c]">DMA0_DMA16_DriverIRQHandler</a> from startup_mimxrt1052.o(OTHER_HANDLER) referenced from startup_mimxrt1052.o(OTHER_HANDLER)
 <LI><a href="#[d8]">DMA0_DMA16_IRQHandler</a> from startup_mimxrt1052.o(OTHER_HANDLER) referenced from startup_mimxrt1052.o(RESET)
 <LI><a href="#[16]">DMA10_DMA26_DriverIRQHandler</a> from startup_mimxrt1052.o(OTHER_HANDLER) referenced from startup_mimxrt1052.o(OTHER_HANDLER)
 <LI><a href="#[e2]">DMA10_DMA26_IRQHandler</a> from startup_mimxrt1052.o(OTHER_HANDLER) referenced from startup_mimxrt1052.o(RESET)
 <LI><a href="#[17]">DMA11_DMA27_DriverIRQHandler</a> from startup_mimxrt1052.o(OTHER_HANDLER) referenced from startup_mimxrt1052.o(OTHER_HANDLER)
 <LI><a href="#[e3]">DMA11_DMA27_IRQHandler</a> from startup_mimxrt1052.o(OTHER_HANDLER) referenced from startup_mimxrt1052.o(RESET)
 <LI><a href="#[18]">DMA12_DMA28_DriverIRQHandler</a> from startup_mimxrt1052.o(OTHER_HANDLER) referenced from startup_mimxrt1052.o(OTHER_HANDLER)
 <LI><a href="#[e4]">DMA12_DMA28_IRQHandler</a> from startup_mimxrt1052.o(OTHER_HANDLER) referenced from startup_mimxrt1052.o(RESET)
 <LI><a href="#[19]">DMA13_DMA29_DriverIRQHandler</a> from startup_mimxrt1052.o(OTHER_HANDLER) referenced from startup_mimxrt1052.o(OTHER_HANDLER)
 <LI><a href="#[e5]">DMA13_DMA29_IRQHandler</a> from startup_mimxrt1052.o(OTHER_HANDLER) referenced from startup_mimxrt1052.o(RESET)
 <LI><a href="#[1a]">DMA14_DMA30_DriverIRQHandler</a> from startup_mimxrt1052.o(OTHER_HANDLER) referenced from startup_mimxrt1052.o(OTHER_HANDLER)
 <LI><a href="#[e6]">DMA14_DMA30_IRQHandler</a> from startup_mimxrt1052.o(OTHER_HANDLER) referenced from startup_mimxrt1052.o(RESET)
 <LI><a href="#[1b]">DMA15_DMA31_DriverIRQHandler</a> from startup_mimxrt1052.o(OTHER_HANDLER) referenced from startup_mimxrt1052.o(OTHER_HANDLER)
 <LI><a href="#[e7]">DMA15_DMA31_IRQHandler</a> from startup_mimxrt1052.o(OTHER_HANDLER) referenced from startup_mimxrt1052.o(RESET)
 <LI><a href="#[d]">DMA1_DMA17_DriverIRQHandler</a> from startup_mimxrt1052.o(OTHER_HANDLER) referenced from startup_mimxrt1052.o(OTHER_HANDLER)
 <LI><a href="#[d9]">DMA1_DMA17_IRQHandler</a> from startup_mimxrt1052.o(OTHER_HANDLER) referenced from startup_mimxrt1052.o(RESET)
 <LI><a href="#[e]">DMA2_DMA18_DriverIRQHandler</a> from startup_mimxrt1052.o(OTHER_HANDLER) referenced from startup_mimxrt1052.o(OTHER_HANDLER)
 <LI><a href="#[da]">DMA2_DMA18_IRQHandler</a> from startup_mimxrt1052.o(OTHER_HANDLER) referenced from startup_mimxrt1052.o(RESET)
 <LI><a href="#[f]">DMA3_DMA19_DriverIRQHandler</a> from startup_mimxrt1052.o(OTHER_HANDLER) referenced from startup_mimxrt1052.o(OTHER_HANDLER)
 <LI><a href="#[db]">DMA3_DMA19_IRQHandler</a> from startup_mimxrt1052.o(OTHER_HANDLER) referenced from startup_mimxrt1052.o(RESET)
 <LI><a href="#[10]">DMA4_DMA20_DriverIRQHandler</a> from startup_mimxrt1052.o(OTHER_HANDLER) referenced from startup_mimxrt1052.o(OTHER_HANDLER)
 <LI><a href="#[dc]">DMA4_DMA20_IRQHandler</a> from startup_mimxrt1052.o(OTHER_HANDLER) referenced from startup_mimxrt1052.o(RESET)
 <LI><a href="#[11]">DMA5_DMA21_DriverIRQHandler</a> from startup_mimxrt1052.o(OTHER_HANDLER) referenced from startup_mimxrt1052.o(OTHER_HANDLER)
 <LI><a href="#[dd]">DMA5_DMA21_IRQHandler</a> from startup_mimxrt1052.o(OTHER_HANDLER) referenced from startup_mimxrt1052.o(RESET)
 <LI><a href="#[12]">DMA6_DMA22_DriverIRQHandler</a> from startup_mimxrt1052.o(OTHER_HANDLER) referenced from startup_mimxrt1052.o(OTHER_HANDLER)
 <LI><a href="#[de]">DMA6_DMA22_IRQHandler</a> from startup_mimxrt1052.o(OTHER_HANDLER) referenced from startup_mimxrt1052.o(RESET)
 <LI><a href="#[13]">DMA7_DMA23_DriverIRQHandler</a> from startup_mimxrt1052.o(OTHER_HANDLER) referenced from startup_mimxrt1052.o(OTHER_HANDLER)
 <LI><a href="#[df]">DMA7_DMA23_IRQHandler</a> from startup_mimxrt1052.o(OTHER_HANDLER) referenced from startup_mimxrt1052.o(RESET)
 <LI><a href="#[14]">DMA8_DMA24_DriverIRQHandler</a> from startup_mimxrt1052.o(OTHER_HANDLER) referenced from startup_mimxrt1052.o(OTHER_HANDLER)
 <LI><a href="#[e0]">DMA8_DMA24_IRQHandler</a> from startup_mimxrt1052.o(OTHER_HANDLER) referenced from startup_mimxrt1052.o(RESET)
 <LI><a href="#[15]">DMA9_DMA25_DriverIRQHandler</a> from startup_mimxrt1052.o(OTHER_HANDLER) referenced from startup_mimxrt1052.o(OTHER_HANDLER)
 <LI><a href="#[e1]">DMA9_DMA25_IRQHandler</a> from startup_mimxrt1052.o(OTHER_HANDLER) referenced from startup_mimxrt1052.o(RESET)
 <LI><a href="#[1c]">DMA_ERROR_DriverIRQHandler</a> from startup_mimxrt1052.o(OTHER_HANDLER) referenced from startup_mimxrt1052.o(OTHER_HANDLER)
 <LI><a href="#[e8]">DMA_ERROR_IRQHandler</a> from startup_mimxrt1052.o(OTHER_HANDLER) referenced from startup_mimxrt1052.o(RESET)
 <LI><a href="#[3e]">DbgConsole_RelocateLog</a> from fsl_debug_console.o(i.DbgConsole_RelocateLog) referenced from fsl_debug_console.o(i.DbgConsole_Printf)
 <LI><a href="#[d5]">DebugMon_Handler</a> from startup_mimxrt1052.o(OTHER_HANDLER) referenced from startup_mimxrt1052.o(RESET)
 <LI><a href="#[3b]">DefaultISR</a> from startup_mimxrt1052.o(OTHER_HANDLER) referenced from startup_mimxrt1052.o(OTHER_HANDLER)
 <LI><a href="#[3b]">DefaultISR</a> from startup_mimxrt1052.o(OTHER_HANDLER) referenced 79 times from startup_mimxrt1052.o(RESET)
 <LI><a href="#[159]">ENC1_IRQHandler</a> from startup_mimxrt1052.o(OTHER_HANDLER) referenced from startup_mimxrt1052.o(RESET)
 <LI><a href="#[15a]">ENC2_IRQHandler</a> from startup_mimxrt1052.o(OTHER_HANDLER) referenced from startup_mimxrt1052.o(RESET)
 <LI><a href="#[15b]">ENC3_IRQHandler</a> from startup_mimxrt1052.o(OTHER_HANDLER) referenced from startup_mimxrt1052.o(RESET)
 <LI><a href="#[15c]">ENC4_IRQHandler</a> from startup_mimxrt1052.o(OTHER_HANDLER) referenced from startup_mimxrt1052.o(RESET)
 <LI><a href="#[3a]">ENET_1588_Timer_DriverIRQHandler</a> from startup_mimxrt1052.o(OTHER_HANDLER) referenced from startup_mimxrt1052.o(OTHER_HANDLER)
 <LI><a href="#[14b]">ENET_1588_Timer_IRQHandler</a> from startup_mimxrt1052.o(OTHER_HANDLER) referenced from startup_mimxrt1052.o(RESET)
 <LI><a href="#[39]">ENET_DriverIRQHandler</a> from startup_mimxrt1052.o(OTHER_HANDLER) referenced from startup_mimxrt1052.o(OTHER_HANDLER)
 <LI><a href="#[14a]">ENET_IRQHandler</a> from startup_mimxrt1052.o(OTHER_HANDLER) referenced from startup_mimxrt1052.o(RESET)
 <LI><a href="#[136]">EWM_IRQHandler</a> from startup_mimxrt1052.o(OTHER_HANDLER) referenced from startup_mimxrt1052.o(RESET)
 <LI><a href="#[34]">FLEXIO1_DriverIRQHandler</a> from startup_mimxrt1052.o(OTHER_HANDLER) referenced from startup_mimxrt1052.o(OTHER_HANDLER)
 <LI><a href="#[132]">FLEXIO1_IRQHandler</a> from startup_mimxrt1052.o(OTHER_HANDLER) referenced from startup_mimxrt1052.o(RESET)
 <LI><a href="#[35]">FLEXIO2_DriverIRQHandler</a> from startup_mimxrt1052.o(OTHER_HANDLER) referenced from startup_mimxrt1052.o(OTHER_HANDLER)
 <LI><a href="#[133]">FLEXIO2_IRQHandler</a> from startup_mimxrt1052.o(OTHER_HANDLER) referenced from startup_mimxrt1052.o(RESET)
 <LI><a href="#[fe]">FLEXRAM_IRQHandler</a> from startup_mimxrt1052.o(OTHER_HANDLER) referenced from startup_mimxrt1052.o(RESET)
 <LI><a href="#[36]">FLEXSPI_DriverIRQHandler</a> from startup_mimxrt1052.o(OTHER_HANDLER) referenced from startup_mimxrt1052.o(OTHER_HANDLER)
 <LI><a href="#[144]">FLEXSPI_IRQHandler</a> from startup_mimxrt1052.o(OTHER_HANDLER) referenced from startup_mimxrt1052.o(RESET)
 <LI><a href="#[139]">GPC_IRQHandler</a> from startup_mimxrt1052.o(OTHER_HANDLER) referenced from startup_mimxrt1052.o(RESET)
 <LI><a href="#[128]">GPIO1_Combined_0_15_IRQHandler</a> from startup_mimxrt1052.o(OTHER_HANDLER) referenced from startup_mimxrt1052.o(RESET)
 <LI><a href="#[129]">GPIO1_Combined_16_31_IRQHandler</a> from startup_mimxrt1052.o(OTHER_HANDLER) referenced from startup_mimxrt1052.o(RESET)
 <LI><a href="#[120]">GPIO1_INT0_IRQHandler</a> from startup_mimxrt1052.o(OTHER_HANDLER) referenced from startup_mimxrt1052.o(RESET)
 <LI><a href="#[121]">GPIO1_INT1_IRQHandler</a> from startup_mimxrt1052.o(OTHER_HANDLER) referenced from startup_mimxrt1052.o(RESET)
 <LI><a href="#[122]">GPIO1_INT2_IRQHandler</a> from startup_mimxrt1052.o(OTHER_HANDLER) referenced from startup_mimxrt1052.o(RESET)
 <LI><a href="#[123]">GPIO1_INT3_IRQHandler</a> from startup_mimxrt1052.o(OTHER_HANDLER) referenced from startup_mimxrt1052.o(RESET)
 <LI><a href="#[124]">GPIO1_INT4_IRQHandler</a> from startup_mimxrt1052.o(OTHER_HANDLER) referenced from startup_mimxrt1052.o(RESET)
 <LI><a href="#[125]">GPIO1_INT5_IRQHandler</a> from startup_mimxrt1052.o(OTHER_HANDLER) referenced from startup_mimxrt1052.o(RESET)
 <LI><a href="#[126]">GPIO1_INT6_IRQHandler</a> from startup_mimxrt1052.o(OTHER_HANDLER) referenced from startup_mimxrt1052.o(RESET)
 <LI><a href="#[127]">GPIO1_INT7_IRQHandler</a> from startup_mimxrt1052.o(OTHER_HANDLER) referenced from startup_mimxrt1052.o(RESET)
 <LI><a href="#[12a]">GPIO2_Combined_0_15_IRQHandler</a> from startup_mimxrt1052.o(OTHER_HANDLER) referenced from startup_mimxrt1052.o(RESET)
 <LI><a href="#[12b]">GPIO2_Combined_16_31_IRQHandler</a> from startup_mimxrt1052.o(OTHER_HANDLER) referenced from startup_mimxrt1052.o(RESET)
 <LI><a href="#[12c]">GPIO3_Combined_0_15_IRQHandler</a> from startup_mimxrt1052.o(OTHER_HANDLER) referenced from startup_mimxrt1052.o(RESET)
 <LI><a href="#[12d]">GPIO3_Combined_16_31_IRQHandler</a> from startup_mimxrt1052.o(OTHER_HANDLER) referenced from startup_mimxrt1052.o(RESET)
 <LI><a href="#[12e]">GPIO4_Combined_0_15_IRQHandler</a> from startup_mimxrt1052.o(OTHER_HANDLER) referenced from startup_mimxrt1052.o(RESET)
 <LI><a href="#[12f]">GPIO4_Combined_16_31_IRQHandler</a> from startup_mimxrt1052.o(OTHER_HANDLER) referenced from startup_mimxrt1052.o(RESET)
 <LI><a href="#[130]">GPIO5_Combined_0_15_IRQHandler</a> from startup_mimxrt1052.o(OTHER_HANDLER) referenced from startup_mimxrt1052.o(RESET)
 <LI><a href="#[131]">GPIO5_Combined_16_31_IRQHandler</a> from startup_mimxrt1052.o(OTHER_HANDLER) referenced from startup_mimxrt1052.o(RESET)
 <LI><a href="#[101]">GPR_IRQ_IRQHandler</a> from startup_mimxrt1052.o(OTHER_HANDLER) referenced from startup_mimxrt1052.o(RESET)
 <LI><a href="#[13c]">GPT1_IRQHandler</a> from startup_mimxrt1052.o(OTHER_HANDLER) referenced from startup_mimxrt1052.o(RESET)
 <LI><a href="#[13d]">GPT2_IRQHandler</a> from startup_mimxrt1052.o(OTHER_HANDLER) referenced from startup_mimxrt1052.o(RESET)
 <LI><a href="#[d0]">HardFault_Handler</a> from startup_mimxrt1052.o(OTHER_HANDLER) referenced from startup_mimxrt1052.o(RESET)
 <LI><a href="#[ff]">KPP_IRQHandler</a> from startup_mimxrt1052.o(OTHER_HANDLER) referenced from startup_mimxrt1052.o(RESET)
 <LI><a href="#[102]">LCDIF_IRQHandler</a> from lcd_support.o(i.LCDIF_IRQHandler) referenced from startup_mimxrt1052.o(RESET)
 <LI><a href="#[25]">LPI2C1_DriverIRQHandler</a> from fsl_lpi2c.o(i.LPI2C1_DriverIRQHandler) referenced from startup_mimxrt1052.o(OTHER_HANDLER)
 <LI><a href="#[f4]">LPI2C1_IRQHandler</a> from startup_mimxrt1052.o(OTHER_HANDLER) referenced from startup_mimxrt1052.o(RESET)
 <LI><a href="#[26]">LPI2C2_DriverIRQHandler</a> from fsl_lpi2c.o(i.LPI2C2_DriverIRQHandler) referenced from startup_mimxrt1052.o(OTHER_HANDLER)
 <LI><a href="#[f5]">LPI2C2_IRQHandler</a> from startup_mimxrt1052.o(OTHER_HANDLER) referenced from startup_mimxrt1052.o(RESET)
 <LI><a href="#[27]">LPI2C3_DriverIRQHandler</a> from fsl_lpi2c.o(i.LPI2C3_DriverIRQHandler) referenced from startup_mimxrt1052.o(OTHER_HANDLER)
 <LI><a href="#[f6]">LPI2C3_IRQHandler</a> from startup_mimxrt1052.o(OTHER_HANDLER) referenced from startup_mimxrt1052.o(RESET)
 <LI><a href="#[28]">LPI2C4_DriverIRQHandler</a> from startup_mimxrt1052.o(OTHER_HANDLER) referenced from startup_mimxrt1052.o(OTHER_HANDLER)
 <LI><a href="#[f7]">LPI2C4_IRQHandler</a> from startup_mimxrt1052.o(OTHER_HANDLER) referenced from startup_mimxrt1052.o(RESET)
 <LI><a href="#[29]">LPSPI1_DriverIRQHandler</a> from startup_mimxrt1052.o(OTHER_HANDLER) referenced from startup_mimxrt1052.o(OTHER_HANDLER)
 <LI><a href="#[f8]">LPSPI1_IRQHandler</a> from startup_mimxrt1052.o(OTHER_HANDLER) referenced from startup_mimxrt1052.o(RESET)
 <LI><a href="#[2a]">LPSPI2_DriverIRQHandler</a> from startup_mimxrt1052.o(OTHER_HANDLER) referenced from startup_mimxrt1052.o(OTHER_HANDLER)
 <LI><a href="#[f9]">LPSPI2_IRQHandler</a> from startup_mimxrt1052.o(OTHER_HANDLER) referenced from startup_mimxrt1052.o(RESET)
 <LI><a href="#[2b]">LPSPI3_DriverIRQHandler</a> from startup_mimxrt1052.o(OTHER_HANDLER) referenced from startup_mimxrt1052.o(OTHER_HANDLER)
 <LI><a href="#[fa]">LPSPI3_IRQHandler</a> from startup_mimxrt1052.o(OTHER_HANDLER) referenced from startup_mimxrt1052.o(RESET)
 <LI><a href="#[2c]">LPSPI4_DriverIRQHandler</a> from startup_mimxrt1052.o(OTHER_HANDLER) referenced from startup_mimxrt1052.o(OTHER_HANDLER)
 <LI><a href="#[fb]">LPSPI4_IRQHandler</a> from startup_mimxrt1052.o(OTHER_HANDLER) referenced from startup_mimxrt1052.o(RESET)
 <LI><a href="#[1d]">LPUART1_DriverIRQHandler</a> from fsl_lpuart.o(i.LPUART1_DriverIRQHandler) referenced from startup_mimxrt1052.o(OTHER_HANDLER)
 <LI><a href="#[ec]">LPUART1_IRQHandler</a> from startup_mimxrt1052.o(OTHER_HANDLER) referenced from startup_mimxrt1052.o(RESET)
 <LI><a href="#[1e]">LPUART2_DriverIRQHandler</a> from fsl_lpuart.o(i.LPUART2_DriverIRQHandler) referenced from startup_mimxrt1052.o(OTHER_HANDLER)
 <LI><a href="#[ed]">LPUART2_IRQHandler</a> from startup_mimxrt1052.o(OTHER_HANDLER) referenced from startup_mimxrt1052.o(RESET)
 <LI><a href="#[1f]">LPUART3_DriverIRQHandler</a> from fsl_lpuart.o(i.LPUART3_DriverIRQHandler) referenced from startup_mimxrt1052.o(OTHER_HANDLER)
 <LI><a href="#[ee]">LPUART3_IRQHandler</a> from startup_mimxrt1052.o(OTHER_HANDLER) referenced from startup_mimxrt1052.o(RESET)
 <LI><a href="#[20]">LPUART4_DriverIRQHandler</a> from fsl_lpuart.o(i.LPUART4_DriverIRQHandler) referenced from startup_mimxrt1052.o(OTHER_HANDLER)
 <LI><a href="#[ef]">LPUART4_IRQHandler</a> from startup_mimxrt1052.o(OTHER_HANDLER) referenced from startup_mimxrt1052.o(RESET)
 <LI><a href="#[21]">LPUART5_DriverIRQHandler</a> from fsl_lpuart.o(i.LPUART5_DriverIRQHandler) referenced from startup_mimxrt1052.o(OTHER_HANDLER)
 <LI><a href="#[f0]">LPUART5_IRQHandler</a> from startup_mimxrt1052.o(OTHER_HANDLER) referenced from startup_mimxrt1052.o(RESET)
 <LI><a href="#[22]">LPUART6_DriverIRQHandler</a> from fsl_lpuart.o(i.LPUART6_DriverIRQHandler) referenced from startup_mimxrt1052.o(OTHER_HANDLER)
 <LI><a href="#[f1]">LPUART6_IRQHandler</a> from startup_mimxrt1052.o(OTHER_HANDLER) referenced from startup_mimxrt1052.o(RESET)
 <LI><a href="#[23]">LPUART7_DriverIRQHandler</a> from fsl_lpuart.o(i.LPUART7_DriverIRQHandler) referenced from startup_mimxrt1052.o(OTHER_HANDLER)
 <LI><a href="#[f2]">LPUART7_IRQHandler</a> from startup_mimxrt1052.o(OTHER_HANDLER) referenced from startup_mimxrt1052.o(RESET)
 <LI><a href="#[24]">LPUART8_DriverIRQHandler</a> from fsl_lpuart.o(i.LPUART8_DriverIRQHandler) referenced from startup_mimxrt1052.o(OTHER_HANDLER)
 <LI><a href="#[f3]">LPUART8_IRQHandler</a> from startup_mimxrt1052.o(OTHER_HANDLER) referenced from startup_mimxrt1052.o(RESET)
 <LI><a href="#[d1]">MemManage_Handler</a> from startup_mimxrt1052.o(OTHER_HANDLER) referenced from startup_mimxrt1052.o(RESET)
 <LI><a href="#[cf]">NMI_Handler</a> from startup_mimxrt1052.o(OTHER_HANDLER) referenced from startup_mimxrt1052.o(RESET)
 <LI><a href="#[177]">NMI_WAKEUP_IRQHandler</a> from startup_mimxrt1052.o(OTHER_HANDLER) referenced from startup_mimxrt1052.o(RESET)
 <LI><a href="#[152]">PIT_IRQHandler</a> from startup_mimxrt1052.o(OTHER_HANDLER) referenced from startup_mimxrt1052.o(RESET)
 <LI><a href="#[13e]">PWM1_0_IRQHandler</a> from startup_mimxrt1052.o(OTHER_HANDLER) referenced from startup_mimxrt1052.o(RESET)
 <LI><a href="#[13f]">PWM1_1_IRQHandler</a> from startup_mimxrt1052.o(OTHER_HANDLER) referenced from startup_mimxrt1052.o(RESET)
 <LI><a href="#[140]">PWM1_2_IRQHandler</a> from startup_mimxrt1052.o(OTHER_HANDLER) referenced from startup_mimxrt1052.o(RESET)
 <LI><a href="#[141]">PWM1_3_IRQHandler</a> from startup_mimxrt1052.o(OTHER_HANDLER) referenced from startup_mimxrt1052.o(RESET)
 <LI><a href="#[142]">PWM1_FAULT_IRQHandler</a> from startup_mimxrt1052.o(OTHER_HANDLER) referenced from startup_mimxrt1052.o(RESET)
 <LI><a href="#[161]">PWM2_0_IRQHandler</a> from startup_mimxrt1052.o(OTHER_HANDLER) referenced from startup_mimxrt1052.o(RESET)
 <LI><a href="#[162]">PWM2_1_IRQHandler</a> from startup_mimxrt1052.o(OTHER_HANDLER) referenced from startup_mimxrt1052.o(RESET)
 <LI><a href="#[163]">PWM2_2_IRQHandler</a> from startup_mimxrt1052.o(OTHER_HANDLER) referenced from startup_mimxrt1052.o(RESET)
 <LI><a href="#[164]">PWM2_3_IRQHandler</a> from startup_mimxrt1052.o(OTHER_HANDLER) referenced from startup_mimxrt1052.o(RESET)
 <LI><a href="#[165]">PWM2_FAULT_IRQHandler</a> from startup_mimxrt1052.o(OTHER_HANDLER) referenced from startup_mimxrt1052.o(RESET)
 <LI><a href="#[166]">PWM3_0_IRQHandler</a> from startup_mimxrt1052.o(OTHER_HANDLER) referenced from startup_mimxrt1052.o(RESET)
 <LI><a href="#[167]">PWM3_1_IRQHandler</a> from startup_mimxrt1052.o(OTHER_HANDLER) referenced from startup_mimxrt1052.o(RESET)
 <LI><a href="#[168]">PWM3_2_IRQHandler</a> from startup_mimxrt1052.o(OTHER_HANDLER) referenced from startup_mimxrt1052.o(RESET)
 <LI><a href="#[169]">PWM3_3_IRQHandler</a> from startup_mimxrt1052.o(OTHER_HANDLER) referenced from startup_mimxrt1052.o(RESET)
 <LI><a href="#[16a]">PWM3_FAULT_IRQHandler</a> from startup_mimxrt1052.o(OTHER_HANDLER) referenced from startup_mimxrt1052.o(RESET)
 <LI><a href="#[16b]">PWM4_0_IRQHandler</a> from startup_mimxrt1052.o(OTHER_HANDLER) referenced from startup_mimxrt1052.o(RESET)
 <LI><a href="#[16c]">PWM4_1_IRQHandler</a> from startup_mimxrt1052.o(OTHER_HANDLER) referenced from startup_mimxrt1052.o(RESET)
 <LI><a href="#[16d]">PWM4_2_IRQHandler</a> from startup_mimxrt1052.o(OTHER_HANDLER) referenced from startup_mimxrt1052.o(RESET)
 <LI><a href="#[16e]">PWM4_3_IRQHandler</a> from startup_mimxrt1052.o(OTHER_HANDLER) referenced from startup_mimxrt1052.o(RESET)
 <LI><a href="#[16f]">PWM4_FAULT_IRQHandler</a> from startup_mimxrt1052.o(OTHER_HANDLER) referenced from startup_mimxrt1052.o(RESET)
 <LI><a href="#[104]">PXP_IRQHandler</a> from startup_mimxrt1052.o(OTHER_HANDLER) referenced from startup_mimxrt1052.o(RESET)
 <LI><a href="#[d6]">PendSV_Handler</a> from startup_mimxrt1052.o(OTHER_HANDLER) referenced from startup_mimxrt1052.o(RESET)
 <LI><a href="#[135]">RTWDOG_IRQHandler</a> from startup_mimxrt1052.o(OTHER_HANDLER) referenced from startup_mimxrt1052.o(RESET)
 <LI><a href="#[13b]">Reserved115_IRQHandler</a> from startup_mimxrt1052.o(OTHER_HANDLER) referenced from startup_mimxrt1052.o(RESET)
 <LI><a href="#[143]">Reserved123_IRQHandler</a> from startup_mimxrt1052.o(OTHER_HANDLER) referenced from startup_mimxrt1052.o(RESET)
 <LI><a href="#[157]">Reserved143_IRQHandler</a> from startup_mimxrt1052.o(OTHER_HANDLER) referenced from startup_mimxrt1052.o(RESET)
 <LI><a href="#[158]">Reserved144_IRQHandler</a> from startup_mimxrt1052.o(OTHER_HANDLER) referenced from startup_mimxrt1052.o(RESET)
 <LI><a href="#[170]">Reserved168_IRQHandler</a> from startup_mimxrt1052.o(OTHER_HANDLER) referenced from startup_mimxrt1052.o(RESET)
 <LI><a href="#[171]">Reserved169_IRQHandler</a> from startup_mimxrt1052.o(OTHER_HANDLER) referenced from startup_mimxrt1052.o(RESET)
 <LI><a href="#[172]">Reserved170_IRQHandler</a> from startup_mimxrt1052.o(OTHER_HANDLER) referenced from startup_mimxrt1052.o(RESET)
 <LI><a href="#[173]">Reserved171_IRQHandler</a> from startup_mimxrt1052.o(OTHER_HANDLER) referenced from startup_mimxrt1052.o(RESET)
 <LI><a href="#[174]">Reserved172_IRQHandler</a> from startup_mimxrt1052.o(OTHER_HANDLER) referenced from startup_mimxrt1052.o(RESET)
 <LI><a href="#[175]">Reserved173_IRQHandler</a> from startup_mimxrt1052.o(OTHER_HANDLER) referenced from startup_mimxrt1052.o(RESET)
 <LI><a href="#[10c]">Reserved68_IRQHandler</a> from startup_mimxrt1052.o(OTHER_HANDLER) referenced from startup_mimxrt1052.o(RESET)
 <LI><a href="#[11e]">Reserved86_IRQHandler</a> from startup_mimxrt1052.o(OTHER_HANDLER) referenced from startup_mimxrt1052.o(RESET)
 <LI><a href="#[11f]">Reserved87_IRQHandler</a> from startup_mimxrt1052.o(OTHER_HANDLER) referenced from startup_mimxrt1052.o(RESET)
 <LI><a href="#[ce]">Reset_Handler</a> from startup_mimxrt1052.o(RES_HANDLER) referenced from startup_mimxrt1052.o(RESET)
 <LI><a href="#[2f]">SAI1_DriverIRQHandler</a> from startup_mimxrt1052.o(OTHER_HANDLER) referenced from startup_mimxrt1052.o(OTHER_HANDLER)
 <LI><a href="#[110]">SAI1_IRQHandler</a> from startup_mimxrt1052.o(OTHER_HANDLER) referenced from startup_mimxrt1052.o(RESET)
 <LI><a href="#[30]">SAI2_DriverIRQHandler</a> from startup_mimxrt1052.o(OTHER_HANDLER) referenced from startup_mimxrt1052.o(OTHER_HANDLER)
 <LI><a href="#[111]">SAI2_IRQHandler</a> from startup_mimxrt1052.o(OTHER_HANDLER) referenced from startup_mimxrt1052.o(RESET)
 <LI><a href="#[31]">SAI3_RX_DriverIRQHandler</a> from startup_mimxrt1052.o(OTHER_HANDLER) referenced from startup_mimxrt1052.o(OTHER_HANDLER)
 <LI><a href="#[112]">SAI3_RX_IRQHandler</a> from startup_mimxrt1052.o(OTHER_HANDLER) referenced from startup_mimxrt1052.o(RESET)
 <LI><a href="#[32]">SAI3_TX_DriverIRQHandler</a> from startup_mimxrt1052.o(OTHER_HANDLER) referenced from startup_mimxrt1052.o(OTHER_HANDLER)
 <LI><a href="#[113]">SAI3_TX_IRQHandler</a> from startup_mimxrt1052.o(OTHER_HANDLER) referenced from startup_mimxrt1052.o(RESET)
 <LI><a href="#[145]">SEMC_IRQHandler</a> from startup_mimxrt1052.o(OTHER_HANDLER) referenced from startup_mimxrt1052.o(RESET)
 <LI><a href="#[176]">SJC_ARM_DEBUG_IRQHandler</a> from startup_mimxrt1052.o(OTHER_HANDLER) referenced from startup_mimxrt1052.o(RESET)
 <LI><a href="#[10e]">SJC_IRQHandler</a> from startup_mimxrt1052.o(OTHER_HANDLER) referenced from startup_mimxrt1052.o(RESET)
 <LI><a href="#[106]">SNVS_HP_WRAPPER_IRQHandler</a> from startup_mimxrt1052.o(OTHER_HANDLER) referenced from startup_mimxrt1052.o(RESET)
 <LI><a href="#[107]">SNVS_HP_WRAPPER_TZ_IRQHandler</a> from startup_mimxrt1052.o(OTHER_HANDLER) referenced from startup_mimxrt1052.o(RESET)
 <LI><a href="#[108]">SNVS_LP_WRAPPER_IRQHandler</a> from startup_mimxrt1052.o(OTHER_HANDLER) referenced from startup_mimxrt1052.o(RESET)
 <LI><a href="#[33]">SPDIF_DriverIRQHandler</a> from startup_mimxrt1052.o(OTHER_HANDLER) referenced from startup_mimxrt1052.o(OTHER_HANDLER)
 <LI><a href="#[114]">SPDIF_IRQHandler</a> from startup_mimxrt1052.o(OTHER_HANDLER) referenced from startup_mimxrt1052.o(RESET)
 <LI><a href="#[13a]">SRC_IRQHandler</a> from startup_mimxrt1052.o(OTHER_HANDLER) referenced from startup_mimxrt1052.o(RESET)
 <LI><a href="#[d4]">SVC_Handler</a> from startup_mimxrt1052.o(OTHER_HANDLER) referenced from startup_mimxrt1052.o(RESET)
 <LI><a href="#[d7]">SysTick_Handler</a> from platform.o(i.SysTick_Handler) referenced from startup_mimxrt1052.o(RESET)
 <LI><a href="#[3c]">SystemInit</a> from system_mimxrt1052.o(i.SystemInit) referenced from startup_mimxrt1052.o(RES_HANDLER)
 <LI><a href="#[15d]">TMR1_IRQHandler</a> from startup_mimxrt1052.o(OTHER_HANDLER) referenced from startup_mimxrt1052.o(RESET)
 <LI><a href="#[15e]">TMR2_IRQHandler</a> from startup_mimxrt1052.o(OTHER_HANDLER) referenced from startup_mimxrt1052.o(RESET)
 <LI><a href="#[15f]">TMR3_IRQHandler</a> from startup_mimxrt1052.o(OTHER_HANDLER) referenced from startup_mimxrt1052.o(RESET)
 <LI><a href="#[160]">TMR4_IRQHandler</a> from startup_mimxrt1052.o(OTHER_HANDLER) referenced from startup_mimxrt1052.o(RESET)
 <LI><a href="#[10d]">TRNG_IRQHandler</a> from startup_mimxrt1052.o(OTHER_HANDLER) referenced from startup_mimxrt1052.o(RESET)
 <LI><a href="#[100]">TSC_DIG_IRQHandler</a> from startup_mimxrt1052.o(OTHER_HANDLER) referenced from startup_mimxrt1052.o(RESET)
 <LI><a href="#[149]">USB_OTG1_IRQHandler</a> from startup_mimxrt1052.o(OTHER_HANDLER) referenced from startup_mimxrt1052.o(RESET)
 <LI><a href="#[148]">USB_OTG2_IRQHandler</a> from startup_mimxrt1052.o(OTHER_HANDLER) referenced from startup_mimxrt1052.o(RESET)
 <LI><a href="#[119]">USB_PHY1_IRQHandler</a> from startup_mimxrt1052.o(OTHER_HANDLER) referenced from startup_mimxrt1052.o(RESET)
 <LI><a href="#[11a]">USB_PHY2_IRQHandler</a> from startup_mimxrt1052.o(OTHER_HANDLER) referenced from startup_mimxrt1052.o(RESET)
 <LI><a href="#[37]">USDHC1_DriverIRQHandler</a> from startup_mimxrt1052.o(OTHER_HANDLER) referenced from startup_mimxrt1052.o(OTHER_HANDLER)
 <LI><a href="#[146]">USDHC1_IRQHandler</a> from startup_mimxrt1052.o(OTHER_HANDLER) referenced from startup_mimxrt1052.o(RESET)
 <LI><a href="#[38]">USDHC2_DriverIRQHandler</a> from startup_mimxrt1052.o(OTHER_HANDLER) referenced from startup_mimxrt1052.o(OTHER_HANDLER)
 <LI><a href="#[147]">USDHC2_IRQHandler</a> from startup_mimxrt1052.o(OTHER_HANDLER) referenced from startup_mimxrt1052.o(RESET)
 <LI><a href="#[d3]">UsageFault_Handler</a> from startup_mimxrt1052.o(OTHER_HANDLER) referenced from startup_mimxrt1052.o(RESET)
 <LI><a href="#[134]">WDOG1_IRQHandler</a> from startup_mimxrt1052.o(OTHER_HANDLER) referenced from startup_mimxrt1052.o(RESET)
 <LI><a href="#[105]">WDOG2_IRQHandler</a> from startup_mimxrt1052.o(OTHER_HANDLER) referenced from startup_mimxrt1052.o(RESET)
 <LI><a href="#[14c]">XBAR1_IRQ_0_1_IRQHandler</a> from startup_mimxrt1052.o(OTHER_HANDLER) referenced from startup_mimxrt1052.o(RESET)
 <LI><a href="#[14d]">XBAR1_IRQ_2_3_IRQHandler</a> from startup_mimxrt1052.o(OTHER_HANDLER) referenced from startup_mimxrt1052.o(RESET)
 <LI><a href="#[178]">__main</a> from __main.o(!!!main) referenced from startup_mimxrt1052.o(RES_HANDLER)
 <LI><a href="#[9]">_get_lc_ctype</a> from lc_ctype_c.o(locale$$code) referenced from rt_ctype_table.o(.text)
 <LI><a href="#[b]">_printf_input_char</a> from _printf_char_common.o(.text) referenced from _printf_char_common.o(.text)
 <LI><a href="#[a]">_snputc</a> from _snputc.o(.text) referenced from noretval__2snprintf.o(.text)
 <LI><a href="#[80]">button_on_event</a> from button.o(i.button_on_event) referenced from button.o(.constdata)
 <LI><a href="#[7f]">button_on_paint_self</a> from button.o(i.button_on_paint_self) referenced from button.o(.constdata)
 <LI><a href="#[81]">check_button_get_prop</a> from check_button.o(i.check_button_get_prop) referenced from check_button.o(.constdata)
 <LI><a href="#[84]">check_button_on_event</a> from check_button.o(i.check_button_on_event) referenced from check_button.o(.constdata)
 <LI><a href="#[83]">check_button_on_paint_self</a> from check_button.o(i.check_button_on_paint_self) referenced from check_button.o(.constdata)
 <LI><a href="#[82]">check_button_set_prop</a> from check_button.o(i.check_button_set_prop) referenced from check_button.o(.constdata)
 <LI><a href="#[89]">dialog_destroy</a> from dialog.o(i.dialog_destroy) referenced from dialog.o(.constdata)
 <LI><a href="#[85]">dialog_get_prop</a> from dialog.o(i.dialog_get_prop) referenced from dialog.o(.constdata)
 <LI><a href="#[44]">dialog_idle_close</a> from dialog.o(i.dialog_idle_close) referenced from dialog.o(i.dialog_modal)
 <LI><a href="#[87]">dialog_on_paint_self</a> from dialog.o(i.dialog_on_paint_self) referenced from dialog.o(.constdata)
 <LI><a href="#[88]">dialog_on_relayout_children</a> from dialog.o(i.dialog_on_relayout_children) referenced from dialog.o(.constdata)
 <LI><a href="#[86]">dialog_set_prop</a> from dialog.o(i.dialog_set_prop) referenced from dialog.o(.constdata)
 <LI><a href="#[9c]">easing_back_in</a> from easing.o(i.easing_back_in) referenced from easing.o(.constdata)
 <LI><a href="#[9e]">easing_back_inout</a> from easing.o(i.easing_back_inout) referenced from easing.o(.constdata)
 <LI><a href="#[9d]">easing_back_out</a> from easing.o(i.easing_back_out) referenced from easing.o(.constdata)
 <LI><a href="#[9f]">easing_bounce_in</a> from easing.o(i.easing_bounce_in) referenced from easing.o(.constdata)
 <LI><a href="#[a1]">easing_bounce_inout</a> from easing.o(i.easing_bounce_inout) referenced from easing.o(.constdata)
 <LI><a href="#[a0]">easing_bounce_out</a> from easing.o(i.easing_bounce_out) referenced from easing.o(.constdata)
 <LI><a href="#[96]">easing_circular_in</a> from easing.o(i.easing_circular_in) referenced from easing.o(.constdata)
 <LI><a href="#[98]">easing_circular_inout</a> from easing.o(i.easing_circular_inout) referenced from easing.o(.constdata)
 <LI><a href="#[97]">easing_circular_out</a> from easing.o(i.easing_circular_out) referenced from easing.o(.constdata)
 <LI><a href="#[8e]">easing_cubic_in</a> from easing.o(i.easing_cubic_in) referenced from easing.o(.constdata)
 <LI><a href="#[8f]">easing_cubic_out</a> from easing.o(i.easing_cubic_out) referenced from easing.o(.constdata)
 <LI><a href="#[99]">easing_elastic_in</a> from easing.o(i.easing_elastic_in) referenced from easing.o(.constdata)
 <LI><a href="#[9b]">easing_elastic_inout</a> from easing.o(i.easing_elastic_inout) referenced from easing.o(.constdata)
 <LI><a href="#[9a]">easing_elastic_out</a> from easing.o(i.easing_elastic_out) referenced from easing.o(.constdata)
 <LI><a href="#[8a]">easing_linear</a> from easing.o(i.easing_linear) referenced from easing.o(.constdata)
 <LI><a href="#[93]">easing_pow_in</a> from easing.o(i.easing_pow_in) referenced from easing.o(.constdata)
 <LI><a href="#[95]">easing_pow_inout</a> from easing.o(i.easing_pow_inout) referenced from easing.o(.constdata)
 <LI><a href="#[94]">easing_pow_out</a> from easing.o(i.easing_pow_out) referenced from easing.o(.constdata)
 <LI><a href="#[8b]">easing_quadratic_in</a> from easing.o(i.easing_quadratic_in) referenced from easing.o(.constdata)
 <LI><a href="#[8d]">easing_quadratic_inout</a> from easing.o(i.easing_quadratic_inout) referenced from easing.o(.constdata)
 <LI><a href="#[8c]">easing_quadratic_out</a> from easing.o(i.easing_quadratic_out) referenced from easing.o(.constdata)
 <LI><a href="#[90]">easing_sin_in</a> from easing.o(i.easing_sin_in) referenced from easing.o(.constdata)
 <LI><a href="#[92]">easing_sin_inout</a> from easing.o(i.easing_sin_inout) referenced from easing.o(.constdata)
 <LI><a href="#[91]">easing_sin_out</a> from easing.o(i.easing_sin_out) referenced from easing.o(.constdata)
 <LI><a href="#[a2]">edit_get_prop</a> from edit.o(i.edit_get_prop) referenced from edit.o(.constdata)
 <LI><a href="#[a5]">edit_on_event</a> from edit.o(i.edit_on_event) referenced from edit.o(.constdata)
 <LI><a href="#[a4]">edit_on_paint_self</a> from edit.o(i.edit_on_paint_self) referenced from edit.o(.constdata)
 <LI><a href="#[a3]">edit_set_prop</a> from edit.o(i.edit_set_prop) referenced from edit.o(.constdata)
 <LI><a href="#[45]">edit_update_carent</a> from edit.o(i.edit_update_carent) referenced from edit.o(i.edit_on_event)
 <LI><a href="#[48]">font_bitmap_destroy</a> from font_bitmap.o(i.font_bitmap_destroy) referenced from font_bitmap.o(i.font_bitmap_init)
 <LI><a href="#[47]">font_bitmap_find_glyph</a> from font_bitmap.o(i.font_bitmap_find_glyph) referenced from font_bitmap.o(i.font_bitmap_init)
 <LI><a href="#[46]">font_bitmap_match</a> from font_bitmap.o(i.font_bitmap_match) referenced from font_bitmap.o(i.font_bitmap_init)
 <LI><a href="#[5d]">get_time_ms</a> from platform.o(i.get_time_ms) referenced from platform.o(i.platform_prepare)
 <LI><a href="#[a6]">group_box_on_paint_self</a> from group_box.o(i.group_box_on_paint_self) referenced from group_box.o(.constdata)
 <LI><a href="#[a7]">image_get_prop</a> from image.o(i.image_get_prop) referenced from image.o(.constdata)
 <LI><a href="#[a9]">image_on_paint_self</a> from image.o(i.image_on_paint_self) referenced from image.o(.constdata)
 <LI><a href="#[a8]">image_set_prop</a> from image.o(i.image_set_prop) referenced from image.o(.constdata)
 <LI><a href="#[aa]">label_on_paint_self</a> from label.o(i.label_on_paint_self) referenced from label.o(.constdata)
 <LI><a href="#[49]">lcd_mem_begin_frame</a> from lcd_mem_rgb565.o(i.lcd_mem_begin_frame) referenced from lcd_mem_rgb565.o(i.lcd_mem_create)
 <LI><a href="#[54]">lcd_mem_destroy</a> from lcd_mem_rgb565.o(i.lcd_mem_destroy) referenced from lcd_mem_rgb565.o(i.lcd_mem_create)
 <LI><a href="#[4e]">lcd_mem_draw_glyph</a> from lcd_mem_rgb565.o(i.lcd_mem_draw_glyph) referenced from lcd_mem_rgb565.o(i.lcd_mem_create)
 <LI><a href="#[4b]">lcd_mem_draw_hline</a> from lcd_mem_rgb565.o(i.lcd_mem_draw_hline) referenced from lcd_mem_rgb565.o(i.lcd_mem_create)
 <LI><a href="#[4d]">lcd_mem_draw_image</a> from lcd_mem_rgb565.o(i.lcd_mem_draw_image) referenced from lcd_mem_rgb565.o(i.lcd_mem_create)
 <LI><a href="#[4f]">lcd_mem_draw_points</a> from lcd_mem_rgb565.o(i.lcd_mem_draw_points) referenced from lcd_mem_rgb565.o(i.lcd_mem_create)
 <LI><a href="#[4a]">lcd_mem_draw_vline</a> from lcd_mem_rgb565.o(i.lcd_mem_draw_vline) referenced from lcd_mem_rgb565.o(i.lcd_mem_create)
 <LI><a href="#[53]">lcd_mem_end_frame</a> from lcd_mem_rgb565.o(i.lcd_mem_end_frame) referenced from lcd_mem_rgb565.o(i.lcd_mem_create)
 <LI><a href="#[4c]">lcd_mem_fill_rect</a> from lcd_mem_rgb565.o(i.lcd_mem_fill_rect) referenced from lcd_mem_rgb565.o(i.lcd_mem_create)
 <LI><a href="#[50]">lcd_mem_get_point_color</a> from lcd_mem_rgb565.o(i.lcd_mem_get_point_color) referenced from lcd_mem_rgb565.o(i.lcd_mem_create)
 <LI><a href="#[51]">lcd_mem_get_vgcanvas</a> from lcd_mem_rgb565.o(i.lcd_mem_get_vgcanvas) referenced from lcd_mem_rgb565.o(i.lcd_mem_create)
 <LI><a href="#[52]">lcd_mem_take_snapshot</a> from lcd_mem_rgb565.o(i.lcd_mem_take_snapshot) referenced from lcd_mem_rgb565.o(i.lcd_mem_create)
 <LI><a href="#[56]">main_loop_raw_destroy</a> from main_loop_rt1052_raw.o(i.main_loop_raw_destroy) referenced from main_loop_rt1052_raw.o(i.main_loop_init)
 <LI><a href="#[57]">main_loop_raw_dispatch</a> from main_loop_rt1052_raw.o(i.main_loop_raw_dispatch) referenced from main_loop_rt1052_raw.o(i.main_loop_init)
 <LI><a href="#[59]">main_loop_simple_queue_event</a> from main_loop_simple.o(i.main_loop_simple_queue_event) referenced from main_loop_simple.o(i.main_loop_simple_init)
 <LI><a href="#[58]">main_loop_simple_run</a> from main_loop_simple.o(i.main_loop_simple_run) referenced from main_loop_simple.o(i.main_loop_simple_init)
 <LI><a href="#[5b]">on_cancel</a> from demo_ui_app.o(i.on_cancel) referenced from demo_ui_app.o(i.on_show_dialog)
 <LI><a href="#[5c]">on_close</a> from demo_ui_app.o(i.on_close) referenced from demo_ui_app.o(i.on_show_window1)
 <LI><a href="#[5c]">on_close</a> from demo_ui_app.o(i.on_close) referenced from demo_ui_app.o(i.on_show_window2)
 <LI><a href="#[40]">on_dec</a> from demo_ui_app.o(i.on_dec) referenced from demo_ui_app.o(i.application_init)
 <LI><a href="#[3f]">on_inc</a> from demo_ui_app.o(i.on_inc) referenced from demo_ui_app.o(i.application_init)
 <LI><a href="#[5a]">on_ok</a> from demo_ui_app.o(i.on_ok) referenced from demo_ui_app.o(i.on_show_dialog)
 <LI><a href="#[41]">on_show_dialog</a> from demo_ui_app.o(i.on_show_dialog) referenced from demo_ui_app.o(i.application_init)
 <LI><a href="#[41]">on_show_dialog</a> from demo_ui_app.o(i.on_show_dialog) referenced from demo_ui_app.o(i.on_show_window1)
 <LI><a href="#[41]">on_show_dialog</a> from demo_ui_app.o(i.on_show_dialog) referenced from demo_ui_app.o(i.on_show_window2)
 <LI><a href="#[42]">on_show_window1</a> from demo_ui_app.o(i.on_show_window1) referenced from demo_ui_app.o(i.application_init)
 <LI><a href="#[43]">on_show_window2</a> from demo_ui_app.o(i.on_show_window2) referenced from demo_ui_app.o(i.application_init)
 <LI><a href="#[7b]">on_window_destroy</a> from window_manager.o(i.on_window_destroy) referenced from window_manager.o(i.window_manager_add_child)
 <LI><a href="#[ab]">progress_bar_get_prop</a> from progress_bar.o(i.progress_bar_get_prop) referenced from progress_bar.o(.constdata)
 <LI><a href="#[ae]">progress_bar_on_paint_self</a> from progress_bar.o(i.progress_bar_on_paint_self) referenced from progress_bar.o(.constdata)
 <LI><a href="#[ac]">progress_bar_set_prop</a> from progress_bar.o(i.progress_bar_set_prop) referenced from progress_bar.o(.constdata)
 <LI><a href="#[5f]">res_cmp_type</a> from resource_manager.o(i.res_cmp_type) referenced from resource_manager.o(i.resource_manager_clear_cache)
 <LI><a href="#[5e]">resource_info_unref</a> from resource_manager.o(i.resource_info_unref) referenced from resource_manager.o(i.resource_manager_clear_cache)
 <LI><a href="#[5e]">resource_info_unref</a> from resource_manager.o(i.resource_info_unref) referenced from resource_manager.o(i.resource_manager_unref)
 <LI><a href="#[b0]">slider_get_prop</a> from slider.o(i.slider_get_prop) referenced from slider.o(.constdata)
 <LI><a href="#[b3]">slider_on_event</a> from slider.o(i.slider_on_event) referenced from slider.o(.constdata)
 <LI><a href="#[b2]">slider_on_paint_self</a> from slider.o(i.slider_on_paint_self) referenced from slider.o(.constdata)
 <LI><a href="#[b1]">slider_set_prop</a> from slider.o(i.slider_set_prop) referenced from slider.o(.constdata)
 <LI><a href="#[55]">snapshot_destroy</a> from lcd_mem_rgb565.o(i.snapshot_destroy) referenced from lcd_mem_rgb565.o(i.lcd_mem_take_snapshot)
 <LI><a href="#[60]">time_now_ms</a> from time.o(i.time_now_ms) referenced from tk.o(i.tk_init_internal)
 <LI><a href="#[7d]">timer_enable_user_input</a> from window_manager.o(i.timer_enable_user_input) referenced from window_manager.o(i.window_manager_paint_animation)
 <LI><a href="#[65]">ui_builder_default_on_end</a> from ui_builder_default.o(i.ui_builder_default_on_end) referenced from ui_builder_default.o(i.ui_builder_default)
 <LI><a href="#[64]">ui_builder_default_on_widget_end</a> from ui_builder_default.o(i.ui_builder_default_on_widget_end) referenced from ui_builder_default.o(i.ui_builder_default)
 <LI><a href="#[62]">ui_builder_default_on_widget_prop</a> from ui_builder_default.o(i.ui_builder_default_on_widget_prop) referenced from ui_builder_default.o(i.ui_builder_default)
 <LI><a href="#[63]">ui_builder_default_on_widget_prop_end</a> from ui_builder_default.o(i.ui_builder_default_on_widget_prop_end) referenced from ui_builder_default.o(i.ui_builder_default)
 <LI><a href="#[61]">ui_builder_default_on_widget_start</a> from ui_builder_default.o(i.ui_builder_default_on_widget_start) referenced from ui_builder_default.o(i.ui_builder_default)
 <LI><a href="#[cd]">ui_loader_load_default</a> from ui_loader_default.o(i.ui_loader_load_default) referenced from ui_loader_default.o(.constdata)
 <LI><a href="#[c3]">widget_destroy_default</a> from widget_vtable.o(i.widget_destroy_default) referenced from widget_vtable.o(.constdata)
 <LI><a href="#[c2]">widget_find_target_default</a> from widget_vtable.o(i.widget_find_target_default) referenced from widget_vtable.o(.constdata)
 <LI><a href="#[b4]">widget_get_prop_default</a> from widget_vtable.o(i.widget_get_prop_default) referenced from widget_vtable.o(.constdata)
 <LI><a href="#[c0]">widget_grab_default</a> from widget_vtable.o(i.widget_grab_default) referenced from widget_vtable.o(.constdata)
 <LI><a href="#[be]">widget_invalidate_default</a> from widget_vtable.o(i.widget_invalidate_default) referenced from widget_vtable.o(.constdata)
 <LI><a href="#[b6]">widget_on_click_default</a> from widget_vtable.o(i.widget_on_click_default) referenced from widget_vtable.o(.constdata)
 <LI><a href="#[bf]">widget_on_event_default</a> from widget_vtable.o(i.widget_on_event_default) referenced from widget_vtable.o(.constdata)
 <LI><a href="#[b8]">widget_on_keydown_default</a> from widget_vtable.o(i.widget_on_keydown_default) referenced from widget_vtable.o(.constdata)
 <LI><a href="#[b7]">widget_on_keyup_default</a> from widget_vtable.o(i.widget_on_keyup_default) referenced from widget_vtable.o(.constdata)
 <LI><a href="#[ad]">widget_on_paint_background_null</a> from widget_vtable.o(i.widget_on_paint_background_null) referenced 2 times from progress_bar.o(.constdata)
 <LI><a href="#[ba]">widget_on_paint_children_default</a> from widget_vtable.o(i.widget_on_paint_children_default) referenced from widget_vtable.o(.constdata)
 <LI><a href="#[af]">widget_on_paint_done_null</a> from widget_vtable.o(i.widget_on_paint_done_null) referenced 2 times from progress_bar.o(.constdata)
 <LI><a href="#[b9]">widget_on_paint_self_default</a> from widget_vtable.o(i.widget_on_paint_self_default) referenced from widget_vtable.o(.constdata)
 <LI><a href="#[bb]">widget_on_pointer_down_default</a> from widget_vtable.o(i.widget_on_pointer_down_default) referenced from widget_vtable.o(.constdata)
 <LI><a href="#[bc]">widget_on_pointer_move_default</a> from widget_vtable.o(i.widget_on_pointer_move_default) referenced from widget_vtable.o(.constdata)
 <LI><a href="#[bd]">widget_on_pointer_up_default</a> from widget_vtable.o(i.widget_on_pointer_up_default) referenced from widget_vtable.o(.constdata)
 <LI><a href="#[b5]">widget_set_prop_default</a> from widget_vtable.o(i.widget_set_prop_default) referenced from widget_vtable.o(.constdata)
 <LI><a href="#[c1]">widget_ungrab_default</a> from widget_vtable.o(i.widget_ungrab_default) referenced from widget_vtable.o(.constdata)
 <LI><a href="#[6b]">window_animator_begin_frame_overlap</a> from window_animator.o(i.window_animator_begin_frame_overlap) referenced from window_animator_fb.o(i.window_animator_create_bottom_to_top)
 <LI><a href="#[6b]">window_animator_begin_frame_overlap</a> from window_animator.o(i.window_animator_begin_frame_overlap) referenced from window_animator_fb.o(i.window_animator_create_fade)
 <LI><a href="#[6b]">window_animator_begin_frame_overlap</a> from window_animator.o(i.window_animator_begin_frame_overlap) referenced from window_animator_fb.o(i.window_animator_create_scale)
 <LI><a href="#[6b]">window_animator_begin_frame_overlap</a> from window_animator.o(i.window_animator_begin_frame_overlap) referenced from window_animator_fb.o(i.window_animator_create_top_to_bottom)
 <LI><a href="#[67]">window_animator_close_destroy</a> from window_animator_fb.o(i.window_animator_close_destroy) referenced from window_animator_fb.o(i.window_animator_create_bottom_to_top)
 <LI><a href="#[67]">window_animator_close_destroy</a> from window_animator_fb.o(i.window_animator_close_destroy) referenced from window_animator_fb.o(i.window_animator_create_fade)
 <LI><a href="#[67]">window_animator_close_destroy</a> from window_animator_fb.o(i.window_animator_close_destroy) referenced from window_animator_fb.o(i.window_animator_create_htranslate)
 <LI><a href="#[67]">window_animator_close_destroy</a> from window_animator_fb.o(i.window_animator_close_destroy) referenced from window_animator_fb.o(i.window_animator_create_scale)
 <LI><a href="#[67]">window_animator_close_destroy</a> from window_animator_fb.o(i.window_animator_close_destroy) referenced from window_animator_fb.o(i.window_animator_create_top_to_bottom)
 <LI><a href="#[67]">window_animator_close_destroy</a> from window_animator_fb.o(i.window_animator_close_destroy) referenced from window_animator_fb.o(i.window_animator_create_vtranslate)
 <LI><a href="#[6a]">window_animator_open_bottom_to_top_draw_curr</a> from window_animator_fb.o(i.window_animator_open_bottom_to_top_draw_curr) referenced from window_animator_fb.o(i.window_animator_create_bottom_to_top)
 <LI><a href="#[69]">window_animator_open_bottom_to_top_draw_prev</a> from window_animator_fb.o(i.window_animator_open_bottom_to_top_draw_prev) referenced from window_animator_fb.o(i.window_animator_create_bottom_to_top)
 <LI><a href="#[68]">window_animator_open_bottom_to_top_update_percent</a> from window_animator_fb.o(i.window_animator_open_bottom_to_top_update_percent) referenced from window_animator_fb.o(i.window_animator_create_bottom_to_top)
 <LI><a href="#[66]">window_animator_open_destroy</a> from window_animator_fb.o(i.window_animator_open_destroy) referenced from window_animator_fb.o(i.window_animator_create_bottom_to_top)
 <LI><a href="#[66]">window_animator_open_destroy</a> from window_animator_fb.o(i.window_animator_open_destroy) referenced from window_animator_fb.o(i.window_animator_create_fade)
 <LI><a href="#[66]">window_animator_open_destroy</a> from window_animator_fb.o(i.window_animator_open_destroy) referenced from window_animator_fb.o(i.window_animator_create_htranslate)
 <LI><a href="#[66]">window_animator_open_destroy</a> from window_animator_fb.o(i.window_animator_open_destroy) referenced from window_animator_fb.o(i.window_animator_create_scale)
 <LI><a href="#[66]">window_animator_open_destroy</a> from window_animator_fb.o(i.window_animator_open_destroy) referenced from window_animator_fb.o(i.window_animator_create_top_to_bottom)
 <LI><a href="#[66]">window_animator_open_destroy</a> from window_animator_fb.o(i.window_animator_open_destroy) referenced from window_animator_fb.o(i.window_animator_create_vtranslate)
 <LI><a href="#[6e]">window_animator_open_fade_draw_curr</a> from window_animator_fb.o(i.window_animator_open_fade_draw_curr) referenced from window_animator_fb.o(i.window_animator_create_fade)
 <LI><a href="#[6d]">window_animator_open_fade_draw_prev</a> from window_animator_fb.o(i.window_animator_open_fade_draw_prev) referenced from window_animator_fb.o(i.window_animator_create_fade)
 <LI><a href="#[6c]">window_animator_open_fade_update_percent</a> from window_animator_fb.o(i.window_animator_open_fade_update_percent) referenced from window_animator_fb.o(i.window_animator_create_fade)
 <LI><a href="#[71]">window_animator_open_htranslate_draw_curr</a> from window_animator_fb.o(i.window_animator_open_htranslate_draw_curr) referenced from window_animator_fb.o(i.window_animator_create_htranslate)
 <LI><a href="#[70]">window_animator_open_htranslate_draw_prev</a> from window_animator_fb.o(i.window_animator_open_htranslate_draw_prev) referenced from window_animator_fb.o(i.window_animator_create_htranslate)
 <LI><a href="#[6f]">window_animator_open_htranslate_update_percent</a> from window_animator_fb.o(i.window_animator_open_htranslate_update_percent) referenced from window_animator_fb.o(i.window_animator_create_htranslate)
 <LI><a href="#[74]">window_animator_open_scale_draw_curr</a> from window_animator_fb.o(i.window_animator_open_scale_draw_curr) referenced from window_animator_fb.o(i.window_animator_create_scale)
 <LI><a href="#[73]">window_animator_open_scale_draw_prev</a> from window_animator_fb.o(i.window_animator_open_scale_draw_prev) referenced from window_animator_fb.o(i.window_animator_create_scale)
 <LI><a href="#[72]">window_animator_open_scale_update_percent</a> from window_animator_fb.o(i.window_animator_open_scale_update_percent) referenced from window_animator_fb.o(i.window_animator_create_scale)
 <LI><a href="#[77]">window_animator_open_top_to_bottom_draw_curr</a> from window_animator_fb.o(i.window_animator_open_top_to_bottom_draw_curr) referenced from window_animator_fb.o(i.window_animator_create_top_to_bottom)
 <LI><a href="#[76]">window_animator_open_top_to_bottom_draw_prev</a> from window_animator_fb.o(i.window_animator_open_top_to_bottom_draw_prev) referenced from window_animator_fb.o(i.window_animator_create_top_to_bottom)
 <LI><a href="#[75]">window_animator_open_top_to_bottom_update_percent</a> from window_animator_fb.o(i.window_animator_open_top_to_bottom_update_percent) referenced from window_animator_fb.o(i.window_animator_create_top_to_bottom)
 <LI><a href="#[7a]">window_animator_open_vtranslate_draw_curr</a> from window_animator_fb.o(i.window_animator_open_vtranslate_draw_curr) referenced from window_animator_fb.o(i.window_animator_create_vtranslate)
 <LI><a href="#[79]">window_animator_open_vtranslate_draw_prev</a> from window_animator_fb.o(i.window_animator_open_vtranslate_draw_prev) referenced from window_animator_fb.o(i.window_animator_create_vtranslate)
 <LI><a href="#[78]">window_animator_open_vtranslate_update_percent</a> from window_animator_fb.o(i.window_animator_open_vtranslate_update_percent) referenced from window_animator_fb.o(i.window_animator_create_vtranslate)
 <LI><a href="#[c7]">window_destroy</a> from window.o(i.window_destroy) referenced from window.o(.constdata)
 <LI><a href="#[c4]">window_get_prop</a> from window.o(i.window_get_prop) referenced from window.o(.constdata)
 <LI><a href="#[7c]">window_manager_check_if_need_open_animation</a> from window_manager.o(i.window_manager_check_if_need_open_animation) referenced from window_manager.o(i.window_manager_add_child)
 <LI><a href="#[cc]">window_manager_find_target</a> from window_manager.o(i.window_manager_find_target) referenced from window_manager.o(.constdata)
 <LI><a href="#[ca]">window_manager_grab</a> from window_manager.o(i.window_manager_grab) referenced from window_manager.o(.constdata)
 <LI><a href="#[7e]">window_manager_idle_destroy_window</a> from window_manager.o(i.window_manager_idle_destroy_window) referenced from window_manager.o(i.window_manager_remove_child)
 <LI><a href="#[c9]">window_manager_invalidate</a> from window_manager.o(i.window_manager_invalidate) referenced from window_manager.o(.constdata)
 <LI><a href="#[c8]">window_manager_on_paint_children</a> from window_manager.o(i.window_manager_on_paint_children) referenced from window_manager.o(.constdata)
 <LI><a href="#[cb]">window_manager_ungrab</a> from window_manager.o(i.window_manager_ungrab) referenced from window_manager.o(.constdata)
 <LI><a href="#[c6]">window_on_paint_self</a> from window.o(i.window_on_paint_self) referenced from window.o(.constdata)
 <LI><a href="#[c5]">window_set_prop</a> from window.o(i.window_set_prop) referenced from window.o(.constdata)
</UL>
<P>
<H3>
Global Symbols
</H3>
<P><STRONG><a name="[178]"></a>__main</STRONG> (Thumb, 8 bytes, Stack size 0 bytes, __main.o(!!!main))
<BR><BR>[Calls]<UL><LI><a href="#[17a]">&gt;&gt;</a>&nbsp;&nbsp;&nbsp;__rt_entry
<LI><a href="#[179]">&gt;&gt;</a>&nbsp;&nbsp;&nbsp;__scatterload
</UL>

<P><STRONG><a name="[179]"></a>__scatterload</STRONG> (Thumb, 0 bytes, Stack size unknown bytes, __scatter.o(!!!scatter))
<BR><BR>[Called By]<UL><LI><a href="#[178]">&gt;&gt;</a>&nbsp;&nbsp;&nbsp;__main
</UL>

<P><STRONG><a name="[17b]"></a>__scatterload_rt2</STRONG> (Thumb, 44 bytes, Stack size unknown bytes, __scatter.o(!!!scatter), UNUSED)
<BR><BR>[Calls]<UL><LI><a href="#[17a]">&gt;&gt;</a>&nbsp;&nbsp;&nbsp;__rt_entry
</UL>

<P><STRONG><a name="[3fe]"></a>__scatterload_rt2_thumb_only</STRONG> (Thumb, 0 bytes, Stack size unknown bytes, __scatter.o(!!!scatter), UNUSED)

<P><STRONG><a name="[3ff]"></a>__scatterload_null</STRONG> (Thumb, 0 bytes, Stack size unknown bytes, __scatter.o(!!!scatter), UNUSED)

<P><STRONG><a name="[17c]"></a>__scatterload_copy</STRONG> (Thumb, 26 bytes, Stack size unknown bytes, __scatter_copy.o(!!handler_copy), UNUSED)
<BR><BR>[Calls]<UL><LI><a href="#[17c]">&gt;&gt;</a>&nbsp;&nbsp;&nbsp;__scatterload_copy
</UL>
<BR>[Called By]<UL><LI><a href="#[17c]">&gt;&gt;</a>&nbsp;&nbsp;&nbsp;__scatterload_copy
</UL>

<P><STRONG><a name="[400]"></a>__scatterload_zeroinit</STRONG> (Thumb, 28 bytes, Stack size unknown bytes, __scatter_zi.o(!!handler_zi), UNUSED)

<P><STRONG><a name="[190]"></a>_printf_percent</STRONG> (Thumb, 0 bytes, Stack size unknown bytes, _printf_percent.o(.ARM.Collect$$_printf_percent$$00000000))
<BR><BR>[Called By]<UL><LI><a href="#[18f]">&gt;&gt;</a>&nbsp;&nbsp;&nbsp;__printf
</UL>

<P><STRONG><a name="[17d]"></a>_printf_s</STRONG> (Thumb, 0 bytes, Stack size unknown bytes, _printf_s.o(.ARM.Collect$$_printf_percent$$00000014))
<BR><BR>[Stack]<UL><LI>Max Depth = 24 + Unknown Stack Size
<LI>Call Chain = _printf_s &rArr; _printf_string &rArr; _printf_cs_common &rArr; _printf_str
</UL>
<BR>[Calls]<UL><LI><a href="#[17e]">&gt;&gt;</a>&nbsp;&nbsp;&nbsp;_printf_string
</UL>

<P><STRONG><a name="[401]"></a>_printf_percent_end</STRONG> (Thumb, 0 bytes, Stack size unknown bytes, _printf_percent_end.o(.ARM.Collect$$_printf_percent$$00000017))

<P><STRONG><a name="[183]"></a>__rt_lib_init</STRONG> (Thumb, 0 bytes, Stack size unknown bytes, libinit.o(.ARM.Collect$$libinit$$00000000))
<BR><BR>[Called By]<UL><LI><a href="#[182]">&gt;&gt;</a>&nbsp;&nbsp;&nbsp;__rt_entry_li
</UL>

<P><STRONG><a name="[402]"></a>__rt_lib_init_fp_1</STRONG> (Thumb, 0 bytes, Stack size unknown bytes, libinit2.o(.ARM.Collect$$libinit$$00000002))

<P><STRONG><a name="[403]"></a>__rt_lib_init_heap_1</STRONG> (Thumb, 0 bytes, Stack size unknown bytes, libinit2.o(.ARM.Collect$$libinit$$0000000A))

<P><STRONG><a name="[17f]"></a>__rt_lib_init_lc_common</STRONG> (Thumb, 0 bytes, Stack size unknown bytes, libinit2.o(.ARM.Collect$$libinit$$0000000F))
<BR><BR>[Calls]<UL><LI><a href="#[180]">&gt;&gt;</a>&nbsp;&nbsp;&nbsp;__rt_locale
</UL>

<P><STRONG><a name="[404]"></a>__rt_lib_init_preinit_1</STRONG> (Thumb, 0 bytes, Stack size unknown bytes, libinit2.o(.ARM.Collect$$libinit$$00000004))

<P><STRONG><a name="[405]"></a>__rt_lib_init_rand_1</STRONG> (Thumb, 0 bytes, Stack size unknown bytes, libinit2.o(.ARM.Collect$$libinit$$0000000E))

<P><STRONG><a name="[406]"></a>__rt_lib_init_user_alloc_1</STRONG> (Thumb, 0 bytes, Stack size unknown bytes, libinit2.o(.ARM.Collect$$libinit$$0000000C))

<P><STRONG><a name="[407]"></a>__rt_lib_init_lc_collate_1</STRONG> (Thumb, 0 bytes, Stack size unknown bytes, libinit2.o(.ARM.Collect$$libinit$$00000011))

<P><STRONG><a name="[181]"></a>__rt_lib_init_lc_ctype_2</STRONG> (Thumb, 0 bytes, Stack size unknown bytes, libinit2.o(.ARM.Collect$$libinit$$00000012))
<BR><BR>[Stack]<UL><LI>Max Depth = 8 + Unknown Stack Size
<LI>Call Chain = __rt_lib_init_lc_ctype_2 &rArr; _get_lc_ctype
</UL>
<BR>[Calls]<UL><LI><a href="#[9]">&gt;&gt;</a>&nbsp;&nbsp;&nbsp;_get_lc_ctype
</UL>

<P><STRONG><a name="[408]"></a>__rt_lib_init_alloca_1</STRONG> (Thumb, 0 bytes, Stack size unknown bytes, libinit2.o(.ARM.Collect$$libinit$$0000002E))

<P><STRONG><a name="[409]"></a>__rt_lib_init_argv_1</STRONG> (Thumb, 0 bytes, Stack size unknown bytes, libinit2.o(.ARM.Collect$$libinit$$0000002C))

<P><STRONG><a name="[40a]"></a>__rt_lib_init_atexit_1</STRONG> (Thumb, 0 bytes, Stack size unknown bytes, libinit2.o(.ARM.Collect$$libinit$$0000001B))

<P><STRONG><a name="[40b]"></a>__rt_lib_init_clock_1</STRONG> (Thumb, 0 bytes, Stack size unknown bytes, libinit2.o(.ARM.Collect$$libinit$$00000021))

<P><STRONG><a name="[40c]"></a>__rt_lib_init_cpp_1</STRONG> (Thumb, 0 bytes, Stack size unknown bytes, libinit2.o(.ARM.Collect$$libinit$$00000032))

<P><STRONG><a name="[40d]"></a>__rt_lib_init_exceptions_1</STRONG> (Thumb, 0 bytes, Stack size unknown bytes, libinit2.o(.ARM.Collect$$libinit$$00000030))

<P><STRONG><a name="[40e]"></a>__rt_lib_init_fp_trap_1</STRONG> (Thumb, 0 bytes, Stack size unknown bytes, libinit2.o(.ARM.Collect$$libinit$$0000001F))

<P><STRONG><a name="[40f]"></a>__rt_lib_init_getenv_1</STRONG> (Thumb, 0 bytes, Stack size unknown bytes, libinit2.o(.ARM.Collect$$libinit$$00000023))

<P><STRONG><a name="[410]"></a>__rt_lib_init_lc_ctype_1</STRONG> (Thumb, 0 bytes, Stack size unknown bytes, libinit2.o(.ARM.Collect$$libinit$$00000013))

<P><STRONG><a name="[411]"></a>__rt_lib_init_lc_monetary_1</STRONG> (Thumb, 0 bytes, Stack size unknown bytes, libinit2.o(.ARM.Collect$$libinit$$00000015))

<P><STRONG><a name="[412]"></a>__rt_lib_init_lc_numeric_1</STRONG> (Thumb, 0 bytes, Stack size unknown bytes, libinit2.o(.ARM.Collect$$libinit$$00000017))

<P><STRONG><a name="[413]"></a>__rt_lib_init_lc_time_1</STRONG> (Thumb, 0 bytes, Stack size unknown bytes, libinit2.o(.ARM.Collect$$libinit$$00000019))

<P><STRONG><a name="[414]"></a>__rt_lib_init_return</STRONG> (Thumb, 0 bytes, Stack size unknown bytes, libinit2.o(.ARM.Collect$$libinit$$00000033))

<P><STRONG><a name="[415]"></a>__rt_lib_init_signal_1</STRONG> (Thumb, 0 bytes, Stack size unknown bytes, libinit2.o(.ARM.Collect$$libinit$$0000001D))

<P><STRONG><a name="[416]"></a>__rt_lib_init_stdio_1</STRONG> (Thumb, 0 bytes, Stack size unknown bytes, libinit2.o(.ARM.Collect$$libinit$$00000025))

<P><STRONG><a name="[188]"></a>__rt_lib_shutdown</STRONG> (Thumb, 0 bytes, Stack size unknown bytes, libshutdown.o(.ARM.Collect$$libshutdown$$00000000))
<BR><BR>[Called By]<UL><LI><a href="#[187]">&gt;&gt;</a>&nbsp;&nbsp;&nbsp;__rt_exit_ls
</UL>

<P><STRONG><a name="[417]"></a>__rt_lib_shutdown_cpp_1</STRONG> (Thumb, 0 bytes, Stack size unknown bytes, libshutdown2.o(.ARM.Collect$$libshutdown$$00000002))

<P><STRONG><a name="[418]"></a>__rt_lib_shutdown_fp_trap_1</STRONG> (Thumb, 0 bytes, Stack size unknown bytes, libshutdown2.o(.ARM.Collect$$libshutdown$$00000007))

<P><STRONG><a name="[419]"></a>__rt_lib_shutdown_heap_1</STRONG> (Thumb, 0 bytes, Stack size unknown bytes, libshutdown2.o(.ARM.Collect$$libshutdown$$0000000F))

<P><STRONG><a name="[41a]"></a>__rt_lib_shutdown_return</STRONG> (Thumb, 0 bytes, Stack size unknown bytes, libshutdown2.o(.ARM.Collect$$libshutdown$$00000010))

<P><STRONG><a name="[41b]"></a>__rt_lib_shutdown_signal_1</STRONG> (Thumb, 0 bytes, Stack size unknown bytes, libshutdown2.o(.ARM.Collect$$libshutdown$$0000000A))

<P><STRONG><a name="[41c]"></a>__rt_lib_shutdown_stdio_1</STRONG> (Thumb, 0 bytes, Stack size unknown bytes, libshutdown2.o(.ARM.Collect$$libshutdown$$00000004))

<P><STRONG><a name="[41d]"></a>__rt_lib_shutdown_user_alloc_1</STRONG> (Thumb, 0 bytes, Stack size unknown bytes, libshutdown2.o(.ARM.Collect$$libshutdown$$0000000C))

<P><STRONG><a name="[17a]"></a>__rt_entry</STRONG> (Thumb, 0 bytes, Stack size unknown bytes, __rtentry.o(.ARM.Collect$$rtentry$$00000000))
<BR><BR>[Called By]<UL><LI><a href="#[178]">&gt;&gt;</a>&nbsp;&nbsp;&nbsp;__main
<LI><a href="#[17b]">&gt;&gt;</a>&nbsp;&nbsp;&nbsp;__scatterload_rt2
</UL>

<P><STRONG><a name="[41e]"></a>__rt_entry_presh_1</STRONG> (Thumb, 0 bytes, Stack size unknown bytes, __rtentry2.o(.ARM.Collect$$rtentry$$00000002))

<P><STRONG><a name="[41f]"></a>__rt_entry_sh</STRONG> (Thumb, 0 bytes, Stack size unknown bytes, __rtentry7.o(.ARM.Collect$$rtentry$$00000007))

<P><STRONG><a name="[182]"></a>__rt_entry_li</STRONG> (Thumb, 0 bytes, Stack size unknown bytes, __rtentry2.o(.ARM.Collect$$rtentry$$0000000A))
<BR><BR>[Calls]<UL><LI><a href="#[183]">&gt;&gt;</a>&nbsp;&nbsp;&nbsp;__rt_lib_init
</UL>

<P><STRONG><a name="[420]"></a>__rt_entry_postsh_1</STRONG> (Thumb, 0 bytes, Stack size unknown bytes, __rtentry2.o(.ARM.Collect$$rtentry$$00000009))

<P><STRONG><a name="[184]"></a>__rt_entry_main</STRONG> (Thumb, 0 bytes, Stack size unknown bytes, __rtentry2.o(.ARM.Collect$$rtentry$$0000000D))
<BR><BR>[Stack]<UL><LI>Max Depth = 332 + Unknown Stack Size
<LI>Call Chain = __rt_entry_main &rArr; main &rArr; DbgConsole_Printf &rArr; StrFormatPrintf &rArr; ConvertRadixNumToString
</UL>
<BR>[Calls]<UL><LI><a href="#[185]">&gt;&gt;</a>&nbsp;&nbsp;&nbsp;main
<LI><a href="#[186]">&gt;&gt;</a>&nbsp;&nbsp;&nbsp;exit
</UL>

<P><STRONG><a name="[421]"></a>__rt_entry_postli_1</STRONG> (Thumb, 0 bytes, Stack size unknown bytes, __rtentry2.o(.ARM.Collect$$rtentry$$0000000C))

<P><STRONG><a name="[1a1]"></a>__rt_exit</STRONG> (Thumb, 0 bytes, Stack size unknown bytes, rtexit.o(.ARM.Collect$$rtexit$$00000000))
<BR><BR>[Called By]<UL><LI><a href="#[186]">&gt;&gt;</a>&nbsp;&nbsp;&nbsp;exit
</UL>

<P><STRONG><a name="[187]"></a>__rt_exit_ls</STRONG> (Thumb, 0 bytes, Stack size unknown bytes, rtexit2.o(.ARM.Collect$$rtexit$$00000003))
<BR><BR>[Calls]<UL><LI><a href="#[188]">&gt;&gt;</a>&nbsp;&nbsp;&nbsp;__rt_lib_shutdown
</UL>

<P><STRONG><a name="[422]"></a>__rt_exit_prels_1</STRONG> (Thumb, 0 bytes, Stack size unknown bytes, rtexit2.o(.ARM.Collect$$rtexit$$00000002))

<P><STRONG><a name="[189]"></a>__rt_exit_exit</STRONG> (Thumb, 0 bytes, Stack size unknown bytes, rtexit2.o(.ARM.Collect$$rtexit$$00000004))
<BR><BR>[Calls]<UL><LI><a href="#[18a]">&gt;&gt;</a>&nbsp;&nbsp;&nbsp;_sys_exit
</UL>

<P><STRONG><a name="[18b]"></a>__rt_ctype_table</STRONG> (Thumb, 16 bytes, Stack size 8 bytes, rt_ctype_table.o(.text))
<BR><BR>[Stack]<UL><LI>Max Depth = 8<LI>Call Chain = __rt_ctype_table
</UL>
<BR>[Calls]<UL><LI><a href="#[180]">&gt;&gt;</a>&nbsp;&nbsp;&nbsp;__rt_locale
</UL>
<BR>[Called By]<UL><LI><a href="#[2b9]">&gt;&gt;</a>&nbsp;&nbsp;&nbsp;edit_on_key_down
<LI><a href="#[193]">&gt;&gt;</a>&nbsp;&nbsp;&nbsp;strtol
</UL>

<P><STRONG><a name="[1d4]"></a>__aeabi_uldivmod</STRONG> (Thumb, 0 bytes, Stack size 48 bytes, lludivv7m.o(.text))
<BR><BR>[Stack]<UL><LI>Max Depth = 48<LI>Call Chain = __aeabi_uldivmod
</UL>
<BR>[Called By]<UL><LI><a href="#[1bb]">&gt;&gt;</a>&nbsp;&nbsp;&nbsp;CLOCK_GetPllFreq
<LI><a href="#[1b5]">&gt;&gt;</a>&nbsp;&nbsp;&nbsp;SystemCoreClockUpdate
</UL>

<P><STRONG><a name="[423]"></a>_ll_udiv</STRONG> (Thumb, 238 bytes, Stack size 48 bytes, lludivv7m.o(.text), UNUSED)

<P><STRONG><a name="[18c]"></a>__2snprintf</STRONG> (Thumb, 48 bytes, Stack size 32 bytes, noretval__2snprintf.o(.text))
<BR><BR>[Stack]<UL><LI>Max Depth = 120 + Unknown Stack Size
<LI>Call Chain = __2snprintf &rArr; _printf_char_common &rArr; __printf
</UL>
<BR>[Calls]<UL><LI><a href="#[18e]">&gt;&gt;</a>&nbsp;&nbsp;&nbsp;_sputc
<LI><a href="#[18d]">&gt;&gt;</a>&nbsp;&nbsp;&nbsp;_printf_char_common
</UL>
<BR>[Called By]<UL><LI><a href="#[310]">&gt;&gt;</a>&nbsp;&nbsp;&nbsp;locale_change
</UL>

<P><STRONG><a name="[18f]"></a>__printf</STRONG> (Thumb, 104 bytes, Stack size 24 bytes, __printf.o(.text))
<BR><BR>[Stack]<UL><LI>Max Depth = 24 + Unknown Stack Size
<LI>Call Chain = __printf
</UL>
<BR>[Calls]<UL><LI><a href="#[190]">&gt;&gt;</a>&nbsp;&nbsp;&nbsp;_printf_percent
</UL>
<BR>[Called By]<UL><LI><a href="#[18d]">&gt;&gt;</a>&nbsp;&nbsp;&nbsp;_printf_char_common
</UL>

<P><STRONG><a name="[19d]"></a>_printf_str</STRONG> (Thumb, 82 bytes, Stack size 16 bytes, _printf_str.o(.text))
<BR><BR>[Stack]<UL><LI>Max Depth = 16<LI>Call Chain = _printf_str
</UL>
<BR>[Called By]<UL><LI><a href="#[19c]">&gt;&gt;</a>&nbsp;&nbsp;&nbsp;_printf_cs_common
</UL>

<P><STRONG><a name="[191]"></a>atoi</STRONG> (Thumb, 26 bytes, Stack size 16 bytes, atoi.o(.text))
<BR><BR>[Stack]<UL><LI>Max Depth = 88<LI>Call Chain = atoi &rArr; strtol &rArr; _strtoul
</UL>
<BR>[Calls]<UL><LI><a href="#[193]">&gt;&gt;</a>&nbsp;&nbsp;&nbsp;strtol
<LI><a href="#[192]">&gt;&gt;</a>&nbsp;&nbsp;&nbsp;__aeabi_errno_addr
</UL>
<BR>[Called By]<UL><LI><a href="#[28a]">&gt;&gt;</a>&nbsp;&nbsp;&nbsp;children_layout_parser
</UL>

<P><STRONG><a name="[28b]"></a>strchr</STRONG> (Thumb, 20 bytes, Stack size 0 bytes, strchr.o(.text))
<BR><BR>[Called By]<UL><LI><a href="#[28a]">&gt;&gt;</a>&nbsp;&nbsp;&nbsp;children_layout_parser
</UL>

<P><STRONG><a name="[378]"></a>strcpy</STRONG> (Thumb, 72 bytes, Stack size 12 bytes, strcpy.o(.text))
<BR><BR>[Stack]<UL><LI>Max Depth = 12<LI>Call Chain = strcpy
</UL>
<BR>[Called By]<UL><LI><a href="#[360]">&gt;&gt;</a>&nbsp;&nbsp;&nbsp;tk_ftoa
</UL>

<P><STRONG><a name="[1fc]"></a>strlen</STRONG> (Thumb, 62 bytes, Stack size 8 bytes, strlen.o(.text))
<BR><BR>[Stack]<UL><LI>Max Depth = 8<LI>Call Chain = strlen
</UL>
<BR>[Called By]<UL><LI><a href="#[2c6]">&gt;&gt;</a>&nbsp;&nbsp;&nbsp;wstr_set_utf8
<LI><a href="#[2c1]">&gt;&gt;</a>&nbsp;&nbsp;&nbsp;style_get_str
<LI><a href="#[33e]">&gt;&gt;</a>&nbsp;&nbsp;&nbsp;rbuffer_read_string
<LI><a href="#[1d7]">&gt;&gt;</a>&nbsp;&nbsp;&nbsp;StrFormatPrintf
<LI><a href="#[360]">&gt;&gt;</a>&nbsp;&nbsp;&nbsp;tk_ftoa
<LI><a href="#[363]">&gt;&gt;</a>&nbsp;&nbsp;&nbsp;str_set_with_len
<LI><a href="#[ae]">&gt;&gt;</a>&nbsp;&nbsp;&nbsp;progress_bar_on_paint_self
</UL>

<P><STRONG><a name="[30f]"></a>__aeabi_memcpy</STRONG> (Thumb, 0 bytes, Stack size 0 bytes, rt_memcpy_v6.o(.text))
<BR><BR>[Called By]<UL><LI><a href="#[33d]">&gt;&gt;</a>&nbsp;&nbsp;&nbsp;rbuffer_read_binary
<LI><a href="#[21e]">&gt;&gt;</a>&nbsp;&nbsp;&nbsp;tk_realloc
<LI><a href="#[52]">&gt;&gt;</a>&nbsp;&nbsp;&nbsp;lcd_mem_take_snapshot
</UL>

<P><STRONG><a name="[194]"></a>__rt_memcpy</STRONG> (Thumb, 138 bytes, Stack size 0 bytes, rt_memcpy_v6.o(.text), UNUSED)
<BR><BR>[Calls]<UL><LI><a href="#[195]">&gt;&gt;</a>&nbsp;&nbsp;&nbsp;__aeabi_memcpy4
</UL>

<P><STRONG><a name="[424]"></a>_memcpy_lastbytes</STRONG> (Thumb, 0 bytes, Stack size unknown bytes, rt_memcpy_v6.o(.text), UNUSED)

<P><STRONG><a name="[195]"></a>__aeabi_memcpy4</STRONG> (Thumb, 0 bytes, Stack size 8 bytes, rt_memcpy_w.o(.text))
<BR><BR>[Stack]<UL><LI>Max Depth = 8<LI>Call Chain = __aeabi_memcpy4
</UL>
<BR>[Called By]<UL><LI><a href="#[2d4]">&gt;&gt;</a>&nbsp;&nbsp;&nbsp;event_queue_send
<LI><a href="#[2d3]">&gt;&gt;</a>&nbsp;&nbsp;&nbsp;event_queue_recv
<LI><a href="#[80]">&gt;&gt;</a>&nbsp;&nbsp;&nbsp;button_on_event
<LI><a href="#[38a]">&gt;&gt;</a>&nbsp;&nbsp;&nbsp;widget_set_parsed_self_layout_params
<LI><a href="#[2fa]">&gt;&gt;</a>&nbsp;&nbsp;&nbsp;image_manager_lookup
<LI><a href="#[2f3]">&gt;&gt;</a>&nbsp;&nbsp;&nbsp;image_manager_add
<LI><a href="#[2ff]">&gt;&gt;</a>&nbsp;&nbsp;&nbsp;image_set_image
<LI><a href="#[381]">&gt;&gt;</a>&nbsp;&nbsp;&nbsp;tk_mem_stat
<LI><a href="#[1a2]">&gt;&gt;</a>&nbsp;&nbsp;&nbsp;APP_ELCDIF_Init
<LI><a href="#[31d]">&gt;&gt;</a>&nbsp;&nbsp;&nbsp;main_loop_post_pointer_event
<LI><a href="#[194]">&gt;&gt;</a>&nbsp;&nbsp;&nbsp;__rt_memcpy
</UL>

<P><STRONG><a name="[425]"></a>__aeabi_memcpy8</STRONG> (Thumb, 0 bytes, Stack size 8 bytes, rt_memcpy_w.o(.text), UNUSED)

<P><STRONG><a name="[426]"></a>__rt_memcpy_w</STRONG> (Thumb, 100 bytes, Stack size 8 bytes, rt_memcpy_w.o(.text), UNUSED)

<P><STRONG><a name="[427]"></a>_memcpy_lastbytes_aligned</STRONG> (Thumb, 0 bytes, Stack size unknown bytes, rt_memcpy_w.o(.text), UNUSED)

<P><STRONG><a name="[199]"></a>__aeabi_memclr</STRONG> (Thumb, 0 bytes, Stack size 0 bytes, rt_memclr.o(.text))
<BR><BR>[Called By]<UL><LI><a href="#[218]">&gt;&gt;</a>&nbsp;&nbsp;&nbsp;tk_calloc
<LI><a href="#[336]">&gt;&gt;</a>&nbsp;&nbsp;&nbsp;tk_mem_init
<LI><a href="#[198]">&gt;&gt;</a>&nbsp;&nbsp;&nbsp;strncpy
</UL>

<P><STRONG><a name="[196]"></a>__rt_memclr</STRONG> (Thumb, 68 bytes, Stack size 0 bytes, rt_memclr.o(.text), UNUSED)
<BR><BR>[Calls]<UL><LI><a href="#[197]">&gt;&gt;</a>&nbsp;&nbsp;&nbsp;_memset_w
</UL>

<P><STRONG><a name="[428]"></a>_memset</STRONG> (Thumb, 0 bytes, Stack size unknown bytes, rt_memclr.o(.text), UNUSED)

<P><STRONG><a name="[1a5]"></a>__aeabi_memclr4</STRONG> (Thumb, 0 bytes, Stack size 4 bytes, rt_memclr_w.o(.text))
<BR><BR>[Stack]<UL><LI>Max Depth = 4<LI>Call Chain = __aeabi_memclr4
</UL>
<BR>[Called By]<UL><LI><a href="#[223]">&gt;&gt;</a>&nbsp;&nbsp;&nbsp;awtk_lcd_init
<LI><a href="#[1a9]">&gt;&gt;</a>&nbsp;&nbsp;&nbsp;FT5406_RT_Init
<LI><a href="#[1d6]">&gt;&gt;</a>&nbsp;&nbsp;&nbsp;DbgConsole_Printf
<LI><a href="#[225]">&gt;&gt;</a>&nbsp;&nbsp;&nbsp;awtk_touch_init
<LI><a href="#[2d0]">&gt;&gt;</a>&nbsp;&nbsp;&nbsp;event_queue_create
<LI><a href="#[26f]">&gt;&gt;</a>&nbsp;&nbsp;&nbsp;canvas_init
<LI><a href="#[315]">&gt;&gt;</a>&nbsp;&nbsp;&nbsp;locale_deinit
<LI><a href="#[2f9]">&gt;&gt;</a>&nbsp;&nbsp;&nbsp;image_manager_load
<LI><a href="#[2ff]">&gt;&gt;</a>&nbsp;&nbsp;&nbsp;image_set_image
<LI><a href="#[368]">&gt;&gt;</a>&nbsp;&nbsp;&nbsp;timer_manager_dispatch
<LI><a href="#[360]">&gt;&gt;</a>&nbsp;&nbsp;&nbsp;tk_ftoa
<LI><a href="#[33f]">&gt;&gt;</a>&nbsp;&nbsp;&nbsp;resource_info_destroy
<LI><a href="#[381]">&gt;&gt;</a>&nbsp;&nbsp;&nbsp;tk_mem_stat
<LI><a href="#[3a2]">&gt;&gt;</a>&nbsp;&nbsp;&nbsp;widget_destroy
<LI><a href="#[52]">&gt;&gt;</a>&nbsp;&nbsp;&nbsp;lcd_mem_take_snapshot
<LI><a href="#[66]">&gt;&gt;</a>&nbsp;&nbsp;&nbsp;window_animator_open_destroy
<LI><a href="#[384]">&gt;&gt;</a>&nbsp;&nbsp;&nbsp;ui_builder_default
<LI><a href="#[1a4]">&gt;&gt;</a>&nbsp;&nbsp;&nbsp;AWTK_Touch_Init
<LI><a href="#[31f]">&gt;&gt;</a>&nbsp;&nbsp;&nbsp;main_loop_simple_reset
<LI><a href="#[31b]">&gt;&gt;</a>&nbsp;&nbsp;&nbsp;main_loop_simple_init
</UL>

<P><STRONG><a name="[429]"></a>__aeabi_memclr8</STRONG> (Thumb, 0 bytes, Stack size 4 bytes, rt_memclr_w.o(.text), UNUSED)

<P><STRONG><a name="[42a]"></a>__rt_memclr_w</STRONG> (Thumb, 78 bytes, Stack size 4 bytes, rt_memclr_w.o(.text), UNUSED)

<P><STRONG><a name="[197]"></a>_memset_w</STRONG> (Thumb, 0 bytes, Stack size unknown bytes, rt_memclr_w.o(.text), UNUSED)
<BR><BR>[Called By]<UL><LI><a href="#[196]">&gt;&gt;</a>&nbsp;&nbsp;&nbsp;__rt_memclr
</UL>

<P><STRONG><a name="[198]"></a>strncpy</STRONG> (Thumb, 86 bytes, Stack size 8 bytes, strncpy.o(.text))
<BR><BR>[Stack]<UL><LI>Max Depth = 8<LI>Call Chain = strncpy
</UL>
<BR>[Calls]<UL><LI><a href="#[199]">&gt;&gt;</a>&nbsp;&nbsp;&nbsp;__aeabi_memclr
</UL>
<BR>[Called By]<UL><LI><a href="#[310]">&gt;&gt;</a>&nbsp;&nbsp;&nbsp;locale_change
<LI><a href="#[2f3]">&gt;&gt;</a>&nbsp;&nbsp;&nbsp;image_manager_add
<LI><a href="#[360]">&gt;&gt;</a>&nbsp;&nbsp;&nbsp;tk_ftoa
<LI><a href="#[363]">&gt;&gt;</a>&nbsp;&nbsp;&nbsp;str_set_with_len
</UL>

<P><STRONG><a name="[286]"></a>strcmp</STRONG> (Thumb, 104 bytes, Stack size 0 bytes, strcmpv7m_pel.o(.text))
<BR><BR>[Called By]<UL><LI><a href="#[2d5]">&gt;&gt;</a>&nbsp;&nbsp;&nbsp;find_item
<LI><a href="#[a3]">&gt;&gt;</a>&nbsp;&nbsp;&nbsp;edit_set_prop
<LI><a href="#[a2]">&gt;&gt;</a>&nbsp;&nbsp;&nbsp;edit_get_prop
<LI><a href="#[2a4]">&gt;&gt;</a>&nbsp;&nbsp;&nbsp;widget_set_prop
<LI><a href="#[299]">&gt;&gt;</a>&nbsp;&nbsp;&nbsp;widget_get_prop
<LI><a href="#[86]">&gt;&gt;</a>&nbsp;&nbsp;&nbsp;dialog_set_prop
<LI><a href="#[85]">&gt;&gt;</a>&nbsp;&nbsp;&nbsp;dialog_get_prop
<LI><a href="#[289]">&gt;&gt;</a>&nbsp;&nbsp;&nbsp;value_bool
<LI><a href="#[82]">&gt;&gt;</a>&nbsp;&nbsp;&nbsp;check_button_set_prop
<LI><a href="#[81]">&gt;&gt;</a>&nbsp;&nbsp;&nbsp;check_button_get_prop
<LI><a href="#[310]">&gt;&gt;</a>&nbsp;&nbsp;&nbsp;locale_change
<LI><a href="#[2fa]">&gt;&gt;</a>&nbsp;&nbsp;&nbsp;image_manager_lookup
<LI><a href="#[a8]">&gt;&gt;</a>&nbsp;&nbsp;&nbsp;image_set_prop
<LI><a href="#[a7]">&gt;&gt;</a>&nbsp;&nbsp;&nbsp;image_get_prop
<LI><a href="#[35d]">&gt;&gt;</a>&nbsp;&nbsp;&nbsp;str_eq
<LI><a href="#[b1]">&gt;&gt;</a>&nbsp;&nbsp;&nbsp;slider_set_prop
<LI><a href="#[b0]">&gt;&gt;</a>&nbsp;&nbsp;&nbsp;slider_get_prop
<LI><a href="#[349]">&gt;&gt;</a>&nbsp;&nbsp;&nbsp;resource_manager_find_in_cache
<LI><a href="#[ac]">&gt;&gt;</a>&nbsp;&nbsp;&nbsp;progress_bar_set_prop
<LI><a href="#[ab]">&gt;&gt;</a>&nbsp;&nbsp;&nbsp;progress_bar_get_prop
<LI><a href="#[c5]">&gt;&gt;</a>&nbsp;&nbsp;&nbsp;window_set_prop
<LI><a href="#[c4]">&gt;&gt;</a>&nbsp;&nbsp;&nbsp;window_get_prop
<LI><a href="#[62]">&gt;&gt;</a>&nbsp;&nbsp;&nbsp;ui_builder_default_on_widget_prop
<LI><a href="#[3bd]">&gt;&gt;</a>&nbsp;&nbsp;&nbsp;window_animator_create
<LI><a href="#[46]">&gt;&gt;</a>&nbsp;&nbsp;&nbsp;font_bitmap_match
<LI><a href="#[9]">&gt;&gt;</a>&nbsp;&nbsp;&nbsp;_get_lc_ctype
</UL>

<P><STRONG><a name="[180]"></a>__rt_locale</STRONG> (Thumb, 8 bytes, Stack size 0 bytes, rt_locale_intlibspace.o(.text))
<BR><BR>[Called By]<UL><LI><a href="#[18b]">&gt;&gt;</a>&nbsp;&nbsp;&nbsp;__rt_ctype_table
<LI><a href="#[17f]">&gt;&gt;</a>&nbsp;&nbsp;&nbsp;__rt_lib_init_lc_common
</UL>

<P><STRONG><a name="[192]"></a>__aeabi_errno_addr</STRONG> (Thumb, 8 bytes, Stack size 0 bytes, rt_errno_addr_intlibspace.o(.text))
<BR><BR>[Called By]<UL><LI><a href="#[19f]">&gt;&gt;</a>&nbsp;&nbsp;&nbsp;_strtoul
<LI><a href="#[193]">&gt;&gt;</a>&nbsp;&nbsp;&nbsp;strtol
<LI><a href="#[19b]">&gt;&gt;</a>&nbsp;&nbsp;&nbsp;__set_errno
<LI><a href="#[19a]">&gt;&gt;</a>&nbsp;&nbsp;&nbsp;__read_errno
<LI><a href="#[191]">&gt;&gt;</a>&nbsp;&nbsp;&nbsp;atoi
</UL>

<P><STRONG><a name="[42b]"></a>__errno$intlibspace</STRONG> (Thumb, 0 bytes, Stack size 0 bytes, rt_errno_addr_intlibspace.o(.text), UNUSED)

<P><STRONG><a name="[42c]"></a>__rt_errno_addr$intlibspace</STRONG> (Thumb, 0 bytes, Stack size 0 bytes, rt_errno_addr_intlibspace.o(.text), UNUSED)

<P><STRONG><a name="[19a]"></a>__read_errno</STRONG> (Thumb, 10 bytes, Stack size 8 bytes, _rserrno.o(.text), UNUSED)
<BR><BR>[Calls]<UL><LI><a href="#[192]">&gt;&gt;</a>&nbsp;&nbsp;&nbsp;__aeabi_errno_addr
</UL>

<P><STRONG><a name="[19b]"></a>__set_errno</STRONG> (Thumb, 12 bytes, Stack size 8 bytes, _rserrno.o(.text))
<BR><BR>[Stack]<UL><LI>Max Depth = 8<LI>Call Chain = __set_errno
</UL>
<BR>[Calls]<UL><LI><a href="#[192]">&gt;&gt;</a>&nbsp;&nbsp;&nbsp;__aeabi_errno_addr
</UL>
<BR>[Called By]<UL><LI><a href="#[2ac]">&gt;&gt;</a>&nbsp;&nbsp;&nbsp;sqrt
<LI><a href="#[2af]">&gt;&gt;</a>&nbsp;&nbsp;&nbsp;sin
<LI><a href="#[2b0]">&gt;&gt;</a>&nbsp;&nbsp;&nbsp;pow
<LI><a href="#[28c]">&gt;&gt;</a>&nbsp;&nbsp;&nbsp;cos
</UL>

<P><STRONG><a name="[18d]"></a>_printf_char_common</STRONG> (Thumb, 32 bytes, Stack size 64 bytes, _printf_char_common.o(.text))
[...]
<BR><BR>[Stack]<UL><LI>Max Depth = 104<LI>Call Chain = window_animator_open_top_to_bottom_draw_curr &rArr; lcd_draw_image
</UL>
<BR>[Calls]<UL><LI><a href="#[27b]">&gt;&gt;</a>&nbsp;&nbsp;&nbsp;lcd_set_global_alpha
<LI><a href="#[245]">&gt;&gt;</a>&nbsp;&nbsp;&nbsp;lcd_draw_image
<LI><a href="#[261]">&gt;&gt;</a>&nbsp;&nbsp;&nbsp;__aeabi_fmul
<LI><a href="#[24c]">&gt;&gt;</a>&nbsp;&nbsp;&nbsp;__aeabi_i2f
<LI><a href="#[24f]">&gt;&gt;</a>&nbsp;&nbsp;&nbsp;__aeabi_f2iz
</UL>
<BR>[Address Reference Count : 1]<UL><LI> window_animator_fb.o(i.window_animator_create_top_to_bottom)
</UL>
<P><STRONG><a name="[76]"></a>window_animator_open_top_to_bottom_draw_prev</STRONG> (Thumb, 300 bytes, Stack size 72 bytes, window_animator_fb.o(i.window_animator_open_top_to_bottom_draw_prev))
<BR><BR>[Stack]<UL><LI>Max Depth = 96<LI>Call Chain = window_animator_open_top_to_bottom_draw_prev &rArr; lcd_draw_image
</UL>
<BR>[Calls]<UL><LI><a href="#[245]">&gt;&gt;</a>&nbsp;&nbsp;&nbsp;lcd_draw_image
<LI><a href="#[24b]">&gt;&gt;</a>&nbsp;&nbsp;&nbsp;__aeabi_cfrcmple
<LI><a href="#[261]">&gt;&gt;</a>&nbsp;&nbsp;&nbsp;__aeabi_fmul
<LI><a href="#[24c]">&gt;&gt;</a>&nbsp;&nbsp;&nbsp;__aeabi_i2f
<LI><a href="#[24f]">&gt;&gt;</a>&nbsp;&nbsp;&nbsp;__aeabi_f2iz
</UL>
<BR>[Address Reference Count : 1]<UL><LI> window_animator_fb.o(i.window_animator_create_top_to_bottom)
</UL>
<P><STRONG><a name="[75]"></a>window_animator_open_top_to_bottom_update_percent</STRONG> (Thumb, 80 bytes, Stack size 16 bytes, window_animator_fb.o(i.window_animator_open_top_to_bottom_update_percent))
<BR><BR>[Stack]<UL><LI>Max Depth = 32<LI>Call Chain = window_animator_open_top_to_bottom_update_percent &rArr; __aeabi_fmul
</UL>
<BR>[Calls]<UL><LI><a href="#[261]">&gt;&gt;</a>&nbsp;&nbsp;&nbsp;__aeabi_fmul
<LI><a href="#[2a9]">&gt;&gt;</a>&nbsp;&nbsp;&nbsp;__aeabi_frsub
<LI><a href="#[2a8]">&gt;&gt;</a>&nbsp;&nbsp;&nbsp;__aeabi_fadd
</UL>
<BR>[Address Reference Count : 1]<UL><LI> window_animator_fb.o(i.window_animator_create_top_to_bottom)
</UL>
<P><STRONG><a name="[7a]"></a>window_animator_open_vtranslate_draw_curr</STRONG> (Thumb, 158 bytes, Stack size 72 bytes, window_animator_fb.o(i.window_animator_open_vtranslate_draw_curr))
<BR><BR>[Stack]<UL><LI>Max Depth = 96<LI>Call Chain = window_animator_open_vtranslate_draw_curr &rArr; lcd_draw_image
</UL>
<BR>[Calls]<UL><LI><a href="#[245]">&gt;&gt;</a>&nbsp;&nbsp;&nbsp;lcd_draw_image
<LI><a href="#[261]">&gt;&gt;</a>&nbsp;&nbsp;&nbsp;__aeabi_fmul
<LI><a href="#[24c]">&gt;&gt;</a>&nbsp;&nbsp;&nbsp;__aeabi_i2f
<LI><a href="#[24f]">&gt;&gt;</a>&nbsp;&nbsp;&nbsp;__aeabi_f2iz
<LI><a href="#[24e]">&gt;&gt;</a>&nbsp;&nbsp;&nbsp;__aeabi_fsub
</UL>
<BR>[Address Reference Count : 1]<UL><LI> window_animator_fb.o(i.window_animator_create_vtranslate)
</UL>
<P><STRONG><a name="[79]"></a>window_animator_open_vtranslate_draw_prev</STRONG> (Thumb, 184 bytes, Stack size 72 bytes, window_animator_fb.o(i.window_animator_open_vtranslate_draw_prev))
<BR><BR>[Stack]<UL><LI>Max Depth = 96<LI>Call Chain = window_animator_open_vtranslate_draw_prev &rArr; lcd_draw_image
</UL>
<BR>[Calls]<UL><LI><a href="#[245]">&gt;&gt;</a>&nbsp;&nbsp;&nbsp;lcd_draw_image
<LI><a href="#[261]">&gt;&gt;</a>&nbsp;&nbsp;&nbsp;__aeabi_fmul
<LI><a href="#[24c]">&gt;&gt;</a>&nbsp;&nbsp;&nbsp;__aeabi_i2f
<LI><a href="#[24f]">&gt;&gt;</a>&nbsp;&nbsp;&nbsp;__aeabi_f2iz
<LI><a href="#[24e]">&gt;&gt;</a>&nbsp;&nbsp;&nbsp;__aeabi_fsub
</UL>
<BR>[Address Reference Count : 1]<UL><LI> window_animator_fb.o(i.window_animator_create_vtranslate)
</UL>
<P><STRONG><a name="[78]"></a>window_animator_open_vtranslate_update_percent</STRONG> (Thumb, 64 bytes, Stack size 24 bytes, window_animator_fb.o(i.window_animator_open_vtranslate_update_percent))
<BR><BR>[Stack]<UL><LI>Max Depth = 40<LI>Call Chain = window_animator_open_vtranslate_update_percent &rArr; __aeabi_fmul
</UL>
<BR>[Calls]<UL><LI><a href="#[261]">&gt;&gt;</a>&nbsp;&nbsp;&nbsp;__aeabi_fmul
<LI><a href="#[24e]">&gt;&gt;</a>&nbsp;&nbsp;&nbsp;__aeabi_fsub
<LI><a href="#[2a8]">&gt;&gt;</a>&nbsp;&nbsp;&nbsp;__aeabi_fadd
</UL>
<BR>[Address Reference Count : 1]<UL><LI> window_animator_fb.o(i.window_animator_create_vtranslate)
</UL>
<P><STRONG><a name="[3c6]"></a>window_animator_prepare</STRONG> (Thumb, 152 bytes, Stack size 48 bytes, window_animator_fb.o(i.window_animator_prepare))
<BR><BR>[Stack]<UL><LI>Max Depth = 456<LI>Call Chain = window_animator_prepare &rArr; widget_paint &rArr; widget_on_paint_background &rArr; widget_draw_background &rArr; canvas_draw_image_ex &rArr; canvas_draw_image_center &rArr; canvas_draw_icon &rArr; canvas_draw_image &rArr; canvas_do_draw_image &rArr; lcd_draw_image
</UL>
<BR>[Calls]<UL><LI><a href="#[26a]">&gt;&gt;</a>&nbsp;&nbsp;&nbsp;canvas_end_frame
<LI><a href="#[241]">&gt;&gt;</a>&nbsp;&nbsp;&nbsp;canvas_begin_frame
<LI><a href="#[3c8]">&gt;&gt;</a>&nbsp;&nbsp;&nbsp;lcd_take_snapshot
<LI><a href="#[3b4]">&gt;&gt;</a>&nbsp;&nbsp;&nbsp;widget_paint
</UL>
<BR>[Called By]<UL><LI><a href="#[3c7]">&gt;&gt;</a>&nbsp;&nbsp;&nbsp;window_animator_create_for_open
<LI><a href="#[3c5]">&gt;&gt;</a>&nbsp;&nbsp;&nbsp;window_animator_create_for_close
</UL>

<P><STRONG><a name="[317]"></a>main_loop_dispatch_events</STRONG> (Thumb, 112 bytes, Stack size 40 bytes, main_loop_simple.o(i.main_loop_dispatch_events))
<BR><BR>[Stack]<UL><LI>Max Depth = 232<LI>Call Chain = main_loop_dispatch_events &rArr; timer_add &rArr; timer_manager_add &rArr; array_push &rArr; array_extend &rArr; tk_realloc &rArr; tk_alloc &rArr; tk_mem_info_dump &rArr; tk_mem_stat &rArr; __aeabi_memcpy4
</UL>
<BR>[Calls]<UL><LI><a href="#[2b7]">&gt;&gt;</a>&nbsp;&nbsp;&nbsp;timer_add
<LI><a href="#[2a0]">&gt;&gt;</a>&nbsp;&nbsp;&nbsp;idle_add
<LI><a href="#[318]">&gt;&gt;</a>&nbsp;&nbsp;&nbsp;window_manager_dispatch_input_event
<LI><a href="#[319]">&gt;&gt;</a>&nbsp;&nbsp;&nbsp;main_loop_simple_recv_event
</UL>
<BR>[Called By]<UL><LI><a href="#[58]">&gt;&gt;</a>&nbsp;&nbsp;&nbsp;main_loop_simple_run
</UL>

<P><STRONG><a name="[32a]"></a>main_loop_dispatch_input</STRONG> (Thumb, 18 bytes, Stack size 8 bytes, main_loop_simple.o(i.main_loop_dispatch_input))
<BR><BR>[Stack]<UL><LI>Max Depth = 8<LI>Call Chain = main_loop_dispatch_input
</UL>
<BR>[Called By]<UL><LI><a href="#[58]">&gt;&gt;</a>&nbsp;&nbsp;&nbsp;main_loop_simple_run
</UL>

<P><STRONG><a name="[59]"></a>main_loop_simple_queue_event</STRONG> (Thumb, 40 bytes, Stack size 24 bytes, main_loop_simple.o(i.main_loop_simple_queue_event))
<BR><BR>[Stack]<UL><LI>Max Depth = 48<LI>Call Chain = main_loop_simple_queue_event &rArr; event_queue_send &rArr; __aeabi_memcpy4
</UL>
<BR>[Calls]<UL><LI><a href="#[2d4]">&gt;&gt;</a>&nbsp;&nbsp;&nbsp;event_queue_send
<LI><a href="#[327]">&gt;&gt;</a>&nbsp;&nbsp;&nbsp;tk_mutex_unlock
<LI><a href="#[326]">&gt;&gt;</a>&nbsp;&nbsp;&nbsp;tk_mutex_lock
</UL>
<BR>[Address Reference Count : 1]<UL><LI> main_loop_simple.o(i.main_loop_simple_init)
</UL>
<P><STRONG><a name="[319]"></a>main_loop_simple_recv_event</STRONG> (Thumb, 34 bytes, Stack size 16 bytes, main_loop_simple.o(i.main_loop_simple_recv_event))
<BR><BR>[Stack]<UL><LI>Max Depth = 40<LI>Call Chain = main_loop_simple_recv_event &rArr; event_queue_recv &rArr; __aeabi_memcpy4
</UL>
<BR>[Calls]<UL><LI><a href="#[2d3]">&gt;&gt;</a>&nbsp;&nbsp;&nbsp;event_queue_recv
<LI><a href="#[327]">&gt;&gt;</a>&nbsp;&nbsp;&nbsp;tk_mutex_unlock
<LI><a href="#[326]">&gt;&gt;</a>&nbsp;&nbsp;&nbsp;tk_mutex_lock
</UL>
<BR>[Called By]<UL><LI><a href="#[317]">&gt;&gt;</a>&nbsp;&nbsp;&nbsp;main_loop_dispatch_events
</UL>

<P><STRONG><a name="[58]"></a>main_loop_simple_run</STRONG> (Thumb, 52 bytes, Stack size 16 bytes, main_loop_simple.o(i.main_loop_simple_run))
<BR><BR>[Stack]<UL><LI>Max Depth = 480<LI>Call Chain = main_loop_simple_run &rArr; window_manager_paint &rArr; window_manager_paint_normal &rArr; widget_paint &rArr; widget_on_paint_background &rArr; widget_draw_background &rArr; canvas_draw_image_ex &rArr; canvas_draw_image_center &rArr; canvas_draw_icon &rArr; canvas_draw_image &rArr; canvas_do_draw_image &rArr; lcd_draw_image
</UL>
<BR>[Calls]<UL><LI><a href="#[32c]">&gt;&gt;</a>&nbsp;&nbsp;&nbsp;main_loop_sleep
<LI><a href="#[2e9]">&gt;&gt;</a>&nbsp;&nbsp;&nbsp;idle_dispatch
<LI><a href="#[329]">&gt;&gt;</a>&nbsp;&nbsp;&nbsp;timer_dispatch
<LI><a href="#[32b]">&gt;&gt;</a>&nbsp;&nbsp;&nbsp;window_manager_paint
<LI><a href="#[32a]">&gt;&gt;</a>&nbsp;&nbsp;&nbsp;main_loop_dispatch_input
<LI><a href="#[317]">&gt;&gt;</a>&nbsp;&nbsp;&nbsp;main_loop_dispatch_events
</UL>
<BR>[Address Reference Count : 1]<UL><LI> main_loop_simple.o(i.main_loop_simple_init)
</UL>
<P><STRONG><a name="[2d8]"></a>find_glyph</STRONG> (Thumb, 56 bytes, Stack size 20 bytes, font_bitmap.o(i.find_glyph))
<BR><BR>[Stack]<UL><LI>Max Depth = 20<LI>Call Chain = find_glyph
</UL>
<BR>[Called By]<UL><LI><a href="#[47]">&gt;&gt;</a>&nbsp;&nbsp;&nbsp;font_bitmap_find_glyph
</UL>

<P><STRONG><a name="[48]"></a>font_bitmap_destroy</STRONG> (Thumb, 14 bytes, Stack size 8 bytes, font_bitmap.o(i.font_bitmap_destroy))
<BR><BR>[Stack]<UL><LI>Max Depth = 40<LI>Call Chain = font_bitmap_destroy &rArr; tk_free &rArr; node_merge &rArr;  node_merge (Cycle)
</UL>
<BR>[Calls]<UL><LI><a href="#[21a]">&gt;&gt;</a>&nbsp;&nbsp;&nbsp;tk_free
</UL>
<BR>[Address Reference Count : 1]<UL><LI> font_bitmap.o(i.font_bitmap_init)
</UL>
<P><STRONG><a name="[47]"></a>font_bitmap_find_glyph</STRONG> (Thumb, 92 bytes, Stack size 40 bytes, font_bitmap.o(i.font_bitmap_find_glyph))
<BR><BR>[Stack]<UL><LI>Max Depth = 60<LI>Call Chain = font_bitmap_find_glyph &rArr; find_glyph
</UL>
<BR>[Calls]<UL><LI><a href="#[2d8]">&gt;&gt;</a>&nbsp;&nbsp;&nbsp;find_glyph
</UL>
<BR>[Address Reference Count : 1]<UL><LI> font_bitmap.o(i.font_bitmap_init)
</UL>
<P><STRONG><a name="[46]"></a>font_bitmap_match</STRONG> (Thumb, 50 bytes, Stack size 24 bytes, font_bitmap.o(i.font_bitmap_match))
<BR><BR>[Stack]<UL><LI>Max Depth = 24<LI>Call Chain = font_bitmap_match
</UL>
<BR>[Calls]<UL><LI><a href="#[286]">&gt;&gt;</a>&nbsp;&nbsp;&nbsp;strcmp
</UL>
<BR>[Address Reference Count : 1]<UL><LI> font_bitmap.o(i.font_bitmap_init)
</UL>
<P><STRONG><a name="[1c9]"></a>CLOCK_SetDiv</STRONG> (Thumb, 76 bytes, Stack size 16 bytes, lcd_support.o(i.CLOCK_SetDiv))
<BR><BR>[Stack]<UL><LI>Max Depth = 16<LI>Call Chain = CLOCK_SetDiv
</UL>
<BR>[Called By]<UL><LI><a href="#[1c6]">&gt;&gt;</a>&nbsp;&nbsp;&nbsp;BOARD_InitLcdifPixelClock
</UL>

<P><STRONG><a name="[1c8]"></a>CLOCK_SetMux</STRONG> (Thumb, 76 bytes, Stack size 16 bytes, lcd_support.o(i.CLOCK_SetMux))
<BR><BR>[Stack]<UL><LI>Max Depth = 16<LI>Call Chain = CLOCK_SetMux
</UL>
<BR>[Called By]<UL><LI><a href="#[1c6]">&gt;&gt;</a>&nbsp;&nbsp;&nbsp;BOARD_InitLcdifPixelClock
</UL>

<P><STRONG><a name="[2e1]"></a>ELCDIF_SetNextBufferAddr</STRONG> (Thumb, 4 bytes, Stack size 0 bytes, lcd_support.o(i.ELCDIF_SetNextBufferAddr))
<BR><BR>[Called By]<UL><LI><a href="#[2e2]">&gt;&gt;</a>&nbsp;&nbsp;&nbsp;get_online_fb
<LI><a href="#[2e0]">&gt;&gt;</a>&nbsp;&nbsp;&nbsp;get_offline_fb
</UL>

<P><STRONG><a name="[1a4]"></a>AWTK_Touch_Init</STRONG> (Thumb, 72 bytes, Stack size 40 bytes, main_loop_rt1052_raw.o(i.AWTK_Touch_Init))
<BR><BR>[Stack]<UL><LI>Max Depth = 184<LI>Call Chain = AWTK_Touch_Init &rArr; FT5406_RT_Init &rArr; LPI2C_MasterTransferBlocking &rArr; LPI2C_MasterReceive &rArr; LPI2C_MasterWaitForTxReady &rArr; LPI2C_MasterCheckAndClearError
</UL>
<BR>[Calls]<UL><LI><a href="#[1a8]">&gt;&gt;</a>&nbsp;&nbsp;&nbsp;LPI2C_MasterInit
<LI><a href="#[1a6]">&gt;&gt;</a>&nbsp;&nbsp;&nbsp;LPI2C_MasterGetDefaultConfig
<LI><a href="#[1a9]">&gt;&gt;</a>&nbsp;&nbsp;&nbsp;FT5406_RT_Init
<LI><a href="#[1a7]">&gt;&gt;</a>&nbsp;&nbsp;&nbsp;CLOCK_GetFreq
<LI><a href="#[1a5]">&gt;&gt;</a>&nbsp;&nbsp;&nbsp;__aeabi_memclr4
</UL>
<BR>[Called By]<UL><LI><a href="#[320]">&gt;&gt;</a>&nbsp;&nbsp;&nbsp;platform_disaptch_input
</UL>

<P><STRONG><a name="[56]"></a>main_loop_raw_destroy</STRONG> (Thumb, 16 bytes, Stack size 16 bytes, main_loop_rt1052_raw.o(i.main_loop_raw_destroy))
<BR><BR>[Stack]<UL><LI>Max Depth = 64<LI>Call Chain = main_loop_raw_destroy &rArr; main_loop_simple_reset &rArr; event_queue_destroy &rArr; tk_free &rArr; node_merge &rArr;  node_merge (Cycle)
</UL>
<BR>[Calls]<UL><LI><a href="#[31f]">&gt;&gt;</a>&nbsp;&nbsp;&nbsp;main_loop_simple_reset
</UL>
<BR>[Address Reference Count : 1]<UL><LI> main_loop_rt1052_raw.o(i.main_loop_init)
</UL>
<P><STRONG><a name="[57]"></a>main_loop_raw_dispatch</STRONG> (Thumb, 14 bytes, Stack size 8 bytes, main_loop_rt1052_raw.o(i.main_loop_raw_dispatch))
<BR><BR>[Stack]<UL><LI>Max Depth = 216<LI>Call Chain = main_loop_raw_dispatch &rArr; platform_disaptch_input &rArr; AWTK_Touch_Init &rArr; FT5406_RT_Init &rArr; LPI2C_MasterTransferBlocking &rArr; LPI2C_MasterReceive &rArr; LPI2C_MasterWaitForTxReady &rArr; LPI2C_MasterCheckAndClearError
</UL>
<BR>[Calls]<UL><LI><a href="#[320]">&gt;&gt;</a>&nbsp;&nbsp;&nbsp;platform_disaptch_input
</UL>
<BR>[Address Reference Count : 1]<UL><LI> main_loop_rt1052_raw.o(i.main_loop_init)
</UL>
<P><STRONG><a name="[31c]"></a>main_loop_raw_init_canvas</STRONG> (Thumb, 42 bytes, Stack size 16 bytes, main_loop_rt1052_raw.o(i.main_loop_raw_init_canvas))
<BR><BR>[Stack]<UL><LI>Max Depth = 240<LI>Call Chain = main_loop_raw_init_canvas &rArr; platform_create_lcd &rArr; lcd_mem_rgb565_create_double_fb &rArr; lcd_mem_create_double_fb &rArr; lcd_mem_create &rArr; tk_calloc &rArr; tk_alloc &rArr; tk_mem_info_dump &rArr; tk_mem_stat &rArr; __aeabi_memcpy4
</UL>
<BR>[Calls]<UL><LI><a href="#[322]">&gt;&gt;</a>&nbsp;&nbsp;&nbsp;font_manager
<LI><a href="#[26f]">&gt;&gt;</a>&nbsp;&nbsp;&nbsp;canvas_init
<LI><a href="#[321]">&gt;&gt;</a>&nbsp;&nbsp;&nbsp;platform_create_lcd
</UL>
<BR>[Called By]<UL><LI><a href="#[31a]">&gt;&gt;</a>&nbsp;&nbsp;&nbsp;main_loop_init
</UL>

<P><STRONG><a name="[5b]"></a>on_cancel</STRONG> (Thumb, 24 bytes, Stack size 16 bytes, demo_ui_app.o(i.on_cancel))
<BR><BR>[Stack]<UL><LI>Max Depth = 88<LI>Call Chain = on_cancel &rArr; tk_mem_info_dump &rArr; tk_mem_stat &rArr; __aeabi_memcpy4
</UL>
<BR>[Calls]<UL><LI><a href="#[2a2]">&gt;&gt;</a>&nbsp;&nbsp;&nbsp;dialog_quit
<LI><a href="#[331]">&gt;&gt;</a>&nbsp;&nbsp;&nbsp;tk_mem_info_dump
</UL>
<BR>[Address Reference Count : 1]<UL><LI> demo_ui_app.o(i.on_show_dialog)
</UL>
<P><STRONG><a name="[5c]"></a>on_close</STRONG> (Thumb, 16 bytes, Stack size 16 bytes, demo_ui_app.o(i.on_close))
<BR><BR>[Stack]<UL><LI>Max Depth = 568<LI>Call Chain = on_close &rArr; window_close &rArr; window_manager_remove_child &rArr; window_manager_check_if_need_close_animation &rArr; window_animator_create_for_close &rArr; window_animator_prepare &rArr; widget_paint &rArr; widget_on_paint_background &rArr; widget_draw_background &rArr; canvas_draw_image_ex &rArr; canvas_draw_image_center &rArr; canvas_draw_icon &rArr; canvas_draw_image &rArr; canvas_do_draw_image &rArr; lcd_draw_image
</UL>
<BR>[Calls]<UL><LI><a href="#[332]">&gt;&gt;</a>&nbsp;&nbsp;&nbsp;window_close
</UL>
<BR>[Address Reference Count : 2]<UL><LI> demo_ui_app.o(i.on_show_window1)
<LI> demo_ui_app.o(i.on_show_window2)
</UL>
<P><STRONG><a name="[40]"></a>on_dec</STRONG> (Thumb, 42 bytes, Stack size 24 bytes, demo_ui_app.o(i.on_dec))
<BR><BR>[Stack]<UL><LI>Max Depth = 92<LI>Call Chain = on_dec &rArr; progress_bar_set_value &rArr; widget_invalidate &rArr; widget_set_dirty &rArr;  widget_set_dirty (Cycle)
</UL>
<BR>[Calls]<UL><LI><a href="#[333]">&gt;&gt;</a>&nbsp;&nbsp;&nbsp;progress_bar_set_value
</UL>
<BR>[Address Reference Count : 1]<UL><LI> demo_ui_app.o(i.application_init)
</UL>
<P><STRONG><a name="[3f]"></a>on_inc</STRONG> (Thumb, 42 bytes, Stack size 24 bytes, demo_ui_app.o(i.on_inc))
<BR><BR>[Stack]<UL><LI>Max Depth = 92<LI>Call Chain = on_inc &rArr; progress_bar_set_value &rArr; widget_invalidate &rArr; widget_set_dirty &rArr;  widget_set_dirty (Cycle)
</UL>
<BR>[Calls]<UL><LI><a href="#[333]">&gt;&gt;</a>&nbsp;&nbsp;&nbsp;progress_bar_set_value
</UL>
<BR>[Address Reference Count : 1]<UL><LI> demo_ui_app.o(i.application_init)
</UL>
<P><STRONG><a name="[5a]"></a>on_ok</STRONG> (Thumb, 24 bytes, Stack size 16 bytes, demo_ui_app.o(i.on_ok))
<BR><BR>[Stack]<UL><LI>Max Depth = 88<LI>Call Chain = on_ok &rArr; tk_mem_info_dump &rArr; tk_mem_stat &rArr; __aeabi_memcpy4
</UL>
<BR>[Calls]<UL><LI><a href="#[2a2]">&gt;&gt;</a>&nbsp;&nbsp;&nbsp;dialog_quit
<LI><a href="#[331]">&gt;&gt;</a>&nbsp;&nbsp;&nbsp;tk_mem_info_dump
</UL>
<BR>[Address Reference Count : 1]<UL><LI> demo_ui_app.o(i.on_show_dialog)
</UL>
<P><STRONG><a name="[41]"></a>on_show_dialog</STRONG> (Thumb, 66 bytes, Stack size 32 bytes, demo_ui_app.o(i.on_show_dialog))
<BR><BR>[Stack]<UL><LI>Max Depth = 248<LI>Call Chain = on_show_dialog &rArr; widget_child_on &rArr; widget_on &rArr; emitter_on &rArr; emitter_extends &rArr; tk_realloc &rArr; tk_alloc &rArr; tk_mem_info_dump &rArr; tk_mem_stat &rArr; __aeabi_memcpy4
</UL>
<BR>[Calls]<UL><LI><a href="#[29c]">&gt;&gt;</a>&nbsp;&nbsp;&nbsp;dialog_modal
<LI><a href="#[331]">&gt;&gt;</a>&nbsp;&nbsp;&nbsp;tk_mem_info_dump
<LI><a href="#[216]">&gt;&gt;</a>&nbsp;&nbsp;&nbsp;widget_child_on
<LI><a href="#[214]">&gt;&gt;</a>&nbsp;&nbsp;&nbsp;window_open
</UL>
<BR>[Address Reference Count : 3]<UL><LI> demo_ui_app.o(i.on_show_window1)
<LI> demo_ui_app.o(i.on_show_window2)
<LI> demo_ui_app.o(i.application_init)
</UL>
<P><STRONG><a name="[42]"></a>on_show_window1</STRONG> (Thumb, 66 bytes, Stack size 24 bytes, demo_ui_app.o(i.on_show_window1))
<BR><BR>[Stack]<UL><LI>Max Depth = 240<LI>Call Chain = on_show_window1 &rArr; widget_child_on &rArr; widget_on &rArr; emitter_on &rArr; emitter_extends &rArr; tk_realloc &rArr; tk_alloc &rArr; tk_mem_info_dump &rArr; tk_mem_stat &rArr; __aeabi_memcpy4
</UL>
<BR>[Calls]<UL><LI><a href="#[216]">&gt;&gt;</a>&nbsp;&nbsp;&nbsp;widget_child_on
<LI><a href="#[214]">&gt;&gt;</a>&nbsp;&nbsp;&nbsp;window_open
</UL>
<BR>[Address Reference Count : 1]<UL><LI> demo_ui_app.o(i.application_init)
</UL>
<P><STRONG><a name="[43]"></a>on_show_window2</STRONG> (Thumb, 66 bytes, Stack size 24 bytes, demo_ui_app.o(i.on_show_window2))
<BR><BR>[Stack]<UL><LI>Max Depth = 240<LI>Call Chain = on_show_window2 &rArr; widget_child_on &rArr; widget_on &rArr; emitter_on &rArr; emitter_extends &rArr; tk_realloc &rArr; tk_alloc &rArr; tk_mem_info_dump &rArr; tk_mem_stat &rArr; __aeabi_memcpy4
</UL>
<BR>[Calls]<UL><LI><a href="#[216]">&gt;&gt;</a>&nbsp;&nbsp;&nbsp;widget_child_on
<LI><a href="#[214]">&gt;&gt;</a>&nbsp;&nbsp;&nbsp;window_open
</UL>
<BR>[Address Reference Count : 1]<UL><LI> demo_ui_app.o(i.application_init)
</UL>
<P><STRONG><a name="[3eb]"></a>_dadd1</STRONG> (Thumb, 0 bytes, Stack size unknown bytes, daddsub_clz.o(x$fpl$dadd), UNUSED)
<BR><BR>[Called By]<UL><LI><a href="#[3ec]">&gt;&gt;</a>&nbsp;&nbsp;&nbsp;_dsub
<LI><a href="#[3ea]">&gt;&gt;</a>&nbsp;&nbsp;&nbsp;_drsb
</UL>

<P><STRONG><a name="[3de]"></a>_dsub1</STRONG> (Thumb, 0 bytes, Stack size unknown bytes, daddsub_clz.o(x$fpl$dsub), UNUSED)
<BR><BR>[Called By]<UL><LI><a href="#[3ea]">&gt;&gt;</a>&nbsp;&nbsp;&nbsp;_drsb
<LI><a href="#[3dd]">&gt;&gt;</a>&nbsp;&nbsp;&nbsp;_dadd
</UL>

<P><STRONG><a name="[3fb]"></a>_fadd1</STRONG> (Thumb, 0 bytes, Stack size unknown bytes, faddsub_clz.o(x$fpl$fadd), UNUSED)
<BR><BR>[Called By]<UL><LI><a href="#[3fc]">&gt;&gt;</a>&nbsp;&nbsp;&nbsp;_fsub
<LI><a href="#[3fa]">&gt;&gt;</a>&nbsp;&nbsp;&nbsp;_frsb
</UL>

<P><STRONG><a name="[3f0]"></a>_fsub1</STRONG> (Thumb, 0 bytes, Stack size unknown bytes, faddsub_clz.o(x$fpl$fsub), UNUSED)
<BR><BR>[Called By]<UL><LI><a href="#[3fa]">&gt;&gt;</a>&nbsp;&nbsp;&nbsp;_frsb
<LI><a href="#[3ef]">&gt;&gt;</a>&nbsp;&nbsp;&nbsp;_fadd
</UL>

<P><STRONG><a name="[b]"></a>_printf_input_char</STRONG> (Thumb, 10 bytes, Stack size 0 bytes, _printf_char_common.o(.text))
<BR>[Address Reference Count : 1]<UL><LI> _printf_char_common.o(.text)
</UL><P>
<H3>
Undefined Global Symbols
</H3><HR></body></html>
