Component: ARM Compiler 5.06 update 6 (build 750) Tool: armlink [4d35ed]

==============================================================================

Section Cross References

    awtk.o(i.main) refers to board.o(i.BOARD_ConfigMPU) for BOARD_ConfigMPU
    awtk.o(i.main) refers to pin_mux.o(i.BOARD_InitPins) for BOARD_InitPins
    awtk.o(i.main) refers to pin_mux.o(i.BOARD_InitSemcPins) for BOARD_InitSemcPins
    awtk.o(i.main) refers to clock_config.o(i.BOARD_BootClockRUN) for BOARD_BootClockRUN
    awtk.o(i.main) refers to lcd_support.o(i.BOARD_InitLcdifPixelClock) for BOARD_InitLcdifPixelClock
    awtk.o(i.main) refers to board.o(i.BOARD_InitDebugConsole) for BOARD_InitDebugConsole
    awtk.o(i.main) refers to lcd_support.o(i.BOARD_InitLcd) for BOARD_InitLcd
    awtk.o(i.main) refers to fsl_debug_console.o(i.DbgConsole_Printf) for DbgConsole_Printf
    awtk.o(i.main) refers to lcd_support.o(i.awtk_lcd_init) for awtk_lcd_init
    awtk.o(i.main) refers to demo_main.o(i.gui_app_start) for gui_app_start
    awtk.o(i.main) refers to system_mimxrt1052.o(.data) for SystemCoreClock
    system_mimxrt1052.o(i.SystemCoreClockUpdate) refers to lludivv7m.o(.text) for __aeabi_uldivmod
    system_mimxrt1052.o(i.SystemCoreClockUpdate) refers to system_mimxrt1052.o(.data) for SystemCoreClock
    system_mimxrt1052.o(i.SystemInit) refers to system_mimxrt1052.o(i.SCB_EnableICache) for SCB_EnableICache
    system_mimxrt1052.o(i.SystemInit) refers to system_mimxrt1052.o(i.SCB_EnableDCache) for SCB_EnableDCache
    startup_mimxrt1052.o(RESET) refers to startup_mimxrt1052.o(RES_HANDLER) for Reset_Handler
    startup_mimxrt1052.o(RESET) refers to startup_mimxrt1052.o(OTHER_HANDLER) for NMI_Handler
    startup_mimxrt1052.o(RESET) refers to platform.o(i.SysTick_Handler) for SysTick_Handler
    startup_mimxrt1052.o(RESET) refers to lcd_support.o(i.LCDIF_IRQHandler) for LCDIF_IRQHandler
    startup_mimxrt1052.o(RES_HANDLER) refers to startup_mimxrt1052.o(RESET) for __Vectors
    startup_mimxrt1052.o(RES_HANDLER) refers to system_mimxrt1052.o(i.SystemInit) for SystemInit
    startup_mimxrt1052.o(RES_HANDLER) refers to __main.o(!!!main) for __main
    startup_mimxrt1052.o(OTHER_HANDLER) refers to fsl_lpuart.o(i.LPUART1_DriverIRQHandler) for LPUART1_DriverIRQHandler
    startup_mimxrt1052.o(OTHER_HANDLER) refers to fsl_lpuart.o(i.LPUART2_DriverIRQHandler) for LPUART2_DriverIRQHandler
    startup_mimxrt1052.o(OTHER_HANDLER) refers to fsl_lpuart.o(i.LPUART3_DriverIRQHandler) for LPUART3_DriverIRQHandler
    startup_mimxrt1052.o(OTHER_HANDLER) refers to fsl_lpuart.o(i.LPUART4_DriverIRQHandler) for LPUART4_DriverIRQHandler
    startup_mimxrt1052.o(OTHER_HANDLER) refers to fsl_lpuart.o(i.LPUART5_DriverIRQHandler) for LPUART5_DriverIRQHandler
    startup_mimxrt1052.o(OTHER_HANDLER) refers to fsl_lpuart.o(i.LPUART6_DriverIRQHandler) for LPUART6_DriverIRQHandler
    startup_mimxrt1052.o(OTHER_HANDLER) refers to fsl_lpuart.o(i.LPUART7_DriverIRQHandler) for LPUART7_DriverIRQHandler
    startup_mimxrt1052.o(OTHER_HANDLER) refers to fsl_lpuart.o(i.LPUART8_DriverIRQHandler) for LPUART8_DriverIRQHandler
    startup_mimxrt1052.o(OTHER_HANDLER) refers to fsl_lpi2c.o(i.LPI2C1_DriverIRQHandler) for LPI2C1_DriverIRQHandler
    startup_mimxrt1052.o(OTHER_HANDLER) refers to fsl_lpi2c.o(i.LPI2C2_DriverIRQHandler) for LPI2C2_DriverIRQHandler
    startup_mimxrt1052.o(OTHER_HANDLER) refers to fsl_lpi2c.o(i.LPI2C3_DriverIRQHandler) for LPI2C3_DriverIRQHandler
    pin_mux.o(i.BOARD_InitPins) refers to pin_mux.o(i.CLOCK_EnableClock) for CLOCK_EnableClock
    pin_mux.o(i.BOARD_InitPins) refers to pin_mux.o(i.IOMUXC_SetPinMux) for IOMUXC_SetPinMux
    pin_mux.o(i.BOARD_InitPins) refers to pin_mux.o(i.IOMUXC_SetPinConfig) for IOMUXC_SetPinConfig
    pin_mux.o(i.BOARD_InitSemcPins) refers to pin_mux.o(i.CLOCK_EnableClock) for CLOCK_EnableClock
    pin_mux.o(i.BOARD_InitSemcPins) refers to pin_mux.o(i.IOMUXC_SetPinMux) for IOMUXC_SetPinMux
    pin_mux.o(i.BOARD_InitSemcPins) refers to pin_mux.o(i.IOMUXC_SetPinConfig) for IOMUXC_SetPinConfig
    board.o(i.BOARD_ConfigMPU) refers to board.o(i.SCB_DisableDCache) for SCB_DisableDCache
    board.o(i.BOARD_ConfigMPU) refers to board.o(i.SCB_EnableDCache) for SCB_EnableDCache
    board.o(i.BOARD_ConfigMPU) refers to board.o(i.SCB_EnableICache) for SCB_EnableICache
    board.o(i.BOARD_DebugConsoleSrcFreq) refers to fsl_clock.o(i.CLOCK_GetPllFreq) for CLOCK_GetPllFreq
    board.o(i.BOARD_DebugConsoleSrcFreq) refers to board.o(i.CLOCK_GetDiv) for CLOCK_GetDiv
    board.o(i.BOARD_DebugConsoleSrcFreq) refers to fsl_clock.o(.data) for g_xtalFreq
    board.o(i.BOARD_InitDebugConsole) refers to board.o(i.BOARD_DebugConsoleSrcFreq) for BOARD_DebugConsoleSrcFreq
    board.o(i.BOARD_InitDebugConsole) refers to fsl_debug_console.o(i.DbgConsole_Init) for DbgConsole_Init
    clock_config.o(i.BOARD_BootClockRUN) refers to clock_config.o(i.CLOCK_SetMux) for CLOCK_SetMux
[...]
    0x60006cb6   0x60006cb6   0x00000004   Code   RO         9683    i.__mathlib_dbl_infnan2  m_ws.l(dunder.o)
    0x60006cba   0x60006cba   0x0000000c   Code   RO         9684    i.__mathlib_dbl_invalid  m_ws.l(dunder.o)
    0x60006cc6   0x60006cc6   0x0000000e   Code   RO         9685    i.__mathlib_dbl_overflow  m_ws.l(dunder.o)
    0x60006cd4   0x60006cd4   0x00000010   Code   RO         9687    i.__mathlib_dbl_underflow  m_ws.l(dunder.o)
    0x60006ce4   0x60006ce4   0x000000d8   Code   RO         9093    i.application_init  demo_ui_app.o
    0x60006dbc   0x60006dbc   0x00000026   Code   RO         1881    i.array_create      array.o
    0x60006de2   0x60006de2   0x0000001c   Code   RO         1882    i.array_deinit      array.o
    0x60006dfe   0x60006dfe   0x0000001c   Code   RO         1883    i.array_destroy     array.o
    0x60006e1a   0x60006e1a   0x00000038   Code   RO         1884    i.array_extend      array.o
    0x60006e52   0x60006e52   0x00000028   Code   RO         1885    i.array_find        array.o
    0x60006e7a   0x60006e7a   0x0000005a   Code   RO         1886    i.array_find_index  array.o
    0x60006ed4   0x60006ed4   0x00000030   Code   RO         1887    i.array_init        array.o
    0x60006f04   0x60006f04   0x0000001e   Code   RO         1888    i.array_pop         array.o
    0x60006f22   0x60006f22   0x00000028   Code   RO         1889    i.array_push        array.o
    0x60006f4a   0x60006f4a   0x0000006e   Code   RO         1890    i.array_remove      array.o
    0x60006fb8   0x60006fb8   0x0000006e   Code   RO         1891    i.array_remove_all  array.o
    0x60007026   0x60007026   0x00000002   PAD
    0x60007028   0x60007028   0x00000040   Code   RO         8960    i.awtk_lcd_init     lcd_support.o
    0x60007068   0x60007068   0x0000001a   Code   RO         3905    i.bitmap_cache_destroy  image_manager.o
    0x60007082   0x60007082   0x00000020   Code   RO         1971    i.bitmap_destroy    bitmap.o
    0x600070a2   0x600070a2   0x0000009e   Code   RO         7331    i.blend_a           blend_image_565_565.o
    0x60007140   0x60007140   0x000000fa   Code   RO         7369    i.blend_a           blend_image_565_8888.o
    0x6000723a   0x6000723a   0x000000da   Code   RO         7403    i.blend_a           blend_image_8888_565.o
    0x60007314   0x60007314   0x000000de   Code   RO         7445    i.blend_a           blend_image_8888_8888.o
    0x600073f2   0x600073f2   0x0000004a   Code   RO         7332    i.blend_image_565_565  blend_image_565_565.o
    0x6000743c   0x6000743c   0x0000004a   Code   RO         7370    i.blend_image_565_8888  blend_image_565_8888.o
    0x60007486   0x60007486   0x0000004a   Code   RO         7404    i.blend_image_8888_565  blend_image_8888_565.o
    0x600074d0   0x600074d0   0x0000004a   Code   RO         7446    i.blend_image_8888_8888  blend_image_8888_8888.o
    0x6000751a   0x6000751a   0x000001ea   Code   RO         7333    i.blend_image_with_alpha  blend_image_565_565.o
    0x60007704   0x60007704   0x000001ea   Code   RO         7371    i.blend_image_with_alpha  blend_image_565_8888.o
    0x600078ee   0x600078ee   0x000001ea   Code   RO         7405    i.blend_image_with_alpha  blend_image_8888_565.o
    0x60007ad8   0x60007ad8   0x000001ea   Code   RO         7447    i.blend_image_with_alpha  blend_image_8888_8888.o
    0x60007cc2   0x60007cc2   0x000001bc   Code   RO         7334    i.blend_image_without_alpha  blend_image_565_565.o
    0x60007e7e   0x60007e7e   0x000001e0   Code   RO         7372    i.blend_image_without_alpha  blend_image_565_8888.o
    0x6000805e   0x6000805e   0x000001d6   Code   RO         7406    i.blend_image_without_alpha  blend_image_8888_565.o
    0x60008234   0x60008234   0x000001e0   Code   RO         7448    i.blend_image_without_alpha  blend_image_8888_8888.o
    0x60008414   0x60008414   0x00000068   Code   RO         7513    i.blend_pixel       lcd_mem_rgb565.o
    0x6000847c   0x6000847c   0x00000054   Code   RO         2114    i.button_create     button.o
    0x600084d0   0x600084d0   0x00000068   Code   RO         2115    i.button_on_event   button.o
    0x60008538   0x60008538   0x00000014   Code   RO         2116    i.button_on_paint_self  button.o
    0x6000854c   0x6000854c   0x00000028   Code   RO         2208    i.canvas_begin_frame  canvas.o
    0x60008574   0x60008574   0x0000014c   Code   RO         2209    i.canvas_do_draw_image  canvas.o
    0x600086c0   0x600086c0   0x000000a0   Code   RO         2213    i.canvas_draw_glyph  canvas.o
    0x60008760   0x60008760   0x0000005c   Code   RO         2215    i.canvas_draw_hline_impl  canvas.o
    0x600087bc   0x600087bc   0x000000ec   Code   RO         2216    i.canvas_draw_icon  canvas.o
    0x600088a8   0x600088a8   0x00000042   Code   RO         2217    i.canvas_draw_image  canvas.o
    0x600088ea   0x600088ea   0x000000e4   Code   RO         2218    i.canvas_draw_image_3patch_x  canvas.o
    0x600089ce   0x600089ce   0x000000e0   Code   RO         2219    i.canvas_draw_image_3patch_x_scale_y  canvas.o
    0x60008aae   0x60008aae   0x000000e6   Code   RO         2220    i.canvas_draw_image_3patch_y  canvas.o
    0x60008b94   0x60008b94   0x000000dc   Code   RO         2221    i.canvas_draw_image_3patch_y_scale_x  canvas.o
    0x60008c70   0x60008c70   0x00000210   Code   RO         2222    i.canvas_draw_image_9patch  canvas.o
    0x60008e80   0x60008e80   0x00000038   Code   RO         2224    i.canvas_draw_image_center  canvas.o
    0x60008eb8   0x60008eb8   0x000000e8   Code   RO         2225    i.canvas_draw_image_ex  canvas.o
    0x60008fa0   0x60008fa0   0x000000a6   Code   RO         2226    i.canvas_draw_image_repeat  canvas.o
    0x60009046   0x60009046   0x0000006c   Code   RO         2227    i.canvas_draw_image_repeat_x  canvas.o
    0x600090b2   0x600090b2   0x0000006c   Code   RO         2228    i.canvas_draw_image_repeat_y  canvas.o
    0x6000911e   0x6000911e   0x000000c6   Code   RO         2229    i.canvas_draw_image_scale  canvas.o
    0x600091e4   0x600091e4   0x000000e2   Code   RO         2230    i.canvas_draw_image_scale_h  canvas.o
    0x600092c6   0x600092c6   0x000000e2   Code   RO         2231    i.canvas_draw_image_scale_w  canvas.o
    0x600093a8   0x600093a8   0x0000004e   Code   RO         2236    i.canvas_draw_text  canvas.o
    0x600093f6   0x600093f6   0x000000b4   Code   RO         2237    i.canvas_draw_text_impl  canvas.o
    0x600094aa   0x600094aa   0x00000026   Code   RO         2238    i.canvas_draw_vline  canvas.o
    0x600094d0   0x600094d0   0x0000005c   Code   RO         2239    i.canvas_draw_vline_impl  canvas.o
    0x6000952c   0x6000952c   0x00000012   Code   RO         2240    i.canvas_end_frame  canvas.o
    0x6000953e   0x6000953e   0x0000002e   Code   RO         2241    i.canvas_fill_rect  canvas.o
    0x6000956c   0x6000956c   0x00000088   Code   RO         2242    i.canvas_fill_rect_impl  canvas.o
    0x600095f4   0x600095f4   0x00000022   Code   RO         2245    i.canvas_init       canvas.o
    0x60009616   0x60009616   0x00000032   Code   RO         2246    i.canvas_measure_text  canvas.o
    0x60009648   0x60009648   0x0000005e   Code   RO         2247    i.canvas_measure_text_default  canvas.o
    0x600096a6   0x600096a6   0x00000060   Code   RO         2248    i.canvas_set_clip_rect  canvas.o
    0x60009706   0x60009706   0x00000016   Code   RO         2249    i.canvas_set_fill_color  canvas.o
    0x6000971c   0x6000971c   0x0000003e   Code   RO         2250    i.canvas_set_font   canvas.o
    0x6000975a   0x6000975a   0x00000018   Code   RO         2251    i.canvas_set_global_alpha  canvas.o
    0x60009772   0x60009772   0x00000016   Code   RO         2252    i.canvas_set_stroke_color  canvas.o
    0x60009788   0x60009788   0x00000016   Code   RO         2253    i.canvas_set_text_color  canvas.o
    0x6000979e   0x6000979e   0x0000002e   Code   RO         2254    i.canvas_stroke_rect  canvas.o
    0x600097cc   0x600097cc   0x00000072   Code   RO         2255    i.canvas_stroke_rect_impl  canvas.o
    0x6000983e   0x6000983e   0x00000018   Code   RO         2257    i.canvas_translate  canvas.o
    0x60009856   0x60009856   0x00000018   Code   RO         2258    i.canvas_untranslate  canvas.o
    0x6000986e   0x6000986e   0x00000002   PAD
    0x60009870   0x60009870   0x00000054   Code   RO         2536    i.check_button_create  check_button.o
    0x600098c4   0x600098c4   0x00000046   Code   RO         2537    i.check_button_create_radio  check_button.o
    0x6000990a   0x6000990a   0x00000002   PAD
    0x6000990c   0x6000990c   0x0000003c   Code   RO         2538    i.check_button_get_prop  check_button.o
    0x60009948   0x60009948   0x00000042   Code   RO         2539    i.check_button_on_event  check_button.o
    0x6000998a   0x6000998a   0x00000014   Code   RO         2540    i.check_button_on_paint_self  check_button.o
    0x6000999e   0x6000999e   0x00000002   PAD
    0x600099a0   0x600099a0   0x00000040   Code   RO         2541    i.check_button_set_prop  check_button.o
    0x600099e0   0x600099e0   0x00000062   Code   RO         2542    i.check_button_set_value  check_button.o
    0x60009a42   0x60009a42   0x00000002   PAD
    0x60009a44   0x60009a44   0x00000050   Code   RO         2543    i.check_button_set_value_only  check_button.o
    0x60009a94   0x60009a94   0x00000088   Code   RO         4057    i.children_layout_parser  layout.o
    0x60009b1c   0x60009b1c   0x00000018   Code   RO         2630    i.color_init        color.o
    0x60009b34   0x60009b34   0x0000009c   Code   RO         9511    i.cos               m_ws.l(cos.o)
    0x60009bd0   0x60009bd0   0x00000008   Code   RO         8008    i.default_ui_loader  ui_loader_default.o
    0x60009bd8   0x60009bd8   0x00000018   Code   RO         8898    i.delay_ms          platform.o
    0x60009bf0   0x60009bf0   0x00000048   Code   RO         2649    i.dialog_client_create  dialog.o
    0x60009c38   0x60009c38   0x00000014   Code   RO         2650    i.dialog_close      dialog.o
    0x60009c4c   0x60009c4c   0x0000009c   Code   RO         2651    i.dialog_create     dialog.o
    0x60009ce8   0x60009ce8   0x00000012   Code   RO         2652    i.dialog_destroy    dialog.o
    0x60009cfa   0x60009cfa   0x00000002   PAD
    0x60009cfc   0x60009cfc   0x00000098   Code   RO         2653    i.dialog_get_prop   dialog.o
    0x60009d94   0x60009d94   0x0000000c   Code   RO         2654    i.dialog_idle_close  dialog.o
    0x60009da0   0x60009da0   0x00000068   Code   RO         2655    i.dialog_modal      dialog.o
    0x60009e08   0x60009e08   0x0000001c   Code   RO         2656    i.dialog_on_paint_self  dialog.o
    0x60009e24   0x60009e24   0x0000004e   Code   RO         2657    i.dialog_on_relayout_children  dialog.o
    0x60009e72   0x60009e72   0x00000022   Code   RO         2658    i.dialog_quit       dialog.o
    0x60009e94   0x60009e94   0x000000d4   Code   RO         2659    i.dialog_set_prop   dialog.o
    0x60009f68   0x60009f68   0x00000048   Code   RO         2661    i.dialog_title_create  dialog.o
    0x60009fb0   0x60009fb0   0x0000003c   Code   RO         2807    i.easing_back_in    easing.o
    0x60009fec   0x60009fec   0x000000cc   Code   RO         2808    i.easing_back_inout  easing.o
    0x6000a0b8   0x6000a0b8   0x00000054   Code   RO         2809    i.easing_back_out   easing.o
    0x6000a10c   0x6000a10c   0x00000020   Code   RO         2810    i.easing_bounce_in  easing.o
    0x6000a12c   0x6000a12c   0x00000084   Code   RO         2811    i.easing_bounce_inout  easing.o
    0x6000a1b0   0x6000a1b0   0x00000194   Code   RO         2812    i.easing_bounce_out  easing.o
    0x6000a344   0x6000a344   0x0000003c   Code   RO         2813    i.easing_circular_in  easing.o
    0x6000a380   0x6000a380   0x000000b4   Code   RO         2814    i.easing_circular_inout  easing.o
    0x6000a434   0x6000a434   0x0000003a   Code   RO         2815    i.easing_circular_out  easing.o
    0x6000a46e   0x6000a46e   0x00000016   Code   RO         2816    i.easing_cubic_in   easing.o
    0x6000a484   0x6000a484   0x0000002c   Code   RO         2817    i.easing_cubic_out  easing.o
    0x6000a4b0   0x6000a4b0   0x000000b4   Code   RO         2818    i.easing_elastic_in  easing.o
    0x6000a564   0x6000a564   0x00000164   Code   RO         2819    i.easing_elastic_inout  easing.o
    0x6000a6c8   0x6000a6c8   0x000000b4   Code   RO         2820    i.easing_elastic_out  easing.o
    0x6000a77c   0x6000a77c   0x0000001c   Code   RO         2821    i.easing_get        easing.o
    0x6000a798   0x6000a798   0x00000002   Code   RO         2822    i.easing_linear     easing.o
    0x6000a79a   0x6000a79a   0x00000002   PAD
    0x6000a79c   0x6000a79c   0x00000044   Code   RO         2823    i.easing_pow_in     easing.o
    0x6000a7e0   0x6000a7e0   0x000000c8   Code   RO         2824    i.easing_pow_inout  easing.o
    0x6000a8a8   0x6000a8a8   0x00000054   Code   RO         2825    i.easing_pow_out    easing.o
    0x6000a8fc   0x6000a8fc   0x0000000e   Code   RO         2826    i.easing_quadratic_in  easing.o
    0x6000a90a   0x6000a90a   0x00000002   PAD
    0x6000a90c   0x6000a90c   0x00000098   Code   RO         2827    i.easing_quadratic_inout  easing.o
    0x6000a9a4   0x6000a9a4   0x00000018   Code   RO         2828    i.easing_quadratic_out  easing.o
    0x6000a9bc   0x6000a9bc   0x000000ac   Code   RO         2829    i.easing_sin_in     easing.o
    0x6000aa68   0x6000aa68   0x00000038   Code   RO         2830    i.easing_sin_inout  easing.o
    0x6000aaa0   0x6000aaa0   0x0000004c   Code   RO         2831    i.easing_sin_out    easing.o
    0x6000aaec   0x6000aaec   0x00000058   Code   RO         2951    i.edit_create       edit.o
    0x6000ab44   0x6000ab44   0x00000140   Code   RO         2952    i.edit_get_prop     edit.o
    0x6000ac84   0x6000ac84   0x00000036   Code   RO         2953    i.edit_is_valid_value  edit.o
    0x6000acba   0x6000acba   0x00000002   PAD
    0x6000acbc   0x6000acbc   0x00000068   Code   RO         2954    i.edit_on_event     edit.o
    0x6000ad24   0x6000ad24   0x000000b8   Code   RO         2955    i.edit_on_key_down  edit.o
    0x6000addc   0x6000addc   0x00000006   Code   RO         2956    i.edit_on_key_up    edit.o
    0x6000ade2   0x6000ade2   0x0000013a   Code   RO         2957    i.edit_on_paint_self  edit.o
    0x6000af1c   0x6000af1c   0x0000019c   Code   RO         2962    i.edit_set_prop     edit.o
    0x6000b0b8   0x6000b0b8   0x0000001c   Code   RO         2964    i.edit_set_text_limit  edit.o
    0x6000b0d4   0x6000b0d4   0x00000046   Code   RO         2965    i.edit_update_carent  edit.o
    0x6000b11a   0x6000b11a   0x00000042   Code   RO         2966    i.edit_update_status  edit.o
    0x6000b15c   0x6000b15c   0x00000014   Code   RO         3086    i.emitter_create    emitter.o
    0x6000b170   0x6000b170   0x00000018   Code   RO         3087    i.emitter_deinit    emitter.o
    0x6000b188   0x6000b188   0x0000001a   Code   RO         3088    i.emitter_destroy   emitter.o
    0x6000b1a2   0x6000b1a2   0x00000054   Code   RO         3090    i.emitter_dispatch  emitter.o
    0x6000b1f6   0x6000b1f6   0x0000005c   Code   RO         3092    i.emitter_extends   emitter.o
    0x6000b252   0x6000b252   0x0000001a   Code   RO         3094    i.emitter_init      emitter.o
    0x6000b26c   0x6000b26c   0x0000004a   Code   RO         3097    i.emitter_on        emitter.o
    0x6000b2b6   0x6000b2b6   0x0000003a   Code   RO         3339    i.event_queue_create  event_queue.o
    0x6000b2f0   0x6000b2f0   0x00000014   Code   RO         3340    i.event_queue_destroy  event_queue.o
    0x6000b304   0x6000b304   0x00000050   Code   RO         3341    i.event_queue_recv  event_queue.o
    0x6000b354   0x6000b354   0x0000005a   Code   RO         3343    i.event_queue_send  event_queue.o
    0x6000b3ae   0x6000b3ae   0x00000038   Code   RO         8687    i.find_glyph        font_bitmap.o
    0x6000b3e6   0x6000b3e6   0x0000003c   Code   RO         3208    i.find_item         enums.o
    0x6000b422   0x6000b422   0x00000036   Code   RO         8688    i.font_bitmap_create  font_bitmap.o
    0x6000b458   0x6000b458   0x0000000e   Code   RO         8689    i.font_bitmap_destroy  font_bitmap.o
    0x6000b466   0x6000b466   0x0000005c   Code   RO         8690    i.font_bitmap_find_glyph  font_bitmap.o
    0x6000b4c2   0x6000b4c2   0x00000002   PAD
    0x6000b4c4   0x6000b4c4   0x00000030   Code   RO         8691    i.font_bitmap_init  font_bitmap.o
    0x6000b4f4   0x6000b4f4   0x00000032   Code   RO         8692    i.font_bitmap_match  font_bitmap.o
    0x6000b526   0x6000b526   0x00000016   Code   RO         3449    i.font_destroy      font.o
    0x6000b53c   0x6000b53c   0x0000002a   Code   RO         3450    i.font_find_glyph   font.o
    0x6000b566   0x6000b566   0x00000002   PAD
    0x6000b568   0x6000b568   0x0000000c   Code   RO         3483    i.font_manager      font_manager.o
    0x6000b574   0x6000b574   0x00000018   Code   RO         3484    i.font_manager_add  font_manager.o
    0x6000b58c   0x6000b58c   0x00000014   Code   RO         3485    i.font_manager_create  font_manager.o
    0x6000b5a0   0x6000b5a0   0x00000036   Code   RO         3486    i.font_manager_deinit  font_manager.o
    0x6000b5d6   0x6000b5d6   0x0000001a   Code   RO         3487    i.font_manager_destroy  font_manager.o
    0x6000b5f0   0x6000b5f0   0x00000054   Code   RO         3488    i.font_manager_find  font_manager.o
    0x6000b644   0x6000b644   0x00000016   Code   RO         3489    i.font_manager_init  font_manager.o
    0x6000b65a   0x6000b65a   0x00000002   PAD
    0x6000b65c   0x6000b65c   0x00000010   Code   RO         3490    i.font_manager_set  font_manager.o
    0x6000b66c   0x6000b66c   0x0000001e   Code   RO         3451    i.font_match        font.o
    0x6000b68a   0x6000b68a   0x0000001a   Code   RO         9753    i.fputc             c_w.l(fputc.o)
    0x6000b6a4   0x6000b6a4   0x000000a0   Code   RO         5478    i.ftk_atof          utils.o
    0x6000b744   0x6000b744   0x00000010   Code   RO         5479    i.ftk_atoi          utils.o
    0x6000b754   0x6000b754   0x00000110   Code   RO         5480    i.ftk_ftoa          utils.o
    0x6000b864   0x6000b864   0x00000016   Code   RO         5481    i.ftk_itoa          utils.o
    0x6000b87a   0x6000b87a   0x00000090   Code   RO         5482    i.ftk_itoa_simple   utils.o
    0x6000b90a   0x6000b90a   0x0000005c   Code   RO         5485    i.ftk_strtol        utils.o
    0x6000b966   0x6000b966   0x000000c6   Code   RO         5486    i.ftk_strtol_internal  utils.o
    0x6000ba2c   0x6000ba2c   0x00000018   Code   RO         8961    i.get_offline_fb    lcd_support.o
    0x6000ba44   0x6000ba44   0x00000018   Code   RO         8962    i.get_online_fb     lcd_support.o
    0x6000ba5c   0x6000ba5c   0x0000000c   Code   RO         8899    i.get_time_ms       platform.o
    0x6000ba68   0x6000ba68   0x00000054   Code   RO         3595    i.group_box_create  group_box.o
    0x6000babc   0x6000babc   0x00000014   Code   RO         3596    i.group_box_on_paint_self  group_box.o
    0x6000bad0   0x6000bad0   0x0000001e   Code   RO         9062    i.gui_app_start     demo_main.o
    0x6000baee   0x6000baee   0x00000016   Code   RO         3648    i.idle_add          idle.o
    0x6000bb04   0x6000bb04   0x0000000e   Code   RO         3650    i.idle_dispatch     idle.o
    0x6000bb12   0x6000bb12   0x00000002   PAD
    0x6000bb14   0x6000bb14   0x0000000c   Code   RO         3654    i.idle_manager      idle.o
    0x6000bb20   0x6000bb20   0x0000004e   Code   RO         3655    i.idle_manager_add  idle.o
    0x6000bb6e   0x6000bb6e   0x00000014   Code   RO         3656    i.idle_manager_create  idle.o
    0x6000bb82   0x6000bb82   0x00000048   Code   RO         3657    i.idle_manager_deinit  idle.o
    0x6000bbca   0x6000bbca   0x0000001a   Code   RO         3658    i.idle_manager_destroy  idle.o
    0x6000bbe4   0x6000bbe4   0x0000006a   Code   RO         3659    i.idle_manager_dispatch  idle.o
    0x6000bc4e   0x6000bc4e   0x00000024   Code   RO         3661    i.idle_manager_init  idle.o
    0x6000bc72   0x6000bc72   0x00000002   PAD
    0x6000bc74   0x6000bc74   0x00000010   Code   RO         3663    i.idle_manager_set  idle.o
    0x6000bc84   0x6000bc84   0x00000054   Code   RO         3799    i.image_create      image.o
    0x6000bcd8   0x6000bcd8   0x00000014   Code   RO         3210    i.image_draw_type_find  enums.o
    0x6000bcec   0x6000bcec   0x00000060   Code   RO         3800    i.image_get_prop    image.o
    0x6000bd4c   0x6000bd4c   0x0000002c   Code   RO         3882    i.image_loader_load  image_loader.o
    0x6000bd78   0x6000bd78   0x0000000c   Code   RO         3906    i.image_manager     image_manager.o
    0x6000bd84   0x6000bd84   0x0000005c   Code   RO         3907    i.image_manager_add  image_manager.o
    0x6000bde0   0x6000bde0   0x0000001e   Code   RO         3908    i.image_manager_create  image_manager.o
    0x6000bdfe   0x6000bdfe   0x0000003c   Code   RO         3909    i.image_manager_deinit  image_manager.o
    0x6000be3a   0x6000be3a   0x0000001e   Code   RO         3910    i.image_manager_destroy  image_manager.o
    0x6000be58   0x6000be58   0x0000001a   Code   RO         3911    i.image_manager_init  image_manager.o
    0x6000be72   0x6000be72   0x000000aa   Code   RO         3912    i.image_manager_load  image_manager.o
    0x6000bf1c   0x6000bf1c   0x00000064   Code   RO         3913    i.image_manager_lookup  image_manager.o
    0x6000bf80   0x6000bf80   0x00000010   Code   RO         3914    i.image_manager_set  image_manager.o
    0x6000bf90   0x6000bf90   0x000000a8   Code   RO         3801    i.image_on_paint_self  image.o
    0x6000c038   0x6000c038   0x00000012   Code   RO         3802    i.image_set_draw_type  image.o
    0x6000c04a   0x6000c04a   0x0000002e   Code   RO         3803    i.image_set_image   image.o
    0x6000c078   0x6000c078   0x00000030   Code   RO         3804    i.image_set_image_name  image.o
    0x6000c0a8   0x6000c0a8   0x000000ac   Code   RO         3805    i.image_set_prop    image.o
    0x6000c154   0x6000c154   0x00000014   Code   RO         3212    i.input_type_find   enums.o
    0x6000c168   0x6000c168   0x0000004c   Code   RO         4004    i.label_create      label.o
    0x6000c1b4   0x6000c1b4   0x00000014   Code   RO         4005    i.label_on_paint_self  label.o
    0x6000c1c8   0x6000c1c8   0x0000004a   Code   RO         4151    i.lcd_begin_frame   lcd.o
    0x6000c212   0x6000c212   0x00000034   Code   RO         4153    i.lcd_draw_glyph    lcd.o
    0x6000c246   0x6000c246   0x00000028   Code   RO         4154    i.lcd_draw_hline    lcd.o
    0x6000c26e   0x6000c26e   0x0000002c   Code   RO         4155    i.lcd_draw_image    lcd.o
    0x6000c29a   0x6000c29a   0x00000032   Code   RO         4157    i.lcd_draw_text     lcd.o
    0x6000c2cc   0x6000c2cc   0x00000028   Code   RO         4158    i.lcd_draw_vline    lcd.o
    0x6000c2f4   0x6000c2f4   0x00000016   Code   RO         4159    i.lcd_end_frame     lcd.o
    0x6000c30a   0x6000c30a   0x00000030   Code   RO         4160    i.lcd_fill_rect     lcd.o
    0x6000c33a   0x6000c33a   0x00000020   Code   RO         4163    i.lcd_measure_text  lcd.o
    0x6000c35a   0x6000c35a   0x00000006   Code   RO         7514    i.lcd_mem_begin_frame  lcd_mem_rgb565.o
    0x6000c360   0x6000c360   0x000000d8   Code   RO         7515    i.lcd_mem_create    lcd_mem_rgb565.o
    0x6000c438   0x6000c438   0x00000028   Code   RO         7516    i.lcd_mem_create_double_fb  lcd_mem_rgb565.o
    0x6000c460   0x6000c460   0x0000000e   Code   RO         7518    i.lcd_mem_destroy   lcd_mem_rgb565.o
    0x6000c46e   0x6000c46e   0x000000ce   Code   RO         7519    i.lcd_mem_draw_glyph  lcd_mem_rgb565.o
    0x6000c53c   0x6000c53c   0x0000008a   Code   RO         7520    i.lcd_mem_draw_hline  lcd_mem_rgb565.o
    0x6000c5c6   0x6000c5c6   0x0000004c   Code   RO         7521    i.lcd_mem_draw_image  lcd_mem_rgb565.o
    0x6000c612   0x6000c612   0x00000080   Code   RO         7522    i.lcd_mem_draw_points  lcd_mem_rgb565.o
    0x6000c692   0x6000c692   0x00000090   Code   RO         7523    i.lcd_mem_draw_vline  lcd_mem_rgb565.o
    0x6000c722   0x6000c722   0x00000064   Code   RO         7524    i.lcd_mem_end_frame  lcd_mem_rgb565.o
    0x6000c786   0x6000c786   0x00000034   Code   RO         7525    i.lcd_mem_fill_rect  lcd_mem_rgb565.o
    0x6000c7ba   0x6000c7ba   0x00000026   Code   RO         7526    i.lcd_mem_get_point_color  lcd_mem_rgb565.o
    0x6000c7e0   0x6000c7e0   0x00000024   Code   RO         7527    i.lcd_mem_get_vgcanvas  lcd_mem_rgb565.o
    0x6000c804   0x6000c804   0x00000020   Code   RO         7528    i.lcd_mem_init_offline_fb  lcd_mem_rgb565.o
    0x6000c824   0x6000c824   0x00000020   Code   RO         7529    i.lcd_mem_init_online_fb  lcd_mem_rgb565.o
    0x6000c844   0x6000c844   0x000000d4   Code   RO         7530    i.lcd_mem_take_snapshot  lcd_mem_rgb565.o
    0x6000c918   0x6000c918   0x0000002e   Code   RO         7531    i.lcd_mem_to_bitmap  lcd_mem_rgb565.o
    0x6000c946   0x6000c946   0x0000001a   Code   RO         4164    i.lcd_set_clip_rect  lcd.o
    0x6000c960   0x6000c960   0x0000001e   Code   RO         4165    i.lcd_set_fill_color  lcd.o
    0x6000c97e   0x6000c97e   0x0000001e   Code   RO         4166    i.lcd_set_font_name  lcd.o
    0x6000c99c   0x6000c99c   0x0000001e   Code   RO         4167    i.lcd_set_font_size  lcd.o
    0x6000c9ba   0x6000c9ba   0x00000020   Code   RO         4168    i.lcd_set_global_alpha  lcd.o
    0x6000c9da   0x6000c9da   0x0000001e   Code   RO         4169    i.lcd_set_stroke_color  lcd.o
    0x6000c9f8   0x6000c9f8   0x0000001e   Code   RO         4170    i.lcd_set_text_color  lcd.o
    0x6000ca16   0x6000ca16   0x00000030   Code   RO         4171    i.lcd_stroke_rect   lcd.o
    0x6000ca46   0x6000ca46   0x0000001a   Code   RO         4172    i.lcd_take_snapshot  lcd.o
    0x6000ca60   0x6000ca60   0x0000000c   Code   RO         4302    i.locale            locale.o
    0x6000ca6c   0x6000ca6c   0x000000c4   Code   RO         4303    i.locale_change     locale.o
    0x6000cb30   0x6000cb30   0x0000001c   Code   RO         4304    i.locale_create     locale.o
    0x6000cb4c   0x6000cb4c   0x0000002e   Code   RO         4305    i.locale_deinit     locale.o
    0x6000cb7a   0x6000cb7a   0x0000001a   Code   RO         4306    i.locale_destroy    locale.o
    0x6000cb94   0x6000cb94   0x0000002a   Code   RO         4307    i.locale_init       locale.o
    0x6000cbbe   0x6000cbbe   0x00000002   PAD
    0x6000cbc0   0x6000cbc0   0x00000010   Code   RO         4310    i.locale_set        locale.o
    0x6000cbd0   0x6000cbd0   0x000000b4   Code   RO            6    i.main              awtk.o
    0x6000cc84   0x6000cc84   0x0000000c   Code   RO         4402    i.main_loop         main_loop.o
    0x6000cc90   0x6000cc90   0x0000001a   Code   RO         4403    i.main_loop_destroy  main_loop.o
    0x6000ccaa   0x6000ccaa   0x00000070   Code   RO         8540    i.main_loop_dispatch_events  main_loop_simple.o
    0x6000cd1a   0x6000cd1a   0x00000012   Code   RO         8541    i.main_loop_dispatch_input  main_loop_simple.o
    0x6000cd2c   0x6000cd2c   0x0000002c   Code   RO         8739    i.main_loop_init    main_loop_aworks.o
    0x6000cd58   0x6000cd58   0x0000009e   Code   RO         8543    i.main_loop_post_pointer_event  main_loop_simple.o
    0x6000cdf6   0x6000cdf6   0x0000001c   Code   RO         4404    i.main_loop_queue_event  main_loop.o
    0x6000ce12   0x6000ce12   0x0000001c   Code   RO         4405    i.main_loop_quit    main_loop.o
    0x6000ce2e   0x6000ce2e   0x00000010   Code   RO         8740    i.main_loop_raw_destroy  main_loop_aworks.o
    0x6000ce3e   0x6000ce3e   0x0000000e   Code   RO         8741    i.main_loop_raw_dispatch  main_loop_aworks.o
    0x6000ce4c   0x6000ce4c   0x0000002a   Code   RO         8742    i.main_loop_raw_init_canvas  main_loop_aworks.o
    0x6000ce76   0x6000ce76   0x0000001a   Code   RO         4406    i.main_loop_run     main_loop.o
    0x6000ce90   0x6000ce90   0x00000014   Code   RO         4407    i.main_loop_set     main_loop.o
    0x6000cea4   0x6000cea4   0x00000068   Code   RO         8544    i.main_loop_simple_init  main_loop_simple.o
    0x6000cf0c   0x6000cf0c   0x00000028   Code   RO         8545    i.main_loop_simple_queue_event  main_loop_simple.o
    0x6000cf34   0x6000cf34   0x00000022   Code   RO         8546    i.main_loop_simple_recv_event  main_loop_simple.o
    0x6000cf56   0x6000cf56   0x00000022   Code   RO         8547    i.main_loop_simple_reset  main_loop_simple.o
    0x6000cf78   0x6000cf78   0x00000034   Code   RO         8548    i.main_loop_simple_run  main_loop_simple.o
    0x6000cfac   0x6000cfac   0x00000042   Code   RO         4408    i.main_loop_sleep   main_loop.o
    0x6000cfee   0x6000cfee   0x0000003c   Code   RO         4574    i.node_merge        mem.o
    0x6000d02a   0x6000d02a   0x00000002   PAD
    0x6000d02c   0x6000d02c   0x00000034   Code   RO         4575    i.node_merge2       mem.o
    0x6000d060   0x6000d060   0x00000018   Code   RO         9094    i.on_cancel         demo_ui_app.o
    0x6000d078   0x6000d078   0x00000010   Code   RO         9095    i.on_close          demo_ui_app.o
    0x6000d088   0x6000d088   0x0000002a   Code   RO         9096    i.on_dec            demo_ui_app.o
    0x6000d0b2   0x6000d0b2   0x0000002a   Code   RO         9097    i.on_inc            demo_ui_app.o
    0x6000d0dc   0x6000d0dc   0x00000018   Code   RO         9098    i.on_ok             demo_ui_app.o
    0x6000d0f4   0x6000d0f4   0x00000058   Code   RO         9099    i.on_show_dialog    demo_ui_app.o
    0x6000d14c   0x6000d14c   0x00000060   Code   RO         9100    i.on_show_window1   demo_ui_app.o
    0x6000d1ac   0x6000d1ac   0x00000060   Code   RO         9101    i.on_show_window2   demo_ui_app.o
    0x6000d20c   0x6000d20c   0x00000020   Code   RO         6896    i.on_window_destroy  window_manager.o
    0x6000d22c   0x6000d22c   0x00000028   Code   RO         8743    i.platform_create_lcd  main_loop_aworks.o
    0x6000d254   0x6000d254   0x0000005c   Code   RO         8744    i.platform_disaptch_input  main_loop_aworks.o
    0x6000d2b0   0x6000d2b0   0x00000020   Code   RO         8900    i.platform_prepare  platform.o
    0x6000d2d0   0x6000d2d0   0x000009d8   Code   RO         9519    i.pow               m_ws.l(pow.o)
    0x6000dca8   0x6000dca8   0x0000004c   Code   RO         4642    i.progress_bar_create  progress_bar.o
    0x6000dcf4   0x6000dcf4   0x00000084   Code   RO         4643    i.progress_bar_get_prop  progress_bar.o
    0x6000dd78   0x6000dd78   0x000002a8   Code   RO         4644    i.progress_bar_on_paint_self  progress_bar.o
    0x6000e020   0x6000e020   0x00000090   Code   RO         4645    i.progress_bar_set_prop  progress_bar.o
    0x6000e0b0   0x6000e0b0   0x00000012   Code   RO         4646    i.progress_bar_set_show_text  progress_bar.o
    0x6000e0c2   0x6000e0c2   0x0000002a   Code   RO         4647    i.progress_bar_set_value  progress_bar.o
    0x6000e0ec   0x6000e0ec   0x00000012   Code   RO         4648    i.progress_bar_set_vertical  progress_bar.o
    0x6000e0fe   0x6000e0fe   0x0000001a   Code   RO         1990    i.rbuffer_has_more  buffer.o
    0x6000e118   0x6000e118   0x00000016   Code   RO         1991    i.rbuffer_init      buffer.o
    0x6000e12e   0x6000e12e   0x00000028   Code   RO         1994    i.rbuffer_peek_uint8  buffer.o
    0x6000e156   0x6000e156   0x0000003a   Code   RO         1995    i.rbuffer_read_binary  buffer.o
    0x6000e190   0x6000e190   0x0000002c   Code   RO         1996    i.rbuffer_read_string  buffer.o
    0x6000e1bc   0x6000e1bc   0x00000030   Code   RO         1998    i.rbuffer_read_uint32  buffer.o
    0x6000e1ec   0x6000e1ec   0x0000002c   Code   RO         1999    i.rbuffer_read_uint8  buffer.o
    0x6000e218   0x6000e218   0x00000032   Code   RO         4726    i.rect_contains     rect.o
    0x6000e24a   0x6000e24a   0x000000a2   Code   RO         4727    i.rect_merge        rect.o
    0x6000e2ec   0x6000e2ec   0x00000010   Code   RO         4751    i.res_cmp_type      resource_manager.o
    0x6000e2fc   0x6000e2fc   0x00000020   Code   RO         4752    i.resource_info_destroy  resource_manager.o
    0x6000e31c   0x6000e31c   0x00000016   Code   RO         4753    i.resource_info_ref  resource_manager.o
    0x6000e332   0x6000e332   0x00000026   Code   RO         4754    i.resource_info_unref  resource_manager.o
    0x6000e358   0x6000e358   0x00000220   Code   RO         9209    i.resource_init     resource.o
    0x6000e578   0x6000e578   0x0000000c   Code   RO         4755    i.resource_manager  resource_manager.o
    0x6000e584   0x6000e584   0x00000020   Code   RO         4756    i.resource_manager_add  resource_manager.o
    0x6000e5a4   0x6000e5a4   0x00000024   Code   RO         4757    i.resource_manager_clear_cache  resource_manager.o
    0x6000e5c8   0x6000e5c8   0x00000018   Code   RO         4758    i.resource_manager_create  resource_manager.o
    0x6000e5e0   0x6000e5e0   0x00000036   Code   RO         4759    i.resource_manager_deinit  resource_manager.o
    0x6000e616   0x6000e616   0x00000028   Code   RO         4760    i.resource_manager_destroy  resource_manager.o
    0x6000e63e   0x6000e63e   0x00000048   Code   RO         4761    i.resource_manager_find_in_cache  resource_manager.o
    0x6000e686   0x6000e686   0x00000018   Code   RO         4762    i.resource_manager_init  resource_manager.o
    0x6000e69e   0x6000e69e   0x00000006   Code   RO         4763    i.resource_manager_load  resource_manager.o
    0x6000e6a4   0x6000e6a4   0x00000032   Code   RO         4764    i.resource_manager_ref  resource_manager.o
    0x6000e6d6   0x6000e6d6   0x00000002   PAD
    0x6000e6d8   0x6000e6d8   0x00000010   Code   RO         4765    i.resource_manager_set  resource_manager.o
    0x6000e6e8   0x6000e6e8   0x00000030   Code   RO         4766    i.resource_manager_unref  resource_manager.o
    0x6000e718   0x6000e718   0x00000024   Code   RO         7407    i.rgb565_to_8888    blend_image_8888_565.o
    0x6000e73c   0x6000e73c   0x000000a0   Code   RO         9529    i.sin               m_ws.l(sin.o)
    0x6000e7dc   0x6000e7dc   0x0000000c   Code   RO         8901    i.sleep_ms          platform.o
    0x6000e7e8   0x6000e7e8   0x00000060   Code   RO         4867    i.slider_create     slider.o
    0x6000e848   0x6000e848   0x000000a8   Code   RO         4868    i.slider_get_dragger_rect  slider.o
    0x6000e8f0   0x6000e8f0   0x000000b8   Code   RO         4869    i.slider_get_prop   slider.o
    0x6000e9a8   0x6000e9a8   0x0000019e   Code   RO         4870    i.slider_on_event   slider.o
    0x6000eb46   0x6000eb46   0x000002b6   Code   RO         4871    i.slider_on_paint_self  slider.o
    0x6000edfc   0x6000edfc   0x00000012   Code   RO         4872    i.slider_set_max    slider.o
    0x6000ee0e   0x6000ee0e   0x00000012   Code   RO         4873    i.slider_set_min    slider.o
    0x6000ee20   0x6000ee20   0x000000cc   Code   RO         4874    i.slider_set_prop   slider.o
    0x6000eeec   0x6000eeec   0x00000016   Code   RO         4875    i.slider_set_step   slider.o
    0x6000ef02   0x6000ef02   0x00000012   Code   RO         4876    i.slider_set_value  slider.o
    0x6000ef14   0x6000ef14   0x00000094   Code   RO         4877    i.slider_set_value_internal  slider.o
    0x6000efa8   0x6000efa8   0x00000012   Code   RO         4878    i.slider_set_vertical  slider.o
    0x6000efba   0x6000efba   0x0000000e   Code   RO         7532    i.snapshot_destroy  lcd_mem_rgb565.o
    0x6000efc8   0x6000efc8   0x00000092   Code   RO         7479    i.soft_blend_image  soft_g2d.o
    0x6000f05a   0x6000f05a   0x000000d8   Code   RO         7480    i.soft_copy_image   soft_g2d.o
    0x6000f132   0x6000f132   0x000000fc   Code   RO         7481    i.soft_fill_rect    soft_g2d.o
    0x6000f22e   0x6000f22e   0x0000004c   Code   RO         9537    i.sqrt              m_ws.l(sqrt.o)
    0x6000f27a   0x6000f27a   0x0000003e   Code   RO         4984    i.str_eq            str.o
    0x6000f2b8   0x6000f2b8   0x00000032   Code   RO         4985    i.str_extend        str.o
    0x6000f2ea   0x6000f2ea   0x00000026   Code   RO         4986    i.str_from_float    str.o
    0x6000f310   0x6000f310   0x00000026   Code   RO         4987    i.str_from_int      str.o
    0x6000f336   0x6000f336   0x0000005a   Code   RO         4988    i.str_from_value    str.o
    0x6000f390   0x6000f390   0x00000024   Code   RO         4989    i.str_init          str.o
    0x6000f3b4   0x6000f3b4   0x00000014   Code   RO         4991    i.str_reset         str.o
    0x6000f3c8   0x6000f3c8   0x00000014   Code   RO         4992    i.str_set           str.o
    0x6000f3dc   0x6000f3dc   0x0000004a   Code   RO         4993    i.str_set_with_len  str.o
    0x6000f426   0x6000f426   0x00000016   Code   RO         5366    i.style_get_color   theme.o
    0x6000f43c   0x6000f43c   0x00000090   Code   RO         5367    i.style_get_int     theme.o
    0x6000f4cc   0x6000f4cc   0x0000008e   Code   RO         5368    i.style_get_str     theme.o
    0x6000f55a   0x6000f55a   0x00000002   PAD
    0x6000f55c   0x6000f55c   0x00000008   Code   RO         5127    i.system_info       system_info.o
    0x6000f564   0x6000f564   0x00000008   Code   RO         5369    i.theme             theme.o
    0x6000f56c   0x6000f56c   0x000000ec   Code   RO         5370    i.theme_find_style  theme.o
    0x6000f658   0x6000f658   0x00000018   Code   RO         5371    i.theme_init        theme.o
    0x6000f670   0x6000f670   0x00000008   Code   RO         5157    i.time_now_ms       time.o
    0x6000f678   0x6000f678   0x00000010   Code   RO         5158    i.time_now_s        time.o
    0x6000f688   0x6000f688   0x0000001e   Code   RO         5182    i.timer_add         timer.o
    0x6000f6a6   0x6000f6a6   0x0000000e   Code   RO         5184    i.timer_dispatch    timer.o
    0x6000f6b4   0x6000f6b4   0x0000002c   Code   RO         6897    i.timer_enable_user_input  window_manager.o
    0x6000f6e0   0x6000f6e0   0x00000028   Code   RO         5188    i.timer_init        timer.o
    0x6000f708   0x6000f708   0x0000000c   Code   RO         5189    i.timer_manager     timer.o
    0x6000f714   0x6000f714   0x0000005c   Code   RO         5190    i.timer_manager_add  timer.o
    0x6000f770   0x6000f770   0x00000026   Code   RO         5192    i.timer_manager_create  timer.o
    0x6000f796   0x6000f796   0x00000048   Code   RO         5193    i.timer_manager_deinit  timer.o
    0x6000f7de   0x6000f7de   0x0000001a   Code   RO         5194    i.timer_manager_destroy  timer.o
    0x6000f7f8   0x6000f7f8   0x0000008a   Code   RO         5195    i.timer_manager_dispatch  timer.o
    0x6000f882   0x6000f882   0x00000028   Code   RO         5197    i.timer_manager_init  timer.o
    0x6000f8aa   0x6000f8aa   0x0000003c   Code   RO         5198    i.timer_manager_next_time  timer.o
    0x6000f8e6   0x6000f8e6   0x00000002   PAD
    0x6000f8e8   0x6000f8e8   0x00000010   Code   RO         5200    i.timer_manager_set  timer.o
    0x6000f8f8   0x6000f8f8   0x0000000e   Code   RO         5201    i.timer_next_time   timer.o
    0x6000f906   0x6000f906   0x00000002   PAD
    0x6000f908   0x6000f908   0x00000058   Code   RO         7219    i.tk_add_font       tk.o
    0x6000f960   0x6000f960   0x000000d0   Code   RO         4576    i.tk_alloc          mem.o
    0x6000fa30   0x6000fa30   0x00000024   Code   RO         4577    i.tk_calloc         mem.o
    0x6000fa54   0x6000fa54   0x00000042   Code   RO         7220    i.tk_deinit_internal  tk.o
    0x6000fa96   0x6000fa96   0x00000012   Code   RO         7221    i.tk_exit           tk.o
    0x6000faa8   0x6000faa8   0x00000074   Code   RO         4578    i.tk_free           mem.o
    0x6000fb1c   0x6000fb1c   0x00000022   Code   RO         7222    i.tk_init           tk.o
    0x6000fb3e   0x6000fb3e   0x00000002   PAD
    0x6000fb40   0x6000fb40   0x00000090   Code   RO         7223    i.tk_init_internal  tk.o
    0x6000fbd0   0x6000fbd0   0x00000046   Code   RO         7224    i.tk_init_resources  tk.o
    0x6000fc16   0x6000fc16   0x00000002   PAD
    0x6000fc18   0x6000fc18   0x0000008c   Code   RO         4579    i.tk_mem_info_dump  mem.o
    0x6000fca4   0x6000fca4   0x00000044   Code   RO         4580    i.tk_mem_init       mem.o
    0x6000fce8   0x6000fce8   0x00000050   Code   RO         4581    i.tk_mem_stat       mem.o
    0x6000fd38   0x6000fd38   0x00000008   Code   RO         8645    i.tk_mutex_create   mutex.o
    0x6000fd40   0x6000fd40   0x00000006   Code   RO         8646    i.tk_mutex_destroy  mutex.o
    0x6000fd46   0x6000fd46   0x00000006   Code   RO         8647    i.tk_mutex_lock     mutex.o
    0x6000fd4c   0x6000fd4c   0x00000006   Code   RO         8648    i.tk_mutex_unlock   mutex.o
    0x6000fd52   0x6000fd52   0x00000056   Code   RO         4582    i.tk_realloc        mem.o
    0x6000fda8   0x6000fda8   0x00000012   Code   RO         7227    i.tk_run            tk.o
    0x6000fdba   0x6000fdba   0x0000002a   Code   RO         7533    i.to_color          lcd_mem_rgb565.o
    0x6000fde4   0x6000fde4   0x0000003c   Code   RO         7752    i.ui_builder_default  ui_builder_default.o
    0x6000fe20   0x6000fe20   0x00000012   Code   RO         7753    i.ui_builder_default_on_end  ui_builder_default.o
    0x6000fe32   0x6000fe32   0x0000000c   Code   RO         7754    i.ui_builder_default_on_widget_end  ui_builder_default.o
    0x6000fe3e   0x6000fe3e   0x00000002   PAD
    0x6000fe40   0x6000fe40   0x00000058   Code   RO         7755    i.ui_builder_default_on_widget_prop  ui_builder_default.o
    0x6000fe98   0x6000fe98   0x00000006   Code   RO         7756    i.ui_builder_default_on_widget_prop_end  ui_builder_default.o
    0x6000fe9e   0x6000fe9e   0x00000002   PAD
    0x6000fea0   0x6000fea0   0x000001c8   Code   RO         7757    i.ui_builder_default_on_widget_start  ui_builder_default.o
    0x60010068   0x60010068   0x0000001a   Code   RO         7675    i.ui_builder_on_end  ui_builder.o
    0x60010082   0x60010082   0x0000001a   Code   RO         7676    i.ui_builder_on_start  ui_builder.o
    0x6001009c   0x6001009c   0x00000016   Code   RO         7677    i.ui_builder_on_widget_end  ui_builder.o
    0x600100b2   0x600100b2   0x00000026   Code   RO         7678    i.ui_builder_on_widget_prop  ui_builder.o
    0x600100d8   0x600100d8   0x00000016   Code   RO         7679    i.ui_builder_on_widget_prop_end  ui_builder.o
    0x600100ee   0x600100ee   0x0000001c   Code   RO         7680    i.ui_builder_on_widget_start  ui_builder.o
    0x6001010a   0x6001010a   0x00000030   Code   RO         7959    i.ui_loader_load    ui_loader.o
    0x6001013a   0x6001013a   0x00000002   PAD
    0x6001013c   0x6001013c   0x000000f0   Code   RO         8009    i.ui_loader_load_default  ui_loader_default.o
    0x6001022c   0x6001022c   0x000000bc   Code   RO         5424    i.utf8_get_char     utf8.o
    0x600102e8   0x600102e8   0x00000044   Code   RO         5426    i.utf8_to_utf16     utf8.o
    0x6001032c   0x6001032c   0x000000f0   Code   RO         5543    i.value_bool        value.o
    0x6001041c   0x6001041c   0x00000090   Code   RO         5548    i.value_float       value.o
    0x600104ac   0x600104ac   0x0000006c   Code   RO         5549    i.value_int         value.o
    0x60010518   0x60010518   0x00000010   Code   RO         5555    i.value_pointer     value.o
    0x60010528   0x60010528   0x00000012   Code   RO         5556    i.value_set_bool    value.o
    0x6001053a   0x6001053a   0x00000012   Code   RO         5558    i.value_set_float   value.o
    0x6001054c   0x6001054c   0x00000010   Code   RO         5559    i.value_set_int     value.o
    0x6001055c   0x6001055c   0x00000012   Code   RO         5561    i.value_set_int32   value.o
    0x6001056e   0x6001056e   0x00000012   Code   RO         5564    i.value_set_pointer  value.o
    0x60010580   0x60010580   0x00000012   Code   RO         5565    i.value_set_str     value.o
    0x60010592   0x60010592   0x00000012   Code   RO         5567    i.value_set_uint32  value.o
    0x600105a4   0x600105a4   0x00000012   Code   RO         5569    i.value_set_uint8   value.o
    0x600105b6   0x600105b6   0x00000012   Code   RO         5570    i.value_set_wstr    value.o
    0x600105c8   0x600105c8   0x00000010   Code   RO         5571    i.value_str         value.o
    0x600105d8   0x600105d8   0x00000016   Code   RO         5573    i.value_uint32      value.o
    0x600105ee   0x600105ee   0x00000010   Code   RO         5576    i.value_wstr        value.o
    0x600105fe   0x600105fe   0x00000008   Code   RO         7656    i.vgcanvas_create   vgcanvas_null.o
    0x60010606   0x60010606   0x00000002   PAD
    0x60010608   0x60010608   0x00000054   Code   RO         6058    i.view_create       view.o
    0x6001065c   0x6001065c   0x00000026   Code   RO         6106    i.widget_add_child  widget.o
    0x60010682   0x60010682   0x0000002a   Code   RO         6107    i.widget_child_on   widget.o
    0x600106ac   0x600106ac   0x00000078   Code   RO         6109    i.widget_destroy    widget.o
    0x60010724   0x60010724   0x0000003c   Code   RO         6110    i.widget_destroy_children  widget.o
    0x60010760   0x60010760   0x00000006   Code   RO         6602    i.widget_destroy_default  widget_vtable.o
    0x60010766   0x60010766   0x00000044   Code   RO         6111    i.widget_dispatch   widget.o
    0x600107aa   0x600107aa   0x00000096   Code   RO         6112    i.widget_draw_background  widget.o
    0x60010840   0x60010840   0x00000046   Code   RO         6113    i.widget_draw_border  widget.o
    0x60010886   0x60010886   0x0000021c   Code   RO         6114    i.widget_draw_icon_text  widget.o
    0x60010aa2   0x60010aa2   0x0000003e   Code   RO         6115    i.widget_find_target  widget.o
    0x60010ae0   0x60010ae0   0x0000008a   Code   RO         6603    i.widget_find_target_default  widget_vtable.o
    0x60010b6a   0x60010b6a   0x00000022   Code   RO         6116    i.widget_get_child  widget.o
    0x60010b8c   0x60010b8c   0x0000018c   Code   RO         6117    i.widget_get_prop   widget.o
    0x60010d18   0x60010d18   0x00000010   Code   RO         6604    i.widget_get_prop_default  widget_vtable.o
    0x60010d28   0x60010d28   0x00000036   Code   RO         6120    i.widget_grab       widget.o
    0x60010d5e   0x60010d5e   0x00000022   Code   RO         6605    i.widget_grab_default  widget_vtable.o
    0x60010d80   0x60010d80   0x00000072   Code   RO         6121    i.widget_init       widget.o
    0x60010df2   0x60010df2   0x00000074   Code   RO         6122    i.widget_invalidate  widget.o
    0x60010e66   0x60010e66   0x00000040   Code   RO         6606    i.widget_invalidate_default  widget_vtable.o
    0x60010ea6   0x60010ea6   0x00000018   Code   RO         4058    i.widget_layout     layout.o
    0x60010ebe   0x60010ebe   0x000000d0   Code   RO         4059    i.widget_layout_calc  layout.o
    0x60010f8e   0x60010f8e   0x00000002   PAD
    0x60010f90   0x60010f90   0x000003c4   Code   RO         4060    i.widget_layout_children  layout.o
    0x60011354   0x60011354   0x0000003a   Code   RO         4062    i.widget_layout_self  layout.o
    0x6001138e   0x6001138e   0x0000001e   Code   RO         6123    i.widget_lookup     widget.o
    0x600113ac   0x600113ac   0x00000056   Code   RO         6124    i.widget_lookup_all  widget.o
    0x60011402   0x60011402   0x00000046   Code   RO         6125    i.widget_lookup_child  widget.o
    0x60011448   0x60011448   0x00000044   Code   RO         6127    i.widget_move_resize  widget.o
    0x6001148c   0x6001148c   0x0000002e   Code   RO         6130    i.widget_on         widget.o
    0x600114ba   0x600114ba   0x0000000e   Code   RO         6607    i.widget_on_click_default  widget_vtable.o
    0x600114c8   0x600114c8   0x0000000e   Code   RO         6608    i.widget_on_event_default  widget_vtable.o
    0x600114d6   0x600114d6   0x00000044   Code   RO         6132    i.widget_on_keydown  widget.o
    0x6001151a   0x6001151a   0x0000000e   Code   RO         6609    i.widget_on_keydown_default  widget_vtable.o
    0x60011528   0x60011528   0x00000044   Code   RO         6133    i.widget_on_keyup   widget.o
    0x6001156c   0x6001156c   0x0000000e   Code   RO         6610    i.widget_on_keyup_default  widget_vtable.o
    0x6001157a   0x6001157a   0x0000003c   Code   RO         6134    i.widget_on_paint_background  widget.o
    0x600115b6   0x600115b6   0x00000006   Code   RO         6611    i.widget_on_paint_background_null  widget_vtable.o
    0x600115bc   0x600115bc   0x0000003a   Code   RO         6135    i.widget_on_paint_children  widget.o
    0x600115f6   0x600115f6   0x00000046   Code   RO         6612    i.widget_on_paint_children_default  widget_vtable.o
    0x6001163c   0x6001163c   0x0000003e   Code   RO         6136    i.widget_on_paint_done  widget.o
    0x6001167a   0x6001167a   0x00000006   Code   RO         6613    i.widget_on_paint_done_null  widget_vtable.o
    0x60011680   0x60011680   0x00000042   Code   RO         6137    i.widget_on_paint_self  widget.o
    0x600116c2   0x600116c2   0x0000000e   Code   RO         6614    i.widget_on_paint_self_default  widget_vtable.o
    0x600116d0   0x600116d0   0x000000b4   Code   RO         6138    i.widget_on_pointer_down  widget.o
    0x60011784   0x60011784   0x0000000e   Code   RO         6615    i.widget_on_pointer_down_default  widget_vtable.o
    0x60011792   0x60011792   0x00000002   PAD
    0x60011794   0x60011794   0x00000098   Code   RO         6139    i.widget_on_pointer_move  widget.o
    0x6001182c   0x6001182c   0x0000000e   Code   RO         6616    i.widget_on_pointer_move_default  widget_vtable.o
    0x6001183a   0x6001183a   0x00000042   Code   RO         6140    i.widget_on_pointer_up  widget.o
    0x6001187c   0x6001187c   0x0000000e   Code   RO         6617    i.widget_on_pointer_up_default  widget_vtable.o
    0x6001188a   0x6001188a   0x0000004e   Code   RO         6141    i.widget_paint      widget.o
    0x600118d8   0x600118d8   0x0000001e   Code   RO         6142    i.widget_paint_helper  widget.o
    0x600118f6   0x600118f6   0x00000030   Code   RO         6144    i.widget_remove_child  widget.o
    0x60011926   0x60011926   0x00000046   Code   RO         4063    i.widget_set_children_layout_params  layout.o
    0x6001196c   0x6001196c   0x0000003c   Code   RO         6146    i.widget_set_dirty  widget.o
    0x600119a8   0x600119a8   0x0000001c   Code   RO         6149    i.widget_set_name   widget.o
    0x600119c4   0x600119c4   0x00000032   Code   RO         4064    i.widget_set_parsed_self_layout_params  layout.o
    0x600119f6   0x600119f6   0x00000002   PAD
    0x600119f8   0x600119f8   0x000001d0   Code   RO         6150    i.widget_set_prop   widget.o
    0x60011bc8   0x60011bc8   0x00000010   Code   RO         6618    i.widget_set_prop_default  widget_vtable.o
    0x60011bd8   0x60011bd8   0x00000026   Code   RO         6151    i.widget_set_state  widget.o
    0x60011bfe   0x60011bfe   0x0000002a   Code   RO         6159    i.widget_to_local   widget.o
    0x60011c28   0x60011c28   0x00000034   Code   RO         6161    i.widget_ungrab     widget.o
    0x60011c5c   0x60011c5c   0x00000022   Code   RO         6619    i.widget_ungrab_default  widget_vtable.o
    0x60011c7e   0x60011c7e   0x0000002e   Code   RO         6162    i.widget_update_style  widget.o
    0x60011cac   0x60011cac   0x00000008   Code   RO         6620    i.widget_vtable_default  widget_vtable.o
    0x60011cb4   0x60011cb4   0x0000003c   Code   RO         6838    i.window_animator_begin_frame_overlap  window_animator.o
    0x60011cf0   0x60011cf0   0x00000012   Code   RO         8339    i.window_animator_close_destroy  window_animator_fb.o
    0x60011d02   0x60011d02   0x00000002   PAD
    0x60011d04   0x60011d04   0x00000118   Code   RO         8340    i.window_animator_create  window_animator_fb.o
    0x60011e1c   0x60011e1c   0x0000005c   Code   RO         8341    i.window_animator_create_bottom_to_top  window_animator_fb.o
    0x60011e78   0x60011e78   0x0000005c   Code   RO         8342    i.window_animator_create_fade  window_animator_fb.o
    0x60011ed4   0x60011ed4   0x00000032   Code   RO         8343    i.window_animator_create_for_close  window_animator_fb.o
    0x60011f06   0x60011f06   0x00000032   Code   RO         8344    i.window_animator_create_for_open  window_animator_fb.o
    0x60011f38   0x60011f38   0x00000054   Code   RO         8345    i.window_animator_create_htranslate  window_animator_fb.o
    0x60011f8c   0x60011f8c   0x0000005c   Code   RO         8346    i.window_animator_create_scale  window_animator_fb.o
    0x60011fe8   0x60011fe8   0x0000005c   Code   RO         8347    i.window_animator_create_top_to_bottom  window_animator_fb.o
    0x60012044   0x60012044   0x00000054   Code   RO         8348    i.window_animator_create_vtranslate  window_animator_fb.o
    0x60012098   0x60012098   0x00000016   Code   RO         6839    i.window_animator_destroy  window_animator.o
    0x600120ae   0x600120ae   0x000000bc   Code   RO         8349    i.window_animator_open_bottom_to_top_draw_curr  window_animator_fb.o
    0x6001216a   0x6001216a   0x00000132   Code   RO         8350    i.window_animator_open_bottom_to_top_draw_prev  window_animator_fb.o
    0x6001229c   0x6001229c   0x00000078   Code   RO         8351    i.window_animator_open_bottom_to_top_update_percent  window_animator_fb.o
    0x60012314   0x60012314   0x00000026   Code   RO         8352    i.window_animator_open_destroy  window_animator_fb.o
    0x6001233a   0x6001233a   0x00000002   PAD
    0x6001233c   0x6001233c   0x000000b4   Code   RO         8353    i.window_animator_open_fade_draw_curr  window_animator_fb.o
    0x600123f0   0x600123f0   0x00000106   Code   RO         8354    i.window_animator_open_fade_draw_prev  window_animator_fb.o
    0x600124f6   0x600124f6   0x00000032   Code   RO         8355    i.window_animator_open_fade_update_percent  window_animator_fb.o
    0x60012528   0x60012528   0x000000b0   Code   RO         8356    i.window_animator_open_htranslate_draw_curr  window_animator_fb.o
    0x600125d8   0x600125d8   0x000000b8   Code   RO         8357    i.window_animator_open_htranslate_draw_prev  window_animator_fb.o
    0x60012690   0x60012690   0x0000006c   Code   RO         8358    i.window_animator_open_htranslate_update_percent  window_animator_fb.o
    0x600126fc   0x600126fc   0x000000f4   Code   RO         8359    i.window_animator_open_scale_draw_curr  window_animator_fb.o
    0x600127f0   0x600127f0   0x00000106   Code   RO         8360    i.window_animator_open_scale_draw_prev  window_animator_fb.o
    0x600128f6   0x600128f6   0x00000002   PAD
    0x600128f8   0x600128f8   0x00000084   Code   RO         8361    i.window_animator_open_scale_update_percent  window_animator_fb.o
    0x6001297c   0x6001297c   0x00000094   Code   RO         8362    i.window_animator_open_top_to_bottom_draw_curr  window_animator_fb.o
    0x60012a10   0x60012a10   0x0000012c   Code   RO         8363    i.window_animator_open_top_to_bottom_draw_prev  window_animator_fb.o
    0x60012b3c   0x60012b3c   0x00000078   Code   RO         8364    i.window_animator_open_top_to_bottom_update_percent  window_animator_fb.o
    0x60012bb4   0x60012bb4   0x0000009e   Code   RO         8365    i.window_animator_open_vtranslate_draw_curr  window_animator_fb.o
    0x60012c52   0x60012c52   0x000000b8   Code   RO         8366    i.window_animator_open_vtranslate_draw_prev  window_animator_fb.o
    0x60012d0a   0x60012d0a   0x00000002   PAD
    0x60012d0c   0x60012d0c   0x0000006c   Code   RO         8367    i.window_animator_open_vtranslate_update_percent  window_animator_fb.o
    0x60012d78   0x60012d78   0x00000098   Code   RO         8368    i.window_animator_prepare  window_animator_fb.o
    0x60012e10   0x60012e10   0x000000ce   Code   RO         6840    i.window_animator_update  window_animator.o
    0x60012ede   0x60012ede   0x00000014   Code   RO         6758    i.window_close      window.o
    0x60012ef2   0x60012ef2   0x00000002   PAD
    0x60012ef4   0x60012ef4   0x0000006c   Code   RO         6759    i.window_create     window.o
    0x60012f60   0x60012f60   0x00000012   Code   RO         6760    i.window_destroy    window.o
    0x60012f72   0x60012f72   0x00000002   PAD
    0x60012f74   0x60012f74   0x00000048   Code   RO         6761    i.window_get_prop   window.o
    0x60012fbc   0x60012fbc   0x0000000c   Code   RO         6898    i.window_manager    window_manager.o
    0x60012fc8   0x60012fc8   0x00000098   Code   RO         6899    i.window_manager_add_child  window_manager.o
    0x60013060   0x60013060   0x000000a0   Code   RO         6900    i.window_manager_check_if_need_close_animation  window_manager.o
    0x60013100   0x60013100   0x0000009c   Code   RO         6901    i.window_manager_check_if_need_open_animation  window_manager.o
    0x6001319c   0x6001319c   0x0000001a   Code   RO         6902    i.window_manager_create  window_manager.o
    0x600131b6   0x600131b6   0x00000002   PAD
    0x600131b8   0x600131b8   0x00000194   Code   RO         6903    i.window_manager_dispatch_input_event  window_manager.o
    0x6001334c   0x6001334c   0x0000003c   Code   RO         6904    i.window_manager_find_prev_window  window_manager.o
    0x60013388   0x60013388   0x000000bc   Code   RO         6905    i.window_manager_find_target  window_manager.o
    0x60013444   0x60013444   0x00000040   Code   RO         6906    i.window_manager_find_top_window_index  window_manager.o
    0x60013484   0x60013484   0x00000016   Code   RO         6907    i.window_manager_get_top_window  window_manager.o
    0x6001349a   0x6001349a   0x0000001c   Code   RO         6908    i.window_manager_grab  window_manager.o
    0x600134b6   0x600134b6   0x00000010   Code   RO         6909    i.window_manager_idle_destroy_window  window_manager.o
    0x600134c6   0x600134c6   0x00000002   PAD
    0x600134c8   0x600134c8   0x0000002c   Code   RO         6910    i.window_manager_init  window_manager.o
    0x600134f4   0x600134f4   0x0000001c   Code   RO         6911    i.window_manager_invalidate  window_manager.o
    0x60013510   0x60013510   0x0000006e   Code   RO         6912    i.window_manager_on_paint_children  window_manager.o
    0x6001357e   0x6001357e   0x00000034   Code   RO         6913    i.window_manager_paint  window_manager.o
    0x600135b2   0x600135b2   0x00000002   PAD
    0x600135b4   0x600135b4   0x0000004c   Code   RO         6914    i.window_manager_paint_animation  window_manager.o
    0x60013600   0x60013600   0x000000ac   Code   RO         6915    i.window_manager_paint_normal  window_manager.o
    0x600136ac   0x600136ac   0x00000034   Code   RO         6916    i.window_manager_remove_child  window_manager.o
    0x600136e0   0x600136e0   0x0000004c   Code   RO         6917    i.window_manager_remove_child_real  window_manager.o
    0x6001372c   0x6001372c   0x0000003a   Code   RO         6918    i.window_manager_resize  window_manager.o
    0x60013766   0x60013766   0x00000002   PAD
    0x60013768   0x60013768   0x00000010   Code   RO         6919    i.window_manager_set  window_manager.o
    0x60013778   0x60013778   0x00000078   Code   RO         6921    i.window_manager_shift_key  window_manager.o
    0x600137f0   0x600137f0   0x00000020   Code   RO         6922    i.window_manager_ungrab  window_manager.o
    0x60013810   0x60013810   0x00000044   Code   RO         6923    i.window_manager_update_key_status  window_manager.o
    0x60013854   0x60013854   0x00000014   Code   RO         6762    i.window_on_paint_self  window.o
    0x60013868   0x60013868   0x00000048   Code   RO         7758    i.window_open       ui_builder_default.o
    0x600138b0   0x600138b0   0x0000004c   Code   RO         6763    i.window_set_prop   window.o
    0x600138fc   0x600138fc   0x00000036   Code   RO         7111    i.wstr_extend       wstr.o
    0x60013932   0x60013932   0x00000026   Code   RO         7112    i.wstr_from_float   wstr.o
    0x60013958   0x60013958   0x00000026   Code   RO         7113    i.wstr_from_int     wstr.o
    0x6001397e   0x6001397e   0x00000068   Code   RO         7114    i.wstr_from_value   wstr.o
    0x600139e6   0x600139e6   0x00000024   Code   RO         7116    i.wstr_init         wstr.o
    0x60013a0a   0x60013a0a   0x00000022   Code   RO         7118    i.wstr_pop          wstr.o
    0x60013a2c   0x60013a2c   0x00000038   Code   RO         7119    i.wstr_push         wstr.o
    0x60013a64   0x60013a64   0x00000014   Code   RO         7121    i.wstr_reset        wstr.o
    0x60013a78   0x60013a78   0x00000036   Code   RO         7122    i.wstr_set          wstr.o
    0x60013aae   0x60013aae   0x0000003e   Code   RO         7123    i.wstr_set_utf8     wstr.o
    0x60013aec   0x60013aec   0x0000002c   Code   RO         9610    locale$$code        c_w.l(lc_ctype_c.o)
    0x60013b18   0x60013b18   0x00000062   Code   RO         9440    x$fpl$d2f           fz_ws.l(d2f.o)
    0x60013b7a   0x60013b7a   0x00000002   PAD
    0x60013b7c   0x60013b7c   0x00000150   Code   RO         9442    x$fpl$dadd          fz_ws.l(daddsub_clz.o)
    0x60013ccc   0x60013ccc   0x00000010   Code   RO         9775    x$fpl$dcheck1       fz_ws.l(dcheck1.o)
    0x60013cdc   0x60013cdc   0x00000018   Code   RO         9661    x$fpl$dcmpinf       fz_ws.l(dcmpi.o)
    0x60013cf4   0x60013cf4   0x000002b0   Code   RO         9449    x$fpl$ddiv          fz_ws.l(ddiv.o)
    0x60013fa4   0x60013fa4   0x00000078   Code   RO         9452    x$fpl$deqf          fz_ws.l(deqf.o)
    0x6001401c   0x6001401c   0x0000005e   Code   RO         9454    x$fpl$dfix          fz_ws.l(dfix.o)
    0x6001407a   0x6001407a   0x0000002e   Code   RO         9463    x$fpl$dflt          fz_ws.l(dflt_clz.o)
    0x600140a8   0x600140a8   0x00000026   Code   RO         9462    x$fpl$dfltu         fz_ws.l(dflt_clz.o)
    0x600140ce   0x600140ce   0x00000002   PAD
    0x600140d0   0x600140d0   0x00000078   Code   RO         9468    x$fpl$dleqf         fz_ws.l(dleqf.o)
    0x60014148   0x60014148   0x00000154   Code   RO         9470    x$fpl$dmul          fz_ws.l(dmul.o)
    0x6001429c   0x6001429c   0x0000009c   Code   RO         9663    x$fpl$dnaninf       fz_ws.l(dnaninf.o)
    0x60014338   0x60014338   0x0000000c   Code   RO         9665    x$fpl$dretinf       fz_ws.l(dretinf.o)
    0x60014344   0x60014344   0x0000006c   Code   RO         9472    x$fpl$drleqf        fz_ws.l(drleqf.o)
    0x600143b0   0x600143b0   0x00000016   Code   RO         9443    x$fpl$drsb          fz_ws.l(daddsub_clz.o)
    0x600143c6   0x600143c6   0x00000002   PAD
    0x600143c8   0x600143c8   0x00000198   Code   RO         9667    x$fpl$dsqrt         fz_ws.l(dsqrt_umaal.o)
    0x60014560   0x60014560   0x000001d4   Code   RO         9444    x$fpl$dsub          fz_ws.l(daddsub_clz.o)
    0x60014734   0x60014734   0x00000056   Code   RO         9474    x$fpl$f2d           fz_ws.l(f2d.o)
    0x6001478a   0x6001478a   0x00000002   PAD
    0x6001478c   0x6001478c   0x000000c4   Code   RO         9476    x$fpl$fadd          fz_ws.l(faddsub_clz.o)
    0x60014850   0x60014850   0x00000018   Code   RO         9669    x$fpl$fcmpinf       fz_ws.l(fcmpi.o)
    0x60014868   0x60014868   0x00000184   Code   RO         9483    x$fpl$fdiv          fz_ws.l(fdiv.o)
    0x600149ec   0x600149ec   0x00000068   Code   RO         9486    x$fpl$feqf          fz_ws.l(feqf.o)
    0x60014a54   0x60014a54   0x00000036   Code   RO         9488    x$fpl$ffix          fz_ws.l(ffix.o)
    0x60014a8a   0x60014a8a   0x00000002   PAD
    0x60014a8c   0x60014a8c   0x0000003e   Code   RO         9492    x$fpl$ffixu         fz_ws.l(ffixu.o)
    0x60014aca   0x60014aca   0x00000002   PAD
    0x60014acc   0x60014acc   0x00000030   Code   RO         9497    x$fpl$fflt          fz_ws.l(fflt_clz.o)
    0x60014afc   0x60014afc   0x00000060   Code   RO         9502    x$fpl$ffltll        fz_ws.l(ffltll_clz.o)
    0x60014b5c   0x60014b5c   0x00000026   Code   RO         9496    x$fpl$ffltu         fz_ws.l(fflt_clz.o)
    0x60014b82   0x60014b82   0x00000002   PAD
    0x60014b84   0x60014b84   0x00000068   Code   RO         9504    x$fpl$fleqf         fz_ws.l(fleqf.o)
    0x60014bec   0x60014bec   0x00000102   Code   RO         9506    x$fpl$fmul          fz_ws.l(fmul.o)
    0x60014cee   0x60014cee   0x0000008c   Code   RO         9671    x$fpl$fnaninf       fz_ws.l(fnaninf.o)
    0x60014d7a   0x60014d7a   0x0000000a   Code   RO         9673    x$fpl$fretinf       fz_ws.l(fretinf.o)
    0x60014d84   0x60014d84   0x00000062   Code   RO         9508    x$fpl$frleqf        fz_ws.l(frleqf.o)
    0x60014de6   0x60014de6   0x00000014   Code   RO         9477    x$fpl$frsb          fz_ws.l(faddsub_clz.o)
    0x60014dfa   0x60014dfa   0x00000002   PAD
    0x60014dfc   0x60014dfc   0x000000ea   Code   RO         9478    x$fpl$fsub          fz_ws.l(faddsub_clz.o)
    0x60014ee6   0x60014ee6   0x00000064   Code   RO         9850    x$fpl$retnan        fz_ws.l(retnan.o)
    0x60014f4a   0x60014f4a   0x0000005c   Code   RO         9675    x$fpl$scalbn        fz_ws.l(scalbn.o)
    0x60014fa6   0x60014fa6   0x00000030   Code   RO         9886    x$fpl$trapveneer    fz_ws.l(trapv.o)
    0x60014fd6   0x60014fd6   0x00000000   Code   RO         9677    x$fpl$usenofp       fz_ws.l(usenofp.o)
    0x60014fd6   0x60014fd6   0x00000002   PAD
    0x60014fd8   0x60014fd8   0x00000011   Data   RO          371    .constdata          clock_config.o
    0x60014fe9   0x60014fe9   0x00000003   PAD
    0x60014fec   0x60014fec   0x00000010   Data   RO          489    .constdata          fsl_clock.o
    0x60014ffc   0x60014ffc   0x00000008   Data   RO          697    .constdata          fsl_elcdif.o
    0x60015004   0x60015004   0x00000024   Data   RO          776    .constdata          fsl_gpio.o
    0x60015028   0x60015028   0x00000048   Data   RO          859    .constdata          fsl_lpuart.o
    0x60015070   0x60015070   0x00000028   Data   RO         1265    .constdata          fsl_lpi2c.o
    0x60015098   0x60015098   0x0000004c   Data   RO         2117    .constdata          button.o
    0x600150e4   0x600150e4   0x00000054   Data   RO         2544    .constdata          check_button.o
    0x60015138   0x60015138   0x00000059   Data   RO         2662    .constdata          dialog.o
    0x60015191   0x60015191   0x00000003   PAD
    0x60015194   0x60015194   0x00000060   Data   RO         2832    .constdata          easing.o
    0x600151f4   0x600151f4   0x0000004c   Data   RO         2967    .constdata          edit.o
    0x60015240   0x60015240   0x0000039c   Data   RO         3220    .constdata          enums.o
    0x600155dc   0x600155dc   0x0000004c   Data   RO         3597    .constdata          group_box.o
    0x60015628   0x60015628   0x0000004c   Data   RO         3806    .constdata          image.o
    0x60015674   0x60015674   0x0000004c   Data   RO         4006    .constdata          label.o
    0x600156c0   0x600156c0   0x00000008   Data   RO         4313    .constdata          locale.o
    0x600156c8   0x600156c8   0x00000009   Data   RO         4584    .constdata          mem.o
    0x600156d1   0x600156d1   0x00000003   PAD
    0x600156d4   0x600156d4   0x0000004c   Data   RO         4649    .constdata          progress_bar.o
    0x60015720   0x60015720   0x0000004c   Data   RO         4879    .constdata          slider.o
    0x6001576c   0x6001576c   0x00000104   Data   RO         5427    .constdata          utf8.o
    0x60015870   0x60015870   0x00000048   Data   RO         6164    .constdata          widget.o
    0x600158b8   0x600158b8   0x0000004c   Data   RO         6621    .constdata          widget_vtable.o
    0x60015904   0x60015904   0x0000004c   Data   RO         6764    .constdata          window.o
    0x60015950   0x60015950   0x0000008e   Data   RO         6924    .constdata          window_manager.o
    0x600159de   0x600159de   0x00000023   Data   RO         7760    .constdata          ui_builder_default.o
    0x60015a01   0x60015a01   0x00000003   PAD
    0x60015a04   0x60015a04   0x00000004   Data   RO         8010    .constdata          ui_loader_default.o
    0x60015a08   0x60015a08   0x00000044   Data   RO         8963    .constdata          lcd_support.o
    0x60015a4c   0x60015a4c   0x00030416   Data   RO         9210    .constdata          resource.o
    0x60045e62   0x60045e62   0x00000028   Data   RO         9371    .constdata          c_w.l(_printf_hex_ptr.o)
    0x60045e8a   0x60045e8a   0x00000006   PAD
    0x60045e90   0x60045e90   0x00000088   Data   RO         9520    .constdata          m_ws.l(pow.o)
    0x60045f18   0x60045f18   0x00000030   Data   RO         9679    .constdata          m_ws.l(cos_i.o)
    0x60045f48   0x60045f48   0x00000008   Data   RO         9699    .constdata          m_ws.l(qnan.o)
    0x60045f50   0x60045f50   0x000000c8   Data   RO         9702    .constdata          m_ws.l(rred.o)
    0x60046018   0x60046018   0x00000028   Data   RO         9706    .constdata          m_ws.l(sin_i.o)
    0x60046040   0x60046040   0x00000004   Data   RO         9780    .constdata          c_w.l(sys_io.o)
    0x60046044   0x60046044   0x00000004   Data   RO         9781    .constdata          c_w.l(sys_io.o)
    0x60046048   0x60046048   0x00000004   Data   RO         9782    .constdata          c_w.l(sys_io.o)
    0x6004604c   0x6004604c   0x0000030e   Data   RO         3221    .conststring        enums.o
    0x6004635a   0x6004635a   0x00000002   PAD
    0x6004635c   0x6004635c   0x00000020   Data   RO         9924    Region$$Table       anon$$obj.o
    0x6004637c   0x6004637c   0x00000200   Data   RO          413    boot.config         easyarm_flexspi_nor_config.o
    0x6004657c   0x6004657c   0x00000110   Data   RO         9609    locale$$data        c_w.l(lc_ctype_c.o)


    Execution Region RW_m_sdram (Exec base: 0x80000000, Load base: 0x6004668c, Size: 0x004ff380, Max: 0x01ffb000, ABSOLUTE)

    Exec Addr    Load Addr    Size         Type   Attr      Idx    E Section Name        Object

    0x80000000   0x6004668c   0x00000004   Data   RW          153    .data               system_mimxrt1052.o
    0x80000004   0x60046690   0x00000008   Data   RW          490    .data               fsl_clock.o
    0x8000000c   0x60046698   0x00000028   Data   RW          698    .data               fsl_elcdif.o
    0x80000034   0x600466c0   0x00000004   Data   RW          860    .data               fsl_lpuart.o
    0x80000038   0x600466c4   0x00000008   Data   RW         1266    .data               fsl_lpi2c.o
    0x80000040   0x600466cc   0x00000008   Data   RW         1601    .data               fsl_io.o
    0x80000048   0x600466d4   0x00000004   Data   RW         3491    .data               font_manager.o
    0x8000004c   0x600466d8   0x00000004   Data   RW         3666    .data               idle.o
    0x80000050   0x600466dc   0x00000004   Data   RW         3917    .data               image_manager.o
    0x80000054   0x600466e0   0x00000004   Data   RW         4314    .data               locale.o
    0x80000058   0x600466e4   0x00000004   Data   RW         4410    .data               main_loop.o
    0x8000005c   0x600466e8   0x00000004   Data   RW         4767    .data               resource_manager.o
    0x80000060   0x600466ec   0x00000004   Data   RW         5205    .data               timer.o
    0x80000064   0x600466f0   0x00000004   Data   RW         5372    .data               theme.o
    0x80000068   0x600466f4   0x00000004   Data   RW         6925    .data               window_manager.o
    0x8000006c   0x600466f8   0x00000004   Data   RW         8649    .data               mutex.o
    0x80000070   0x600466fc   0x00000001   Data   RW         8746    .data               main_loop_aworks.o
    0x80000071   0x600466fd   0x00000003   PAD
    0x80000074   0x60046700   0x00000004   Data   RW         8903    .data               platform.o
    0x80000078   0x60046704   0x0000000d   Data   RW         8964    .data               lcd_support.o
    0x80000085   0x60046711   0x00000003   PAD
    0x80000088   0x60046714   0x00000004   Data   RW         9606    .data               c_w.l(stdio_streams.o)
    0x8000008c   0x60046718   0x00000004   Data   RW         9607    .data               c_w.l(stdio_streams.o)
    0x80000090   0x6004671c   0x00000004   Data   RW         9608    .data               c_w.l(stdio_streams.o)
    0x80000094        -       0x00000024   Zero   RW          858    .bss                fsl_lpuart.o
    0x800000b8        -       0x00000020   Zero   RW         1264    .bss                fsl_lpi2c.o
    0x800000d8        -       0x00000010   Zero   RW         4583    .bss                mem.o
    0x800000e8        -       0x00000010   Zero   RW         5128    .bss                system_info.o
    0x800000f8        -       0x0000004c   Zero   RW         6059    .bss                view.o
    0x80000144        -       0x00000020   Zero   RW         7759    .bss                ui_builder_default.o
    0x80000164        -       0x0000007c   Zero   RW         8549    .bss                main_loop_simple.o
    0x800001e0        -       0x0000003c   Zero   RW         8745    .bss                main_loop_aworks.o
    0x8000021c        -       0x00400000   Zero   RW         8902    .bss                platform.o
    0x8040021c        -       0x00000054   Zero   RW         9603    .bss                c_w.l(stdio_streams.o)
    0x80400270        -       0x00000054   Zero   RW         9604    .bss                c_w.l(stdio_streams.o)
    0x804002c4        -       0x00000054   Zero   RW         9605    .bss                c_w.l(stdio_streams.o)
    0x80400318        -       0x00000060   Zero   RW         9714    .bss                c_w.l(libspace.o)
    0x80400378   0x60046720   0x00000008   PAD
    0x80400380        -       0x000ff000   Zero   RW         8965    NonCacheable        lcd_support.o


    Execution Region ARM_LIB_HEAP (Exec base: 0x804ff380, Load base: 0x60046720, Size: 0x00001000, Max: 0x00001000, ABSOLUTE)

    Exec Addr    Load Addr    Size         Type   Attr      Idx    E Section Name        Object

    0x804ff380        -       0x00001000   Zero   RW            1    ARM_LIB_HEAP.bss    anon$$obj.o


    Execution Region ARM_LIB_STACK (Exec base: 0x81ffc000, Load base: 0x60046720, Size: 0x00004000, Max: 0x00004000, ABSOLUTE)

    Exec Addr    Load Addr    Size         Type   Attr      Idx    E Section Name        Object

    0x81ffc000        -       0x00004000   Zero   RW            2    ARM_LIB_STACK.bss   anon$$obj.o



  Load Region LR_m_interrupts (Base: 0x60002000, Size: 0x00000400, Max: 0x00000400, ABSOLUTE)

    Execution Region VECTOR_ROM (Exec base: 0x60002000, Load base: 0x60002000, Size: 0x00000400, Max: 0x00000400, ABSOLUTE)

    Exec Addr    Load Addr    Size         Type   Attr      Idx    E Section Name        Object

    0x60002000   0x60002000   0x00000400   Data   RO          205    RESET               startup_mimxrt1052.o


==============================================================================

Image component sizes


      Code (inc. data)   RO Data    RW Data    ZI Data      Debug   Object Name

       618          0          0          0          0       9914   array.o
       180         46          0          0          0    1401717   awtk.o
        32          0          0          0          0        689   bitmap.o
      1166          0          0          0          0       6690   blend_image_565_565.o
      1294          0          0          0          0       6883   blend_image_565_8888.o
      1288          0          0          0          0       7559   blend_image_8888_565.o
      1266          0          0          0          0       6920   blend_image_8888_8888.o
      1024        108          0          0          0      52549   board.o
       282          0          0          0          0       6258   buffer.o
       208          4         76          0          0      28560   button.o
      4898         14          0          0          0      42255   canvas.o
       542         28         84          0          0      20739   check_button.o
       440         98         17          0          0      13698   clock_config.o
        24          0          0          0          0        745   color.o
        30          0          0          0          0        704   demo_main.o
       644        168          0          0          0      18915   demo_ui_app.o
       958        116         89          0          0      26306   dialog.o
      2872        264         96          0          0      18141   easing.o
         0          0       1576          0          0      10450   easyarm_flexspi_nor_config.o
      1646        106         76          0          0      23936   edit.o
       346          0          0          0          0      21239   emitter.o
       100          8       1706          0          0       4897   enums.o
       248          0          0          0          0      16721   event_queue.o
        94          0          0          0          0       4186   font.o
       314         14          0          0          0       7156   font_bitmap.o
       258         20          0          4          0       8152   font_manager.o
      1728        164         16          8          0      21460   fsl_clock.o
       154          4          0          0          0       3326   fsl_debug_console.o
       340         24          8         40          0      18914   fsl_elcdif.o
       210          0          0          0          0      11174   fsl_ft5406_rt.o
       342         18         36          0          0      16623   fsl_gpio.o
       188          8          0          8          0       7936   fsl_io.o
        86          0          0          0          0       3920   fsl_log.o
      1668         66         40          8         32      30974   fsl_lpi2c.o
      1152        120         72          4         36      56227   fsl_lpuart.o
       726          0          0          0          0       4018   fsl_str.o
       104          4         76          0          0      14747   group_box.o
       402         12          0          4          0       8211   idle.o
       632         48         76          0          0      19756   image.o
        44          0          0          0          0       1960   image_loader.o
       562         12          0          4          0      11059   image_manager.o
        96          4         76          0          0      14703   label.o
      1510         38          0          0          0      19743   layout.o
       684          0          0          0          0      18211   lcd.o
      1676         52          0          0          0      22682   lcd_mem_rgb565.o
       574        100         68         13    1044480      28307   lcd_support.o
       366         32          8          4          0      13597   locale.o
       206         10          0          4          0      22311   main_loop.o
       336         34          0          1         60      48101   main_loop_aworks.o
       552         12          0          0        124      21820   main_loop_simple.o
       846        128          9          0         16       8201   mem.o
        26          4          0          4          0       3823   mutex.o
      2270         38          0          0          0    1422601   pin_mux.o
        96         26          0          4    4194304       3547   platform.o
      1110         70         76          0          0      20060   progress_bar.o
       212          0          0          0          0       2233   rect.o
       544        176     197654          0          0      19035   resource.o
       522         26          0          4          0      12916   resource_manager.o
      2002         84         76          0          0      29449   slider.o
       614          0          0          0          0       3962   soft_g2d.o
       444        210       1024          0          0       3600   startup_mimxrt1052.o
       428          0          0          0          0       9478   str.o
         8          4          0          0         16       5858   system_info.o
       712         56          0          4          0    1377634   system_mimxrt1052.o
       576         12          0          4          0       7066   theme.o
        24          0          0          0          0       1163   time.o
       592         18          0          4          0      10782   timer.o
       438         34          0          0          0       5855   tk.o
       162          0          0          0          0      17814   ui_builder.o
       712        104         35          0         32      20775   ui_builder_default.o
         0          0          0          0          0        632   ui_builder_writer.o
        48          0          0          0          0      14885   ui_loader.o
       248         10          4          0          0      16125   ui_loader_default.o
       256          4        260          0          0       4594   utf8.o
       904         16          0          0          0       6357   utils.o
       722         46          0          0          0      13314   value.o
         8          0          0          0          0        766   vgcanvas_null.o
        84          4          0          0         76      13994   view.o
      3830        138         72          0          0      45186   widget.o
       510          4         76          0          0      26923   widget_vtable.o
       314         30         76          0          0      17823   window.o
       288          0          0          0          0      16297   window_animator.o
      4354        290          0          0          0      40997   window_animator_fb.o
      2268        180        142          4          0      44057   window_manager.o
       496          0          0          0          0      10083   wstr.o

    ----------------------------------------------------------------------
     61878       3468     203746        136    5259656    5463644   Object Totals
         0          0         32          0      20480          0   (incl. Generated)
       100          0         14          6          0          0   (incl. Padding)

    ----------------------------------------------------------------------

      Code (inc. data)   RO Data    RW Data    ZI Data      Debug   Library Member Name

         8          0          0          0          0         68   __main.o
       104          0          0          0          0         84   __printf.o
         0          0          0          0          0          0   __rtentry.o
        12          0          0          0          0          0   __rtentry2.o
         8          4          0          0          0          0   __rtentry7.o
        52          8          0          0          0          0   __scatter.o
        26          0          0          0          0          0   __scatter_copy.o
        28          0          0          0          0          0   __scatter_zi.o
        28          0          0          0          0         68   _chval.o
        44          0          0          0          0        108   _printf_char.o
        48          6          0          0          0         96   _printf_char_common.o
        36          4          0          0          0         80   _printf_char_file.o
         6          0          0          0          0          0   _printf_d.o
       120         16          0          0          0         92   _printf_dec.o
        84          6         40          0          0         88   _printf_hex_ptr.o
       178          0          0          0          0         88   _printf_intcommon.o
         6          0          0          0          0          0   _printf_p.o
         0          0          0          0          0          0   _printf_percent.o
         4          0          0          0          0          0   _printf_percent_end.o
         6          0          0          0          0          0   _printf_s.o
        82          0          0          0          0         80   _printf_str.o
        22          0          0          0          0        100   _rserrno.o
        16          0          0          0          0         68   _snputc.o
        10          0          0          0          0         68   _sputc.o
       158          0          0          0          0         92   _strtoul.o
        26          0          0          0          0         80   atoi.o
        10          0          0          0          0         68   defsig_exit.o
        50          0          0          0          0         88   defsig_general.o
        80         58          0          0          0         76   defsig_rtmem_inner.o
        14          0          0          0          0         80   defsig_rtmem_outer.o
        52         38          0          0          0         76   defsig_rtred_inner.o
        14          0          0          0          0         80   defsig_rtred_outer.o
        18          0          0          0          0         80   exit.o
        76          0          0          0          0         88   fclose.o
         8          0          0          0          0         68   ferror.o
       470          0          0          0          0         88   flsbuf.o
       236          4          0          0          0        128   fopen.o
        26          0          0          0          0         68   fputc.o
       248          6          0          0          0         84   fseek.o
        66          0          0          0          0         76   ftell.o
        94          0          0          0          0         80   h1_alloc.o
        52          0          0          0          0         68   h1_extend.o
        78          0          0          0          0         80   h1_free.o
        14          0          0          0          0         84   h1_init.o
         4          0          0          0          0        136   hguard.o
         0          0          0          0          0          0   indicate_semi.o
       138          0          0          0          0        168   init_alloc.o
       312         46          0          0          0        112   initio.o
        44         10        272          0          0         76   lc_ctype_c.o
         2          0          0          0          0          0   libinit.o
        24          0          0          0          0          0   libinit2.o
        16          8          0          0          0          0   libinit5.o
         2          0          0          0          0          0   libshutdown.o
         6          0          0          0          0          0   libshutdown2.o
         0          0          0          0         96          0   libspace.o
       238          0          0          0          0        100   lludivv7m.o
         0          0          0          0          0          0   maybetermalloc1.o
        24          4          0          0          0         84   noretval__2printf.o
        52          4          0          0          0         84   noretval__2snprintf.o
        16          4          0          0          0         76   rt_ctype_table.o
         8          4          0          0          0         68   rt_errno_addr_intlibspace.o
         8          4          0          0          0         68   rt_heap_descriptor_intlibspace.o
         8          4          0          0          0         68   rt_locale_intlibspace.o
        68          0          0          0          0         68   rt_memclr.o
        78          0          0          0          0         80   rt_memclr_w.o
       138          0          0          0          0         68   rt_memcpy_v6.o
       100          0          0          0          0         80   rt_memcpy_w.o
         2          0          0          0          0          0   rtexit.o
        10          0          0          0          0          0   rtexit2.o
        70          0          0          0          0         80   setvbuf.o
       240          6          0          0          0        156   stdio.o
         0          0          0         12        252          0   stdio_streams.o
        20          0          0          0          0         68   strchr.o
       104          0          0          0          0         68   strcmpv7m_pel.o
        72          0          0          0          0         80   strcpy.o
        62          0          0          0          0         76   strlen.o
        86          0          0          0          0         76   strncpy.o
       112          0          0          0          0         88   strtol.o
        12          4          0          0          0         68   sys_exit.o
       102          0         12          0          0        240   sys_io.o
        14          0          0          0          0         76   sys_wrch.o
         2          0          0          0          0         68   use_no_semi.o
        22          0          0          0          0         68   wcschr.o
        18          0          0          0          0         68   wcscpy.o
        18          0          0          0          0         68   wcslen.o
        98          4          0          0          0         92   d2f.o
       826         16          0          0          0        348   daddsub_clz.o
        16          4          0          0          0         68   dcheck1.o
        24          0          0          0          0         68   dcmpi.o
       688        140          0          0          0        208   ddiv.o
       120          4          0          0          0         92   deqf.o
        94          4          0          0          0         92   dfix.o
        84          0          0          0          0        136   dflt_clz.o
       120          4          0          0          0         92   dleqf.o
       340         12          0          0          0        104   dmul.o
       156          4          0          0          0         92   dnaninf.o
        12          0          0          0          0         68   dretinf.o
       108          0          0          0          0         80   drleqf.o
       408         56          0          0          0        120   dsqrt_umaal.o
        86          4          0          0          0         84   f2d.o
       450          8          0          0          0        236   faddsub_clz.o
        24          0          0          0          0         68   fcmpi.o
       388         76          0          0          0         96   fdiv.o
       104          4          0          0          0         84   feqf.o
        54          4          0          0          0         84   ffix.o
        62          4          0          0          0         84   ffixu.o
        86          0          0          0          0        136   fflt_clz.o
        96          0          0          0          0         84   ffltll_clz.o
       104          4          0          0          0         84   fleqf.o
       258          4          0          0          0         84   fmul.o
       140          4          0          0          0         84   fnaninf.o
        10          0          0          0          0         68   fretinf.o
        98          0          0          0          0         68   frleqf.o
       100          0          0          0          0         68   retnan.o
        92          0          0          0          0         68   scalbn.o
        48          0          0          0          0         68   trapv.o
         0          0          0          0          0          0   usenofp.o
       156          8          0          0          0        104   cos.o
       252         22         48          0          0        124   cos_i.o
        68         10          0          0          0        408   dunder.o
        40          0          0          0          0         68   fpclassify.o
       170          0          0          0          0         96   poly.o
      2520        190        136          0          0        324   pow.o
         0          0          8          0          0          0   qnan.o
       904         76        200          0          0        140   rred.o
       160         10          0          0          0        108   sin.o
       236         12         40          0          0        128   sin_i.o
        76          0          0          0          0         84   sqrt.o

    ----------------------------------------------------------------------
     14882        936        762         12        356      10196   Library Totals
        36          0          6          0          8          0   (incl. Padding)

    ----------------------------------------------------------------------

      Code (inc. data)   RO Data    RW Data    ZI Data      Debug   Library Name

      4970        248        324         12        348       5404   c_w.l
      5294        360          0          0          0       3208   fz_ws.l
      4582        328        432          0          0       1584   m_ws.l

    ----------------------------------------------------------------------
     14882        936        762         12        356      10196   Library Totals

    ----------------------------------------------------------------------

==============================================================================


      Code (inc. data)   RO Data    RW Data    ZI Data      Debug   

     76760       4404     204508        148    5260012    5433744   Grand Totals
     76760       4404     204508        148    5260012    5433744   ELF Image Totals
     76760       4404     204508        148          0          0   ROM Totals

==============================================================================

    Total RO  Size (Code + RO Data)               281268 ( 274.68kB)
    Total RW  Size (RW Data + ZI Data)           5260160 (5136.88kB)
    Total ROM Size (Code + RO Data + RW Data)     281416 ( 274.82kB)

==============================================================================

