Component: ARM Compiler 5.06 update 6 (build 750) Tool: armlink [4d35ed]

==============================================================================

Section Cross References

    awtk.o(i.awtk_touch_init) refers to rt_memclr_w.o(.text) for __aeabi_memclr4
    awtk.o(i.awtk_touch_init) refers to fsl_lpi2c.o(i.LPI2C_MasterGetDefaultConfig) for LPI2C_MasterGetDefaultConfig
    awtk.o(i.awtk_touch_init) refers to fsl_clock.o(i.CLOCK_GetFreq) for CLOCK_GetFreq
    awtk.o(i.awtk_touch_init) refers to fsl_lpi2c.o(i.LPI2C_MasterInit) for LPI2C_MasterInit
    awtk.o(i.awtk_touch_init) refers to fsl_ft5406_rt.o(i.FT5406_RT_Init) for FT5406_RT_Init
    awtk.o(i.awtk_touch_init) refers to awtk.o(.bss) for touchHandle
    awtk.o(i.awtk_touch_init) refers to awtk.o(.data) for ts_id
    awtk.o(i.main) refers to board.o(i.BOARD_ConfigMPU) for BOARD_ConfigMPU
    awtk.o(i.main) refers to pin_mux.o(i.BOARD_InitPins) for BOARD_InitPins
    awtk.o(i.main) refers to pin_mux.o(i.BOARD_InitI2C1Pins) for BOARD_InitI2C1Pins
    awtk.o(i.main) refers to pin_mux.o(i.BOARD_InitSemcPins) for BOARD_InitSemcPins
    awtk.o(i.main) refers to clock_config.o(i.BOARD_BootClockRUN) for BOARD_BootClockRUN
    awtk.o(i.main) refers to lcd_support.o(i.BOARD_InitLcdifPixelClock) for BOARD_InitLcdifPixelClock
    awtk.o(i.main) refers to board.o(i.BOARD_InitDebugConsole) for BOARD_InitDebugConsole
    awtk.o(i.main) refers to lcd_support.o(i.BOARD_InitLcd) for BOARD_InitLcd
    awtk.o(i.main) refers to fsl_debug_console.o(i.DbgConsole_Printf) for DbgConsole_Printf
    awtk.o(i.main) refers to lcd_support.o(i.awtk_lcd_init) for awtk_lcd_init
    awtk.o(i.main) refers to awtk.o(i.awtk_touch_init) for awtk_touch_init
    awtk.o(i.main) refers to demo_main.o(i.gui_app_start) for gui_app_start
    awtk.o(i.main) refers to system_mimxrt1052.o(.data) for SystemCoreClock
    awtk.o(i.main) refers to awtk.o(.data) for ts_id
    system_mimxrt1052.o(i.SystemCoreClockUpdate) refers to lludivv7m.o(.text) for __aeabi_uldivmod
    system_mimxrt1052.o(i.SystemCoreClockUpdate) refers to system_mimxrt1052.o(.data) for SystemCoreClock
    system_mimxrt1052.o(i.SystemInit) refers to system_mimxrt1052.o(i.SCB_EnableICache) for SCB_EnableICache
    system_mimxrt1052.o(i.SystemInit) refers to system_mimxrt1052.o(i.SCB_EnableDCache) for SCB_EnableDCache
    startup_mimxrt1052.o(RESET) refers to startup_mimxrt1052.o(RES_HANDLER) for Reset_Handler
    startup_mimxrt1052.o(RESET) refers to startup_mimxrt1052.o(OTHER_HANDLER) for NMI_Handler
    startup_mimxrt1052.o(RESET) refers to platform.o(i.SysTick_Handler) for SysTick_Handler
    startup_mimxrt1052.o(RESET) refers to lcd_support.o(i.LCDIF_IRQHandler) for LCDIF_IRQHandler
    startup_mimxrt1052.o(RES_HANDLER) refers to startup_mimxrt1052.o(RESET) for __Vectors
    startup_mimxrt1052.o(RES_HANDLER) refers to system_mimxrt1052.o(i.SystemInit) for SystemInit
    startup_mimxrt1052.o(RES_HANDLER) refers to __main.o(!!!main) for __main
    startup_mimxrt1052.o(OTHER_HANDLER) refers to fsl_lpuart.o(i.LPUART1_DriverIRQHandler) for LPUART1_DriverIRQHandler
    startup_mimxrt1052.o(OTHER_HANDLER) refers to fsl_lpuart.o(i.LPUART2_DriverIRQHandler) for LPUART2_DriverIRQHandler
    startup_mimxrt1052.o(OTHER_HANDLER) refers to fsl_lpuart.o(i.LPUART3_DriverIRQHandler) for LPUART3_DriverIRQHandler
    startup_mimxrt1052.o(OTHER_HANDLER) refers to fsl_lpuart.o(i.LPUART4_DriverIRQHandler) for LPUART4_DriverIRQHandler
    startup_mimxrt1052.o(OTHER_HANDLER) refers to fsl_lpuart.o(i.LPUART5_DriverIRQHandler) for LPUART5_DriverIRQHandler
    startup_mimxrt1052.o(OTHER_HANDLER) refers to fsl_lpuart.o(i.LPUART6_DriverIRQHandler) for LPUART6_DriverIRQHandler
    startup_mimxrt1052.o(OTHER_HANDLER) refers to fsl_lpuart.o(i.LPUART7_DriverIRQHandler) for LPUART7_DriverIRQHandler
    startup_mimxrt1052.o(OTHER_HANDLER) refers to fsl_lpuart.o(i.LPUART8_DriverIRQHandler) for LPUART8_DriverIRQHandler
    startup_mimxrt1052.o(OTHER_HANDLER) refers to fsl_lpi2c.o(i.LPI2C1_DriverIRQHandler) for LPI2C1_DriverIRQHandler
    startup_mimxrt1052.o(OTHER_HANDLER) refers to fsl_lpi2c.o(i.LPI2C2_DriverIRQHandler) for LPI2C2_DriverIRQHandler
    startup_mimxrt1052.o(OTHER_HANDLER) refers to fsl_lpi2c.o(i.LPI2C3_DriverIRQHandler) for LPI2C3_DriverIRQHandler
    pin_mux.o(i.BOARD_InitI2C1Pins) refers to pin_mux.o(i.CLOCK_EnableClock) for CLOCK_EnableClock
    pin_mux.o(i.BOARD_InitI2C1Pins) refers to pin_mux.o(i.IOMUXC_SetPinMux) for IOMUXC_SetPinMux
    pin_mux.o(i.BOARD_InitI2C1Pins) refers to pin_mux.o(i.IOMUXC_SetPinConfig) for IOMUXC_SetPinConfig
    pin_mux.o(i.BOARD_InitPins) refers to pin_mux.o(i.CLOCK_EnableClock) for CLOCK_EnableClock
    pin_mux.o(i.BOARD_InitPins) refers to pin_mux.o(i.IOMUXC_SetPinMux) for IOMUXC_SetPinMux
    pin_mux.o(i.BOARD_InitPins) refers to pin_mux.o(i.IOMUXC_SetPinConfig) for IOMUXC_SetPinConfig
    pin_mux.o(i.BOARD_InitSemcPins) refers to pin_mux.o(i.CLOCK_EnableClock) for CLOCK_EnableClock
[...]
    0x6000505c   0x6000505c   0x0000001c   Code   RO          848    i.LPUART4_DriverIRQHandler  fsl_lpuart.o
    0x60005078   0x60005078   0x0000001c   Code   RO          849    i.LPUART5_DriverIRQHandler  fsl_lpuart.o
    0x60005094   0x60005094   0x0000001c   Code   RO          850    i.LPUART6_DriverIRQHandler  fsl_lpuart.o
    0x600050b0   0x600050b0   0x0000001c   Code   RO          851    i.LPUART7_DriverIRQHandler  fsl_lpuart.o
    0x600050cc   0x600050cc   0x0000001c   Code   RO          852    i.LPUART8_DriverIRQHandler  fsl_lpuart.o
    0x600050e8   0x600050e8   0x00000058   Code   RO          853    i.LPUART_ClearStatusFlags  fsl_lpuart.o
    0x60005140   0x60005140   0x00000026   Code   RO          857    i.LPUART_GetDefaultConfig  fsl_lpuart.o
    0x60005166   0x60005166   0x00000002   PAD
    0x60005168   0x60005168   0x00000020   Code   RO          859    i.LPUART_GetInstance  fsl_lpuart.o
    0x60005188   0x60005188   0x00000010   Code   RO          860    i.LPUART_GetStatusFlags  fsl_lpuart.o
    0x60005198   0x60005198   0x000001ec   Code   RO          861    i.LPUART_Init       fsl_lpuart.o
    0x60005384   0x60005384   0x000000c2   Code   RO          862    i.LPUART_ReadBlocking  fsl_lpuart.o
    0x60005446   0x60005446   0x00000020   Code   RO          878    i.LPUART_WriteBlocking  fsl_lpuart.o
    0x60005466   0x60005466   0x00000002   PAD
    0x60005468   0x60005468   0x000000a0   Code   RO          317    i.SCB_DisableDCache  board.o
    0x60005508   0x60005508   0x0000009c   Code   RO          165    i.SCB_EnableDCache  system_mimxrt1052.o
    0x600055a4   0x600055a4   0x0000009c   Code   RO          318    i.SCB_EnableDCache  board.o
    0x60005640   0x60005640   0x0000007c   Code   RO          166    i.SCB_EnableICache  system_mimxrt1052.o
    0x600056bc   0x600056bc   0x0000007c   Code   RO          319    i.SCB_EnableICache  board.o
    0x60005738   0x60005738   0x0000022e   Code   RO         1746    i.StrFormatPrintf   fsl_str.o
    0x60005966   0x60005966   0x00000002   PAD
    0x60005968   0x60005968   0x00000010   Code   RO         8848    i.SysTick_Handler   platform.o
    0x60005978   0x60005978   0x00000130   Code   RO          167    i.SystemCoreClockUpdate  system_mimxrt1052.o
    0x60005aa8   0x60005aa8   0x00000080   Code   RO          168    i.SystemInit        system_mimxrt1052.o
    0x60005b28   0x60005b28   0x00000028   Code   RO         9739    i.__ARM_fpclassify  m_ws.l(fpclassify.o)
    0x60005b50   0x60005b50   0x00000388   Code   RO         9744    i.__ieee754_rem_pio2  m_ws.l(rred.o)
    0x60005ed8   0x60005ed8   0x000000fc   Code   RO         9722    i.__kernel_cos      m_ws.l(cos_i.o)
    0x60005fd4   0x60005fd4   0x000000aa   Code   RO         9741    i.__kernel_poly     m_ws.l(poly.o)
    0x6000607e   0x6000607e   0x00000002   PAD
    0x60006080   0x60006080   0x000000ec   Code   RO         9749    i.__kernel_sin      m_ws.l(sin_i.o)
    0x6000616c   0x6000616c   0x00000010   Code   RO         9725    i.__mathlib_dbl_divzero  m_ws.l(dunder.o)
    0x6000617c   0x6000617c   0x00000006   Code   RO         9726    i.__mathlib_dbl_infnan  m_ws.l(dunder.o)
    0x60006182   0x60006182   0x00000004   Code   RO         9727    i.__mathlib_dbl_infnan2  m_ws.l(dunder.o)
    0x60006186   0x60006186   0x0000000c   Code   RO         9728    i.__mathlib_dbl_invalid  m_ws.l(dunder.o)
    0x60006192   0x60006192   0x0000000e   Code   RO         9729    i.__mathlib_dbl_overflow  m_ws.l(dunder.o)
    0x600061a0   0x600061a0   0x00000010   Code   RO         9731    i.__mathlib_dbl_underflow  m_ws.l(dunder.o)
    0x600061b0   0x600061b0   0x000000d8   Code   RO         9182    i.application_init  demo_ui_app.o
    0x60006288   0x60006288   0x00000026   Code   RO         1904    i.array_create      array.o
    0x600062ae   0x600062ae   0x0000001c   Code   RO         1905    i.array_deinit      array.o
    0x600062ca   0x600062ca   0x0000001c   Code   RO         1906    i.array_destroy     array.o
    0x600062e6   0x600062e6   0x00000038   Code   RO         1907    i.array_extend      array.o
    0x6000631e   0x6000631e   0x00000028   Code   RO         1908    i.array_find        array.o
    0x60006346   0x60006346   0x0000005a   Code   RO         1909    i.array_find_index  array.o
    0x600063a0   0x600063a0   0x00000030   Code   RO         1910    i.array_init        array.o
    0x600063d0   0x600063d0   0x0000001e   Code   RO         1911    i.array_pop         array.o
    0x600063ee   0x600063ee   0x00000028   Code   RO         1912    i.array_push        array.o
    0x60006416   0x60006416   0x0000006e   Code   RO         1913    i.array_remove      array.o
    0x60006484   0x60006484   0x0000006e   Code   RO         1914    i.array_remove_all  array.o
    0x600064f2   0x600064f2   0x00000002   PAD
    0x600064f4   0x600064f4   0x00000040   Code   RO         8911    i.awtk_lcd_init     lcd_support.o
    0x60006534   0x60006534   0x00000100   Code   RO            6    i.awtk_touch_init   awtk.o
    0x60006634   0x60006634   0x0000001a   Code   RO         3940    i.bitmap_cache_destroy  image_manager.o
    0x6000664e   0x6000664e   0x00000020   Code   RO         1997    i.bitmap_destroy    bitmap.o
    0x6000666e   0x6000666e   0x0000009e   Code   RO         7431    i.blend_a           blend_image_565_565.o
    0x6000670c   0x6000670c   0x000000fa   Code   RO         7469    i.blend_a           blend_image_565_8888.o
    0x60006806   0x60006806   0x000000da   Code   RO         7503    i.blend_a           blend_image_8888_565.o
    0x600068e0   0x600068e0   0x000000de   Code   RO         7545    i.blend_a           blend_image_8888_8888.o
    0x600069be   0x600069be   0x0000004a   Code   RO         7432    i.blend_image_565_565  blend_image_565_565.o
    0x60006a08   0x60006a08   0x0000004a   Code   RO         7470    i.blend_image_565_8888  blend_image_565_8888.o
    0x60006a52   0x60006a52   0x0000004a   Code   RO         7504    i.blend_image_8888_565  blend_image_8888_565.o
    0x60006a9c   0x60006a9c   0x0000004a   Code   RO         7546    i.blend_image_8888_8888  blend_image_8888_8888.o
    0x60006ae6   0x60006ae6   0x00000204   Code   RO         7433    i.blend_image_with_alpha  blend_image_565_565.o
    0x60006cea   0x60006cea   0x00000204   Code   RO         7471    i.blend_image_with_alpha  blend_image_565_8888.o
    0x60006eee   0x60006eee   0x00000204   Code   RO         7505    i.blend_image_with_alpha  blend_image_8888_565.o
    0x600070f2   0x600070f2   0x00000204   Code   RO         7547    i.blend_image_with_alpha  blend_image_8888_8888.o
    0x600072f6   0x600072f6   0x000001e4   Code   RO         7434    i.blend_image_without_alpha  blend_image_565_565.o
    0x600074da   0x600074da   0x00000204   Code   RO         7472    i.blend_image_without_alpha  blend_image_565_8888.o
    0x600076de   0x600076de   0x000001f8   Code   RO         7506    i.blend_image_without_alpha  blend_image_8888_565.o
    0x600078d6   0x600078d6   0x00000204   Code   RO         7548    i.blend_image_without_alpha  blend_image_8888_8888.o
    0x60007ada   0x60007ada   0x00000068   Code   RO         7613    i.blend_pixel       lcd_mem_rgb565.o
    0x60007b42   0x60007b42   0x00000002   PAD
    0x60007b44   0x60007b44   0x00000054   Code   RO         2143    i.button_create     button.o
    0x60007b98   0x60007b98   0x00000068   Code   RO         2144    i.button_on_event   button.o
    0x60007c00   0x60007c00   0x00000014   Code   RO         2145    i.button_on_paint_self  button.o
    0x60007c14   0x60007c14   0x00000028   Code   RO         2237    i.canvas_begin_frame  canvas.o
    0x60007c3c   0x60007c3c   0x0000014c   Code   RO         2238    i.canvas_do_draw_image  canvas.o
    0x60007d88   0x60007d88   0x000000a0   Code   RO         2242    i.canvas_draw_glyph  canvas.o
    0x60007e28   0x60007e28   0x0000005c   Code   RO         2244    i.canvas_draw_hline_impl  canvas.o
    0x60007e84   0x60007e84   0x000000ec   Code   RO         2245    i.canvas_draw_icon  canvas.o
    0x60007f70   0x60007f70   0x00000042   Code   RO         2246    i.canvas_draw_image  canvas.o
    0x60007fb2   0x60007fb2   0x000000e4   Code   RO         2247    i.canvas_draw_image_3patch_x  canvas.o
    0x60008096   0x60008096   0x000000e0   Code   RO         2248    i.canvas_draw_image_3patch_x_scale_y  canvas.o
    0x60008176   0x60008176   0x000000e6   Code   RO         2249    i.canvas_draw_image_3patch_y  canvas.o
    0x6000825c   0x6000825c   0x000000dc   Code   RO         2250    i.canvas_draw_image_3patch_y_scale_x  canvas.o
    0x60008338   0x60008338   0x00000210   Code   RO         2251    i.canvas_draw_image_9patch  canvas.o
    0x60008548   0x60008548   0x00000038   Code   RO         2253    i.canvas_draw_image_center  canvas.o
    0x60008580   0x60008580   0x000000e8   Code   RO         2254    i.canvas_draw_image_ex  canvas.o
    0x60008668   0x60008668   0x000000a6   Code   RO         2255    i.canvas_draw_image_repeat  canvas.o
    0x6000870e   0x6000870e   0x0000006c   Code   RO         2256    i.canvas_draw_image_repeat_x  canvas.o
    0x6000877a   0x6000877a   0x0000006c   Code   RO         2257    i.canvas_draw_image_repeat_y  canvas.o
    0x600087e6   0x600087e6   0x000000c6   Code   RO         2258    i.canvas_draw_image_scale  canvas.o
    0x600088ac   0x600088ac   0x000000e2   Code   RO         2259    i.canvas_draw_image_scale_h  canvas.o
    0x6000898e   0x6000898e   0x000000e2   Code   RO         2260    i.canvas_draw_image_scale_w  canvas.o
    0x60008a70   0x60008a70   0x0000004e   Code   RO         2265    i.canvas_draw_text  canvas.o
    0x60008abe   0x60008abe   0x000000b4   Code   RO         2266    i.canvas_draw_text_impl  canvas.o
    0x60008b72   0x60008b72   0x00000026   Code   RO         2267    i.canvas_draw_vline  canvas.o
    0x60008b98   0x60008b98   0x0000005c   Code   RO         2268    i.canvas_draw_vline_impl  canvas.o
    0x60008bf4   0x60008bf4   0x00000012   Code   RO         2269    i.canvas_end_frame  canvas.o
    0x60008c06   0x60008c06   0x0000002e   Code   RO         2270    i.canvas_fill_rect  canvas.o
    0x60008c34   0x60008c34   0x00000088   Code   RO         2271    i.canvas_fill_rect_impl  canvas.o
    0x60008cbc   0x60008cbc   0x00000022   Code   RO         2274    i.canvas_init       canvas.o
    0x60008cde   0x60008cde   0x00000032   Code   RO         2275    i.canvas_measure_text  canvas.o
    0x60008d10   0x60008d10   0x0000005e   Code   RO         2276    i.canvas_measure_text_default  canvas.o
    0x60008d6e   0x60008d6e   0x00000060   Code   RO         2277    i.canvas_set_clip_rect  canvas.o
    0x60008dce   0x60008dce   0x00000016   Code   RO         2278    i.canvas_set_fill_color  canvas.o
    0x60008de4   0x60008de4   0x0000003e   Code   RO         2279    i.canvas_set_font   canvas.o
    0x60008e22   0x60008e22   0x00000018   Code   RO         2280    i.canvas_set_global_alpha  canvas.o
    0x60008e3a   0x60008e3a   0x00000016   Code   RO         2281    i.canvas_set_stroke_color  canvas.o
    0x60008e50   0x60008e50   0x00000016   Code   RO         2282    i.canvas_set_text_color  canvas.o
    0x60008e66   0x60008e66   0x0000002e   Code   RO         2283    i.canvas_stroke_rect  canvas.o
    0x60008e94   0x60008e94   0x00000072   Code   RO         2284    i.canvas_stroke_rect_impl  canvas.o
    0x60008f06   0x60008f06   0x00000018   Code   RO         2286    i.canvas_translate  canvas.o
    0x60008f1e   0x60008f1e   0x00000018   Code   RO         2287    i.canvas_untranslate  canvas.o
    0x60008f36   0x60008f36   0x00000002   PAD
    0x60008f38   0x60008f38   0x00000054   Code   RO         2571    i.check_button_create  check_button.o
    0x60008f8c   0x60008f8c   0x00000046   Code   RO         2572    i.check_button_create_radio  check_button.o
    0x60008fd2   0x60008fd2   0x00000002   PAD
    0x60008fd4   0x60008fd4   0x0000003c   Code   RO         2573    i.check_button_get_prop  check_button.o
    0x60009010   0x60009010   0x00000042   Code   RO         2574    i.check_button_on_event  check_button.o
    0x60009052   0x60009052   0x00000014   Code   RO         2575    i.check_button_on_paint_self  check_button.o
    0x60009066   0x60009066   0x00000002   PAD
    0x60009068   0x60009068   0x00000040   Code   RO         2576    i.check_button_set_prop  check_button.o
    0x600090a8   0x600090a8   0x00000062   Code   RO         2577    i.check_button_set_value  check_button.o
    0x6000910a   0x6000910a   0x00000002   PAD
    0x6000910c   0x6000910c   0x00000050   Code   RO         2578    i.check_button_set_value_only  check_button.o
    0x6000915c   0x6000915c   0x00000088   Code   RO         4092    i.children_layout_parser  layout.o
    0x600091e4   0x600091e4   0x00000018   Code   RO         2665    i.color_init        color.o
    0x600091fc   0x600091fc   0x0000009c   Code   RO         9565    i.cos               m_ws.l(cos.o)
    0x60009298   0x60009298   0x00000008   Code   RO         8121    i.default_ui_loader  ui_loader_default.o
    0x600092a0   0x600092a0   0x00000018   Code   RO         8849    i.delay_ms          platform.o
    0x600092b8   0x600092b8   0x00000048   Code   RO         2684    i.dialog_client_create  dialog.o
    0x60009300   0x60009300   0x00000014   Code   RO         2685    i.dialog_close      dialog.o
    0x60009314   0x60009314   0x0000009c   Code   RO         2686    i.dialog_create     dialog.o
    0x600093b0   0x600093b0   0x00000012   Code   RO         2687    i.dialog_destroy    dialog.o
    0x600093c2   0x600093c2   0x00000002   PAD
    0x600093c4   0x600093c4   0x00000098   Code   RO         2688    i.dialog_get_prop   dialog.o
    0x6000945c   0x6000945c   0x0000000c   Code   RO         2689    i.dialog_idle_close  dialog.o
    0x60009468   0x60009468   0x00000040   Code   RO         2690    i.dialog_modal      dialog.o
    0x600094a8   0x600094a8   0x0000001c   Code   RO         2691    i.dialog_on_paint_self  dialog.o
    0x600094c4   0x600094c4   0x0000004e   Code   RO         2692    i.dialog_on_relayout_children  dialog.o
    0x60009512   0x60009512   0x00000022   Code   RO         2693    i.dialog_quit       dialog.o
    0x60009534   0x60009534   0x000000d4   Code   RO         2694    i.dialog_set_prop   dialog.o
    0x60009608   0x60009608   0x00000048   Code   RO         2696    i.dialog_title_create  dialog.o
    0x60009650   0x60009650   0x0000003c   Code   RO         2842    i.easing_back_in    easing.o
    0x6000968c   0x6000968c   0x000000ac   Code   RO         2843    i.easing_back_inout  easing.o
    0x60009738   0x60009738   0x00000054   Code   RO         2844    i.easing_back_out   easing.o
    0x6000978c   0x6000978c   0x00000020   Code   RO         2845    i.easing_bounce_in  easing.o
    0x600097ac   0x600097ac   0x00000060   Code   RO         2846    i.easing_bounce_inout  easing.o
    0x6000980c   0x6000980c   0x000000d4   Code   RO         2847    i.easing_bounce_out  easing.o
    0x600098e0   0x600098e0   0x0000003c   Code   RO         2848    i.easing_circular_in  easing.o
    0x6000991c   0x6000991c   0x000000b4   Code   RO         2849    i.easing_circular_inout  easing.o
    0x600099d0   0x600099d0   0x0000003a   Code   RO         2850    i.easing_circular_out  easing.o
    0x60009a0a   0x60009a0a   0x00000016   Code   RO         2851    i.easing_cubic_in   easing.o
    0x60009a20   0x60009a20   0x0000002c   Code   RO         2852    i.easing_cubic_out  easing.o
    0x60009a4c   0x60009a4c   0x000000b0   Code   RO         2853    i.easing_elastic_in  easing.o
    0x60009afc   0x60009afc   0x0000015c   Code   RO         2854    i.easing_elastic_inout  easing.o
    0x60009c58   0x60009c58   0x000000b0   Code   RO         2855    i.easing_elastic_out  easing.o
    0x60009d08   0x60009d08   0x0000001c   Code   RO         2856    i.easing_get        easing.o
    0x60009d24   0x60009d24   0x00000002   Code   RO         2857    i.easing_linear     easing.o
    0x60009d26   0x60009d26   0x00000002   PAD
    0x60009d28   0x60009d28   0x00000044   Code   RO         2858    i.easing_pow_in     easing.o
    0x60009d6c   0x60009d6c   0x000000c8   Code   RO         2859    i.easing_pow_inout  easing.o
    0x60009e34   0x60009e34   0x00000054   Code   RO         2860    i.easing_pow_out    easing.o
    0x60009e88   0x60009e88   0x0000000e   Code   RO         2861    i.easing_quadratic_in  easing.o
    0x60009e96   0x60009e96   0x00000068   Code   RO         2862    i.easing_quadratic_inout  easing.o
    0x60009efe   0x60009efe   0x00000018   Code   RO         2863    i.easing_quadratic_out  easing.o
    0x60009f16   0x60009f16   0x0000006e   Code   RO         2864    i.easing_sin_in     easing.o
    0x60009f84   0x60009f84   0x00000034   Code   RO         2865    i.easing_sin_inout  easing.o
    0x60009fb8   0x60009fb8   0x0000003c   Code   RO         2866    i.easing_sin_out    easing.o
    0x60009ff4   0x60009ff4   0x00000058   Code   RO         2986    i.edit_create       edit.o
    0x6000a04c   0x6000a04c   0x00000140   Code   RO         2987    i.edit_get_prop     edit.o
    0x6000a18c   0x6000a18c   0x00000036   Code   RO         2988    i.edit_is_valid_value  edit.o
    0x6000a1c2   0x6000a1c2   0x00000002   PAD
    0x6000a1c4   0x6000a1c4   0x00000068   Code   RO         2989    i.edit_on_event     edit.o
    0x6000a22c   0x6000a22c   0x000000b8   Code   RO         2990    i.edit_on_key_down  edit.o
    0x6000a2e4   0x6000a2e4   0x00000006   Code   RO         2991    i.edit_on_key_up    edit.o
    0x6000a2ea   0x6000a2ea   0x0000013a   Code   RO         2992    i.edit_on_paint_self  edit.o
    0x6000a424   0x6000a424   0x0000019c   Code   RO         2997    i.edit_set_prop     edit.o
    0x6000a5c0   0x6000a5c0   0x0000001c   Code   RO         2999    i.edit_set_text_limit  edit.o
    0x6000a5dc   0x6000a5dc   0x00000046   Code   RO         3000    i.edit_update_carent  edit.o
    0x6000a622   0x6000a622   0x00000042   Code   RO         3001    i.edit_update_status  edit.o
    0x6000a664   0x6000a664   0x00000014   Code   RO         3121    i.emitter_create    emitter.o
    0x6000a678   0x6000a678   0x00000018   Code   RO         3122    i.emitter_deinit    emitter.o
    0x6000a690   0x6000a690   0x0000001a   Code   RO         3123    i.emitter_destroy   emitter.o
    0x6000a6aa   0x6000a6aa   0x00000054   Code   RO         3125    i.emitter_dispatch  emitter.o
    0x6000a6fe   0x6000a6fe   0x0000005c   Code   RO         3127    i.emitter_extends   emitter.o
    0x6000a75a   0x6000a75a   0x0000001a   Code   RO         3129    i.emitter_init      emitter.o
    0x6000a774   0x6000a774   0x0000004a   Code   RO         3132    i.emitter_on        emitter.o
    0x6000a7be   0x6000a7be   0x0000003a   Code   RO         3374    i.event_queue_create  event_queue.o
    0x6000a7f8   0x6000a7f8   0x00000014   Code   RO         3375    i.event_queue_destroy  event_queue.o
    0x6000a80c   0x6000a80c   0x00000050   Code   RO         3376    i.event_queue_recv  event_queue.o
    0x6000a85c   0x6000a85c   0x0000005a   Code   RO         3378    i.event_queue_send  event_queue.o
    0x6000a8b6   0x6000a8b6   0x00000038   Code   RO         8800    i.find_glyph        font_bitmap.o
    0x6000a8ee   0x6000a8ee   0x0000003c   Code   RO         3243    i.find_item         enums.o
    0x6000a92a   0x6000a92a   0x00000036   Code   RO         8801    i.font_bitmap_create  font_bitmap.o
    0x6000a960   0x6000a960   0x0000000e   Code   RO         8802    i.font_bitmap_destroy  font_bitmap.o
    0x6000a96e   0x6000a96e   0x0000005c   Code   RO         8803    i.font_bitmap_find_glyph  font_bitmap.o
    0x6000a9ca   0x6000a9ca   0x00000002   PAD
    0x6000a9cc   0x6000a9cc   0x00000030   Code   RO         8804    i.font_bitmap_init  font_bitmap.o
    0x6000a9fc   0x6000a9fc   0x00000032   Code   RO         8805    i.font_bitmap_match  font_bitmap.o
    0x6000aa2e   0x6000aa2e   0x00000016   Code   RO         3484    i.font_destroy      font.o
    0x6000aa44   0x6000aa44   0x0000002a   Code   RO         3485    i.font_find_glyph   font.o
    0x6000aa6e   0x6000aa6e   0x00000002   PAD
    0x6000aa70   0x6000aa70   0x0000000c   Code   RO         3518    i.font_manager      font_manager.o
    0x6000aa7c   0x6000aa7c   0x00000018   Code   RO         3519    i.font_manager_add  font_manager.o
    0x6000aa94   0x6000aa94   0x00000014   Code   RO         3520    i.font_manager_create  font_manager.o
    0x6000aaa8   0x6000aaa8   0x00000036   Code   RO         3521    i.font_manager_deinit  font_manager.o
    0x6000aade   0x6000aade   0x0000001a   Code   RO         3522    i.font_manager_destroy  font_manager.o
    0x6000aaf8   0x6000aaf8   0x00000054   Code   RO         3523    i.font_manager_find  font_manager.o
    0x6000ab4c   0x6000ab4c   0x00000016   Code   RO         3524    i.font_manager_init  font_manager.o
    0x6000ab62   0x6000ab62   0x00000002   PAD
    0x6000ab64   0x6000ab64   0x00000010   Code   RO         3525    i.font_manager_set  font_manager.o
    0x6000ab74   0x6000ab74   0x0000001e   Code   RO         3486    i.font_match        font.o
    0x6000ab92   0x6000ab92   0x00000002   PAD
    0x6000ab94   0x6000ab94   0x00000018   Code   RO         8912    i.get_offline_fb    lcd_support.o
    0x6000abac   0x6000abac   0x00000018   Code   RO         8913    i.get_online_fb     lcd_support.o
    0x6000abc4   0x6000abc4   0x0000000c   Code   RO         8850    i.get_time_ms       platform.o
    0x6000abd0   0x6000abd0   0x00000054   Code   RO         3630    i.group_box_create  group_box.o
    0x6000ac24   0x6000ac24   0x00000014   Code   RO         3631    i.group_box_on_paint_self  group_box.o
    0x6000ac38   0x6000ac38   0x0000001e   Code   RO         9151    i.gui_app_start     demo_main.o
    0x6000ac56   0x6000ac56   0x00000016   Code   RO         3683    i.idle_add          idle.o
    0x6000ac6c   0x6000ac6c   0x0000000e   Code   RO         3685    i.idle_dispatch     idle.o
    0x6000ac7a   0x6000ac7a   0x00000002   PAD
    0x6000ac7c   0x6000ac7c   0x0000000c   Code   RO         3689    i.idle_manager      idle.o
    0x6000ac88   0x6000ac88   0x0000004e   Code   RO         3690    i.idle_manager_add  idle.o
    0x6000acd6   0x6000acd6   0x00000014   Code   RO         3691    i.idle_manager_create  idle.o
    0x6000acea   0x6000acea   0x00000048   Code   RO         3692    i.idle_manager_deinit  idle.o
    0x6000ad32   0x6000ad32   0x0000001a   Code   RO         3693    i.idle_manager_destroy  idle.o
    0x6000ad4c   0x6000ad4c   0x0000006a   Code   RO         3694    i.idle_manager_dispatch  idle.o
    0x6000adb6   0x6000adb6   0x00000024   Code   RO         3696    i.idle_manager_init  idle.o
    0x6000adda   0x6000adda   0x00000002   PAD
    0x6000addc   0x6000addc   0x00000010   Code   RO         3698    i.idle_manager_set  idle.o
    0x6000adec   0x6000adec   0x00000054   Code   RO         3834    i.image_create      image.o
    0x6000ae40   0x6000ae40   0x00000014   Code   RO         3245    i.image_draw_type_find  enums.o
    0x6000ae54   0x6000ae54   0x00000060   Code   RO         3835    i.image_get_prop    image.o
    0x6000aeb4   0x6000aeb4   0x0000002c   Code   RO         3917    i.image_loader_load  image_loader.o
    0x6000aee0   0x6000aee0   0x0000000c   Code   RO         3941    i.image_manager     image_manager.o
    0x6000aeec   0x6000aeec   0x0000005c   Code   RO         3942    i.image_manager_add  image_manager.o
    0x6000af48   0x6000af48   0x0000001e   Code   RO         3943    i.image_manager_create  image_manager.o
    0x6000af66   0x6000af66   0x0000003c   Code   RO         3944    i.image_manager_deinit  image_manager.o
    0x6000afa2   0x6000afa2   0x0000001e   Code   RO         3945    i.image_manager_destroy  image_manager.o
    0x6000afc0   0x6000afc0   0x0000001a   Code   RO         3946    i.image_manager_init  image_manager.o
    0x6000afda   0x6000afda   0x000000aa   Code   RO         3947    i.image_manager_load  image_manager.o
    0x6000b084   0x6000b084   0x00000064   Code   RO         3948    i.image_manager_lookup  image_manager.o
    0x6000b0e8   0x6000b0e8   0x00000010   Code   RO         3949    i.image_manager_set  image_manager.o
    0x6000b0f8   0x6000b0f8   0x000000a8   Code   RO         3836    i.image_on_paint_self  image.o
    0x6000b1a0   0x6000b1a0   0x00000012   Code   RO         3837    i.image_set_draw_type  image.o
    0x6000b1b2   0x6000b1b2   0x0000002e   Code   RO         3838    i.image_set_image   image.o
    0x6000b1e0   0x6000b1e0   0x00000030   Code   RO         3839    i.image_set_image_name  image.o
    0x6000b210   0x6000b210   0x000000ac   Code   RO         3840    i.image_set_prop    image.o
    0x6000b2bc   0x6000b2bc   0x00000014   Code   RO         3247    i.input_type_find   enums.o
    0x6000b2d0   0x6000b2d0   0x0000004c   Code   RO         4039    i.label_create      label.o
    0x6000b31c   0x6000b31c   0x00000014   Code   RO         4040    i.label_on_paint_self  label.o
    0x6000b330   0x6000b330   0x0000004a   Code   RO         4186    i.lcd_begin_frame   lcd.o
    0x6000b37a   0x6000b37a   0x00000034   Code   RO         4188    i.lcd_draw_glyph    lcd.o
    0x6000b3ae   0x6000b3ae   0x00000028   Code   RO         4189    i.lcd_draw_hline    lcd.o
    0x6000b3d6   0x6000b3d6   0x0000002c   Code   RO         4190    i.lcd_draw_image    lcd.o
    0x6000b402   0x6000b402   0x00000032   Code   RO         4192    i.lcd_draw_text     lcd.o
    0x6000b434   0x6000b434   0x00000028   Code   RO         4193    i.lcd_draw_vline    lcd.o
    0x6000b45c   0x6000b45c   0x00000016   Code   RO         4194    i.lcd_end_frame     lcd.o
    0x6000b472   0x6000b472   0x00000030   Code   RO         4195    i.lcd_fill_rect     lcd.o
    0x6000b4a2   0x6000b4a2   0x00000020   Code   RO         4198    i.lcd_measure_text  lcd.o
    0x6000b4c2   0x6000b4c2   0x00000006   Code   RO         7614    i.lcd_mem_begin_frame  lcd_mem_rgb565.o
    0x6000b4c8   0x6000b4c8   0x000000d8   Code   RO         7615    i.lcd_mem_create    lcd_mem_rgb565.o
    0x6000b5a0   0x6000b5a0   0x00000028   Code   RO         7616    i.lcd_mem_create_double_fb  lcd_mem_rgb565.o
    0x6000b5c8   0x6000b5c8   0x0000000e   Code   RO         7618    i.lcd_mem_destroy   lcd_mem_rgb565.o
    0x6000b5d6   0x6000b5d6   0x000000ce   Code   RO         7619    i.lcd_mem_draw_glyph  lcd_mem_rgb565.o
    0x6000b6a4   0x6000b6a4   0x0000008a   Code   RO         7620    i.lcd_mem_draw_hline  lcd_mem_rgb565.o
    0x6000b72e   0x6000b72e   0x00000064   Code   RO         7621    i.lcd_mem_draw_image  lcd_mem_rgb565.o
    0x6000b792   0x6000b792   0x00000080   Code   RO         7622    i.lcd_mem_draw_points  lcd_mem_rgb565.o
    0x6000b812   0x6000b812   0x00000090   Code   RO         7623    i.lcd_mem_draw_vline  lcd_mem_rgb565.o
    0x6000b8a2   0x6000b8a2   0x00000064   Code   RO         7624    i.lcd_mem_end_frame  lcd_mem_rgb565.o
    0x6000b906   0x6000b906   0x00000034   Code   RO         7625    i.lcd_mem_fill_rect  lcd_mem_rgb565.o
    0x6000b93a   0x6000b93a   0x00000026   Code   RO         7626    i.lcd_mem_get_point_color  lcd_mem_rgb565.o
    0x6000b960   0x6000b960   0x00000024   Code   RO         7627    i.lcd_mem_get_vgcanvas  lcd_mem_rgb565.o
    0x6000b984   0x6000b984   0x00000020   Code   RO         7628    i.lcd_mem_init_offline_fb  lcd_mem_rgb565.o
    0x6000b9a4   0x6000b9a4   0x00000020   Code   RO         7629    i.lcd_mem_init_online_fb  lcd_mem_rgb565.o
    0x6000b9c4   0x6000b9c4   0x0000001c   Code   RO         7631    i.lcd_mem_rgb565_create_double_fb  lcd_mem_rgb565.o
    0x6000b9e0   0x6000b9e0   0x000000d4   Code   RO         7633    i.lcd_mem_take_snapshot  lcd_mem_rgb565.o
    0x6000bab4   0x6000bab4   0x0000002e   Code   RO         7634    i.lcd_mem_to_bitmap  lcd_mem_rgb565.o
    0x6000bae2   0x6000bae2   0x0000001a   Code   RO         4199    i.lcd_set_clip_rect  lcd.o
    0x6000bafc   0x6000bafc   0x0000001e   Code   RO         4200    i.lcd_set_fill_color  lcd.o
    0x6000bb1a   0x6000bb1a   0x0000001e   Code   RO         4201    i.lcd_set_font_name  lcd.o
    0x6000bb38   0x6000bb38   0x0000001e   Code   RO         4202    i.lcd_set_font_size  lcd.o
    0x6000bb56   0x6000bb56   0x00000020   Code   RO         4203    i.lcd_set_global_alpha  lcd.o
    0x6000bb76   0x6000bb76   0x0000001e   Code   RO         4204    i.lcd_set_stroke_color  lcd.o
    0x6000bb94   0x6000bb94   0x0000001e   Code   RO         4205    i.lcd_set_text_color  lcd.o
    0x6000bbb2   0x6000bbb2   0x00000030   Code   RO         4206    i.lcd_stroke_rect   lcd.o
    0x6000bbe2   0x6000bbe2   0x0000001a   Code   RO         4207    i.lcd_take_snapshot  lcd.o
    0x6000bbfc   0x6000bbfc   0x0000000c   Code   RO         4337    i.locale            locale.o
    0x6000bc08   0x6000bc08   0x000000c4   Code   RO         4338    i.locale_change     locale.o
    0x6000bccc   0x6000bccc   0x0000001c   Code   RO         4339    i.locale_create     locale.o
    0x6000bce8   0x6000bce8   0x0000002e   Code   RO         4340    i.locale_deinit     locale.o
    0x6000bd16   0x6000bd16   0x0000001a   Code   RO         4341    i.locale_destroy    locale.o
    0x6000bd30   0x6000bd30   0x0000002a   Code   RO         4342    i.locale_init       locale.o
    0x6000bd5a   0x6000bd5a   0x00000002   PAD
    0x6000bd5c   0x6000bd5c   0x00000010   Code   RO         4345    i.locale_set        locale.o
    0x6000bd6c   0x6000bd6c   0x000000c4   Code   RO            7    i.main              awtk.o
    0x6000be30   0x6000be30   0x0000000c   Code   RO         4437    i.main_loop         main_loop.o
    0x6000be3c   0x6000be3c   0x0000001a   Code   RO         4438    i.main_loop_destroy  main_loop.o
    0x6000be56   0x6000be56   0x00000070   Code   RO         8653    i.main_loop_dispatch_events  main_loop_simple.o
    0x6000bec6   0x6000bec6   0x00000012   Code   RO         8654    i.main_loop_dispatch_input  main_loop_simple.o
    0x6000bed8   0x6000bed8   0x0000002c   Code   RO         9017    i.main_loop_init    main_loop_rt1052_raw.o
    0x6000bf04   0x6000bf04   0x0000009e   Code   RO         8656    i.main_loop_post_pointer_event  main_loop_simple.o
    0x6000bfa2   0x6000bfa2   0x0000001c   Code   RO         4439    i.main_loop_queue_event  main_loop.o
    0x6000bfbe   0x6000bfbe   0x0000001c   Code   RO         4440    i.main_loop_quit    main_loop.o
    0x6000bfda   0x6000bfda   0x00000010   Code   RO         9018    i.main_loop_raw_destroy  main_loop_rt1052_raw.o
    0x6000bfea   0x6000bfea   0x0000000e   Code   RO         9019    i.main_loop_raw_dispatch  main_loop_rt1052_raw.o
    0x6000bff8   0x6000bff8   0x0000002a   Code   RO         9020    i.main_loop_raw_init_canvas  main_loop_rt1052_raw.o
    0x6000c022   0x6000c022   0x0000001a   Code   RO         4441    i.main_loop_run     main_loop.o
    0x6000c03c   0x6000c03c   0x00000014   Code   RO         4442    i.main_loop_set     main_loop.o
    0x6000c050   0x6000c050   0x00000068   Code   RO         8657    i.main_loop_simple_init  main_loop_simple.o
    0x6000c0b8   0x6000c0b8   0x00000028   Code   RO         8658    i.main_loop_simple_queue_event  main_loop_simple.o
    0x6000c0e0   0x6000c0e0   0x00000022   Code   RO         8659    i.main_loop_simple_recv_event  main_loop_simple.o
    0x6000c102   0x6000c102   0x00000022   Code   RO         8660    i.main_loop_simple_reset  main_loop_simple.o
    0x6000c124   0x6000c124   0x00000034   Code   RO         8661    i.main_loop_simple_run  main_loop_simple.o
    0x6000c158   0x6000c158   0x00000042   Code   RO         4443    i.main_loop_sleep   main_loop.o
    0x6000c19a   0x6000c19a   0x0000003c   Code   RO         4609    i.node_merge        mem.o
    0x6000c1d6   0x6000c1d6   0x00000002   PAD
    0x6000c1d8   0x6000c1d8   0x00000034   Code   RO         4610    i.node_merge2       mem.o
    0x6000c20c   0x6000c20c   0x00000018   Code   RO         9183    i.on_cancel         demo_ui_app.o
    0x6000c224   0x6000c224   0x00000010   Code   RO         9184    i.on_close          demo_ui_app.o
    0x6000c234   0x6000c234   0x0000002a   Code   RO         9185    i.on_dec            demo_ui_app.o
    0x6000c25e   0x6000c25e   0x0000002a   Code   RO         9186    i.on_inc            demo_ui_app.o
    0x6000c288   0x6000c288   0x00000018   Code   RO         9187    i.on_ok             demo_ui_app.o
    0x6000c2a0   0x6000c2a0   0x00000058   Code   RO         9188    i.on_show_dialog    demo_ui_app.o
    0x6000c2f8   0x6000c2f8   0x00000060   Code   RO         9189    i.on_show_window1   demo_ui_app.o
    0x6000c358   0x6000c358   0x00000060   Code   RO         9190    i.on_show_window2   demo_ui_app.o
    0x6000c3b8   0x6000c3b8   0x00000020   Code   RO         6960    i.on_window_destroy  window_manager.o
    0x6000c3d8   0x6000c3d8   0x00000028   Code   RO         9021    i.platform_create_lcd  main_loop_rt1052_raw.o
    0x6000c400   0x6000c400   0x0000005c   Code   RO         9022    i.platform_disaptch_input  main_loop_rt1052_raw.o
    0x6000c45c   0x6000c45c   0x00000020   Code   RO         8851    i.platform_prepare  platform.o
    0x6000c47c   0x6000c47c   0x000009d8   Code   RO         9573    i.pow               m_ws.l(pow.o)
    0x6000ce54   0x6000ce54   0x0000004c   Code   RO         4676    i.progress_bar_create  progress_bar.o
    0x6000cea0   0x6000cea0   0x00000084   Code   RO         4677    i.progress_bar_get_prop  progress_bar.o
    0x6000cf24   0x6000cf24   0x000002a8   Code   RO         4678    i.progress_bar_on_paint_self  progress_bar.o
    0x6000d1cc   0x6000d1cc   0x00000090   Code   RO         4679    i.progress_bar_set_prop  progress_bar.o
    0x6000d25c   0x6000d25c   0x00000012   Code   RO         4680    i.progress_bar_set_show_text  progress_bar.o
    0x6000d26e   0x6000d26e   0x0000002a   Code   RO         4681    i.progress_bar_set_value  progress_bar.o
    0x6000d298   0x6000d298   0x00000012   Code   RO         4682    i.progress_bar_set_vertical  progress_bar.o
    0x6000d2aa   0x6000d2aa   0x0000001a   Code   RO         2019    i.rbuffer_has_more  buffer.o
    0x6000d2c4   0x6000d2c4   0x00000016   Code   RO         2020    i.rbuffer_init      buffer.o
    0x6000d2da   0x6000d2da   0x00000028   Code   RO         2023    i.rbuffer_peek_uint8  buffer.o
    0x6000d302   0x6000d302   0x0000003a   Code   RO         2024    i.rbuffer_read_binary  buffer.o
    0x6000d33c   0x6000d33c   0x0000002c   Code   RO         2025    i.rbuffer_read_string  buffer.o
    0x6000d368   0x6000d368   0x00000030   Code   RO         2027    i.rbuffer_read_uint32  buffer.o
    0x6000d398   0x6000d398   0x0000002c   Code   RO         2028    i.rbuffer_read_uint8  buffer.o
    0x6000d3c4   0x6000d3c4   0x00000032   Code   RO         4760    i.rect_contains     rect.o
    0x6000d3f6   0x6000d3f6   0x000000a2   Code   RO         4761    i.rect_merge        rect.o
    0x6000d498   0x6000d498   0x00000010   Code   RO         4785    i.res_cmp_type      resource_manager.o
    0x6000d4a8   0x6000d4a8   0x00000020   Code   RO         4786    i.resource_info_destroy  resource_manager.o
    0x6000d4c8   0x6000d4c8   0x00000016   Code   RO         4787    i.resource_info_ref  resource_manager.o
    0x6000d4de   0x6000d4de   0x00000026   Code   RO         4788    i.resource_info_unref  resource_manager.o
    0x6000d504   0x6000d504   0x00000220   Code   RO         9298    i.resource_init     resource.o
    0x6000d724   0x6000d724   0x0000000c   Code   RO         4789    i.resource_manager  resource_manager.o
    0x6000d730   0x6000d730   0x00000020   Code   RO         4790    i.resource_manager_add  resource_manager.o
    0x6000d750   0x6000d750   0x00000024   Code   RO         4791    i.resource_manager_clear_cache  resource_manager.o
    0x6000d774   0x6000d774   0x00000018   Code   RO         4792    i.resource_manager_create  resource_manager.o
    0x6000d78c   0x6000d78c   0x00000036   Code   RO         4793    i.resource_manager_deinit  resource_manager.o
    0x6000d7c2   0x6000d7c2   0x00000028   Code   RO         4794    i.resource_manager_destroy  resource_manager.o
    0x6000d7ea   0x6000d7ea   0x00000048   Code   RO         4795    i.resource_manager_find_in_cache  resource_manager.o
    0x6000d832   0x6000d832   0x00000018   Code   RO         4796    i.resource_manager_init  resource_manager.o
    0x6000d84a   0x6000d84a   0x00000006   Code   RO         4797    i.resource_manager_load  resource_manager.o
    0x6000d850   0x6000d850   0x00000032   Code   RO         4798    i.resource_manager_ref  resource_manager.o
    0x6000d882   0x6000d882   0x00000002   PAD
    0x6000d884   0x6000d884   0x00000010   Code   RO         4799    i.resource_manager_set  resource_manager.o
    0x6000d894   0x6000d894   0x00000030   Code   RO         4800    i.resource_manager_unref  resource_manager.o
    0x6000d8c4   0x6000d8c4   0x00000024   Code   RO         7507    i.rgb565_to_8888    blend_image_8888_565.o
    0x6000d8e8   0x6000d8e8   0x000000a0   Code   RO         9583    i.sin               m_ws.l(sin.o)
    0x6000d988   0x6000d988   0x0000000c   Code   RO         8852    i.sleep_ms          platform.o
    0x6000d994   0x6000d994   0x00000060   Code   RO         4901    i.slider_create     slider.o
    0x6000d9f4   0x6000d9f4   0x000000a8   Code   RO         4902    i.slider_get_dragger_rect  slider.o
    0x6000da9c   0x6000da9c   0x000000b8   Code   RO         4903    i.slider_get_prop   slider.o
    0x6000db54   0x6000db54   0x0000019e   Code   RO         4904    i.slider_on_event   slider.o
    0x6000dcf2   0x6000dcf2   0x000002b6   Code   RO         4905    i.slider_on_paint_self  slider.o
    0x6000dfa8   0x6000dfa8   0x00000012   Code   RO         4906    i.slider_set_max    slider.o
    0x6000dfba   0x6000dfba   0x00000012   Code   RO         4907    i.slider_set_min    slider.o
    0x6000dfcc   0x6000dfcc   0x000000cc   Code   RO         4908    i.slider_set_prop   slider.o
    0x6000e098   0x6000e098   0x00000016   Code   RO         4909    i.slider_set_step   slider.o
    0x6000e0ae   0x6000e0ae   0x00000012   Code   RO         4910    i.slider_set_value  slider.o
    0x6000e0c0   0x6000e0c0   0x00000094   Code   RO         4911    i.slider_set_value_internal  slider.o
    0x6000e154   0x6000e154   0x00000012   Code   RO         4912    i.slider_set_vertical  slider.o
    0x6000e166   0x6000e166   0x0000000e   Code   RO         7635    i.snapshot_destroy  lcd_mem_rgb565.o
    0x6000e174   0x6000e174   0x00000092   Code   RO         7579    i.soft_blend_image  soft_g2d.o
    0x6000e206   0x6000e206   0x000000d8   Code   RO         7580    i.soft_copy_image   soft_g2d.o
    0x6000e2de   0x6000e2de   0x00000114   Code   RO         7581    i.soft_fill_rect    soft_g2d.o
    0x6000e3f2   0x6000e3f2   0x0000004c   Code   RO         9591    i.sqrt              m_ws.l(sqrt.o)
    0x6000e43e   0x6000e43e   0x0000003e   Code   RO         5018    i.str_eq            str.o
    0x6000e47c   0x6000e47c   0x00000032   Code   RO         5019    i.str_extend        str.o
    0x6000e4ae   0x6000e4ae   0x00000026   Code   RO         5020    i.str_from_float    str.o
    0x6000e4d4   0x6000e4d4   0x00000026   Code   RO         5021    i.str_from_int      str.o
    0x6000e4fa   0x6000e4fa   0x0000005a   Code   RO         5022    i.str_from_value    str.o
    0x6000e554   0x6000e554   0x00000024   Code   RO         5023    i.str_init          str.o
    0x6000e578   0x6000e578   0x00000014   Code   RO         5025    i.str_reset         str.o
    0x6000e58c   0x6000e58c   0x00000014   Code   RO         5026    i.str_set           str.o
    0x6000e5a0   0x6000e5a0   0x0000004a   Code   RO         5027    i.str_set_with_len  str.o
    0x6000e5ea   0x6000e5ea   0x00000016   Code   RO         5400    i.style_get_color   theme.o
    0x6000e600   0x6000e600   0x00000090   Code   RO         5401    i.style_get_int     theme.o
    0x6000e690   0x6000e690   0x0000008e   Code   RO         5402    i.style_get_str     theme.o
    0x6000e71e   0x6000e71e   0x00000002   PAD
    0x6000e720   0x6000e720   0x00000008   Code   RO         5161    i.system_info       system_info.o
    0x6000e728   0x6000e728   0x00000008   Code   RO         5403    i.theme             theme.o
    0x6000e730   0x6000e730   0x000000ec   Code   RO         5404    i.theme_find_style  theme.o
    0x6000e81c   0x6000e81c   0x00000018   Code   RO         5405    i.theme_init        theme.o
    0x6000e834   0x6000e834   0x00000008   Code   RO         5191    i.time_now_ms       time.o
    0x6000e83c   0x6000e83c   0x00000010   Code   RO         5192    i.time_now_s        time.o
    0x6000e84c   0x6000e84c   0x0000001e   Code   RO         5216    i.timer_add         timer.o
    0x6000e86a   0x6000e86a   0x0000000e   Code   RO         5218    i.timer_dispatch    timer.o
    0x6000e878   0x6000e878   0x0000000c   Code   RO         6961    i.timer_enable_user_input  window_manager.o
    0x6000e884   0x6000e884   0x00000028   Code   RO         5222    i.timer_init        timer.o
    0x6000e8ac   0x6000e8ac   0x0000000c   Code   RO         5223    i.timer_manager     timer.o
    0x6000e8b8   0x6000e8b8   0x0000005c   Code   RO         5224    i.timer_manager_add  timer.o
    0x6000e914   0x6000e914   0x00000026   Code   RO         5226    i.timer_manager_create  timer.o
    0x6000e93a   0x6000e93a   0x00000048   Code   RO         5227    i.timer_manager_deinit  timer.o
    0x6000e982   0x6000e982   0x0000001a   Code   RO         5228    i.timer_manager_destroy  timer.o
    0x6000e99c   0x6000e99c   0x0000008a   Code   RO         5229    i.timer_manager_dispatch  timer.o
    0x6000ea26   0x6000ea26   0x00000028   Code   RO         5231    i.timer_manager_init  timer.o
    0x6000ea4e   0x6000ea4e   0x0000003c   Code   RO         5232    i.timer_manager_next_time  timer.o
    0x6000ea8a   0x6000ea8a   0x00000002   PAD
    0x6000ea8c   0x6000ea8c   0x00000010   Code   RO         5234    i.timer_manager_set  timer.o
    0x6000ea9c   0x6000ea9c   0x0000000e   Code   RO         5235    i.timer_next_time   timer.o
    0x6000eaaa   0x6000eaaa   0x0000002e   Code   RO         7319    i.tk_add_font       tk.o
    0x6000ead8   0x6000ead8   0x000000ac   Code   RO         4611    i.tk_alloc          mem.o
    0x6000eb84   0x6000eb84   0x000000a0   Code   RO         5512    i.tk_atof           utils.o
    0x6000ec24   0x6000ec24   0x00000010   Code   RO         5513    i.tk_atoi           utils.o
    0x6000ec34   0x6000ec34   0x00000024   Code   RO         4612    i.tk_calloc         mem.o
    0x6000ec58   0x6000ec58   0x00000042   Code   RO         7320    i.tk_deinit_internal  tk.o
    0x6000ec9a   0x6000ec9a   0x00000012   Code   RO         7321    i.tk_exit           tk.o
    0x6000ecac   0x6000ecac   0x00000074   Code   RO         4613    i.tk_free           mem.o
    0x6000ed20   0x6000ed20   0x00000110   Code   RO         5514    i.tk_ftoa           utils.o
    0x6000ee30   0x6000ee30   0x00000022   Code   RO         7322    i.tk_init           tk.o
    0x6000ee52   0x6000ee52   0x00000002   PAD
    0x6000ee54   0x6000ee54   0x00000090   Code   RO         7323    i.tk_init_internal  tk.o
    0x6000eee4   0x6000eee4   0x00000046   Code   RO         7324    i.tk_init_resources  tk.o
    0x6000ef2a   0x6000ef2a   0x00000016   Code   RO         5515    i.tk_itoa           utils.o
    0x6000ef40   0x6000ef40   0x00000090   Code   RO         5516    i.tk_itoa_simple    utils.o
    0x6000efd0   0x6000efd0   0x00000024   Code   RO         4614    i.tk_mem_info_dump  mem.o
    0x6000eff4   0x6000eff4   0x00000044   Code   RO         4615    i.tk_mem_init       mem.o
    0x6000f038   0x6000f038   0x00000050   Code   RO         4616    i.tk_mem_stat       mem.o
    0x6000f088   0x6000f088   0x00000028   Code   RO         5517    i.tk_memcpy16       utils.o
    0x6000f0b0   0x6000f0b0   0x00000024   Code   RO         5518    i.tk_memcpy32       utils.o
    0x6000f0d4   0x6000f0d4   0x00000070   Code   RO         5519    i.tk_memset16       utils.o
    0x6000f144   0x6000f144   0x00000008   Code   RO         8758    i.tk_mutex_create   mutex.o
    0x6000f14c   0x6000f14c   0x00000006   Code   RO         8759    i.tk_mutex_destroy  mutex.o
    0x6000f152   0x6000f152   0x00000006   Code   RO         8760    i.tk_mutex_lock     mutex.o
    0x6000f158   0x6000f158   0x00000006   Code   RO         8761    i.tk_mutex_unlock   mutex.o
    0x6000f15e   0x6000f15e   0x00000038   Code   RO         5521    i.tk_pixel_copy     utils.o
    0x6000f196   0x6000f196   0x00000056   Code   RO         4617    i.tk_realloc        mem.o
    0x6000f1ec   0x6000f1ec   0x00000012   Code   RO         7327    i.tk_run            tk.o
    0x6000f1fe   0x6000f1fe   0x0000005c   Code   RO         5524    i.tk_strtol         utils.o
    0x6000f25a   0x6000f25a   0x000000c6   Code   RO         5525    i.tk_strtol_internal  utils.o
    0x6000f320   0x6000f320   0x0000002a   Code   RO         7636    i.to_color          lcd_mem_rgb565.o
    0x6000f34a   0x6000f34a   0x00000002   PAD
    0x6000f34c   0x6000f34c   0x0000003c   Code   RO         7866    i.ui_builder_default  ui_builder_default.o
    0x6000f388   0x6000f388   0x00000012   Code   RO         7867    i.ui_builder_default_on_end  ui_builder_default.o
    0x6000f39a   0x6000f39a   0x0000000c   Code   RO         7868    i.ui_builder_default_on_widget_end  ui_builder_default.o
    0x6000f3a6   0x6000f3a6   0x00000002   PAD
    0x6000f3a8   0x6000f3a8   0x00000058   Code   RO         7869    i.ui_builder_default_on_widget_prop  ui_builder_default.o
    0x6000f400   0x6000f400   0x00000006   Code   RO         7870    i.ui_builder_default_on_widget_prop_end  ui_builder_default.o
    0x6000f406   0x6000f406   0x0000017a   Code   RO         7871    i.ui_builder_default_on_widget_start  ui_builder_default.o
    0x6000f580   0x6000f580   0x0000001a   Code   RO         7789    i.ui_builder_on_end  ui_builder.o
    0x6000f59a   0x6000f59a   0x0000001a   Code   RO         7790    i.ui_builder_on_start  ui_builder.o
    0x6000f5b4   0x6000f5b4   0x00000016   Code   RO         7791    i.ui_builder_on_widget_end  ui_builder.o
    0x6000f5ca   0x6000f5ca   0x00000026   Code   RO         7792    i.ui_builder_on_widget_prop  ui_builder.o
    0x6000f5f0   0x6000f5f0   0x00000016   Code   RO         7793    i.ui_builder_on_widget_prop_end  ui_builder.o
    0x6000f606   0x6000f606   0x0000001c   Code   RO         7794    i.ui_builder_on_widget_start  ui_builder.o
    0x6000f622   0x6000f622   0x00000030   Code   RO         8072    i.ui_loader_load    ui_loader.o
    0x6000f652   0x6000f652   0x00000002   PAD
    0x6000f654   0x6000f654   0x000000f0   Code   RO         8122    i.ui_loader_load_default  ui_loader_default.o
    0x6000f744   0x6000f744   0x000000bc   Code   RO         5458    i.utf8_get_char     utf8.o
    0x6000f800   0x6000f800   0x00000044   Code   RO         5460    i.utf8_to_utf16     utf8.o
    0x6000f844   0x6000f844   0x000000f0   Code   RO         5607    i.value_bool        value.o
    0x6000f934   0x6000f934   0x00000090   Code   RO         5612    i.value_float       value.o
    0x6000f9c4   0x6000f9c4   0x0000006c   Code   RO         5613    i.value_int         value.o
    0x6000fa30   0x6000fa30   0x00000010   Code   RO         5619    i.value_pointer     value.o
    0x6000fa40   0x6000fa40   0x00000012   Code   RO         5620    i.value_set_bool    value.o
    0x6000fa52   0x6000fa52   0x00000012   Code   RO         5622    i.value_set_float   value.o
    0x6000fa64   0x6000fa64   0x00000010   Code   RO         5623    i.value_set_int     value.o
    0x6000fa74   0x6000fa74   0x00000012   Code   RO         5625    i.value_set_int32   value.o
    0x6000fa86   0x6000fa86   0x00000012   Code   RO         5628    i.value_set_pointer  value.o
    0x6000fa98   0x6000fa98   0x00000012   Code   RO         5629    i.value_set_str     value.o
    0x6000faaa   0x6000faaa   0x00000012   Code   RO         5631    i.value_set_uint32  value.o
    0x6000fabc   0x6000fabc   0x00000012   Code   RO         5633    i.value_set_uint8   value.o
    0x6000face   0x6000face   0x00000012   Code   RO         5634    i.value_set_wstr    value.o
    0x6000fae0   0x6000fae0   0x00000010   Code   RO         5635    i.value_str         value.o
    0x6000faf0   0x6000faf0   0x00000016   Code   RO         5637    i.value_uint32      value.o
    0x6000fb06   0x6000fb06   0x00000010   Code   RO         5640    i.value_wstr        value.o
    0x6000fb16   0x6000fb16   0x00000008   Code   RO         7770    i.vgcanvas_create   vgcanvas_null.o
    0x6000fb1e   0x6000fb1e   0x00000002   PAD
    0x6000fb20   0x6000fb20   0x00000054   Code   RO         6122    i.view_create       view.o
    0x6000fb74   0x6000fb74   0x00000026   Code   RO         7175    i.wcs_chr           wstr.o
    0x6000fb9a   0x6000fb9a   0x00000028   Code   RO         7176    i.wcs_cpy           wstr.o
    0x6000fbc2   0x6000fbc2   0x0000001e   Code   RO         7177    i.wcs_len           wstr.o
    0x6000fbe0   0x6000fbe0   0x00000010   Code   RO         7178    i.wcschr            wstr.o
    0x6000fbf0   0x6000fbf0   0x00000010   Code   RO         7179    i.wcscpy            wstr.o
    0x6000fc00   0x6000fc00   0x0000000c   Code   RO         7180    i.wcslen            wstr.o
    0x6000fc0c   0x6000fc0c   0x00000026   Code   RO         6170    i.widget_add_child  widget.o
    0x6000fc32   0x6000fc32   0x0000002a   Code   RO         6171    i.widget_child_on   widget.o
    0x6000fc5c   0x6000fc5c   0x00000078   Code   RO         6173    i.widget_destroy    widget.o
    0x6000fcd4   0x6000fcd4   0x0000003c   Code   RO         6174    i.widget_destroy_children  widget.o
    0x6000fd10   0x6000fd10   0x00000006   Code   RO         6666    i.widget_destroy_default  widget_vtable.o
    0x6000fd16   0x6000fd16   0x00000044   Code   RO         6175    i.widget_dispatch   widget.o
    0x6000fd5a   0x6000fd5a   0x00000096   Code   RO         6176    i.widget_draw_background  widget.o
    0x6000fdf0   0x6000fdf0   0x00000046   Code   RO         6177    i.widget_draw_border  widget.o
    0x6000fe36   0x6000fe36   0x0000021c   Code   RO         6178    i.widget_draw_icon_text  widget.o
    0x60010052   0x60010052   0x0000003e   Code   RO         6179    i.widget_find_target  widget.o
    0x60010090   0x60010090   0x0000008a   Code   RO         6667    i.widget_find_target_default  widget_vtable.o
    0x6001011a   0x6001011a   0x00000022   Code   RO         6180    i.widget_get_child  widget.o
    0x6001013c   0x6001013c   0x0000018c   Code   RO         6181    i.widget_get_prop   widget.o
    0x600102c8   0x600102c8   0x00000010   Code   RO         6668    i.widget_get_prop_default  widget_vtable.o
    0x600102d8   0x600102d8   0x00000036   Code   RO         6184    i.widget_grab       widget.o
    0x6001030e   0x6001030e   0x00000022   Code   RO         6669    i.widget_grab_default  widget_vtable.o
    0x60010330   0x60010330   0x00000072   Code   RO         6185    i.widget_init       widget.o
    0x600103a2   0x600103a2   0x00000074   Code   RO         6186    i.widget_invalidate  widget.o
    0x60010416   0x60010416   0x00000040   Code   RO         6670    i.widget_invalidate_default  widget_vtable.o
    0x60010456   0x60010456   0x00000018   Code   RO         4093    i.widget_layout     layout.o
    0x6001046e   0x6001046e   0x000000d0   Code   RO         4094    i.widget_layout_calc  layout.o
    0x6001053e   0x6001053e   0x00000394   Code   RO         4095    i.widget_layout_children  layout.o
    0x600108d2   0x600108d2   0x0000003a   Code   RO         4097    i.widget_layout_self  layout.o
    0x6001090c   0x6001090c   0x0000001e   Code   RO         6187    i.widget_lookup     widget.o
    0x6001092a   0x6001092a   0x00000056   Code   RO         6188    i.widget_lookup_all  widget.o
    0x60010980   0x60010980   0x00000046   Code   RO         6189    i.widget_lookup_child  widget.o
    0x600109c6   0x600109c6   0x00000002   PAD
    0x600109c8   0x600109c8   0x00000044   Code   RO         6191    i.widget_move_resize  widget.o
    0x60010a0c   0x60010a0c   0x0000002e   Code   RO         6194    i.widget_on         widget.o
    0x60010a3a   0x60010a3a   0x0000000e   Code   RO         6671    i.widget_on_click_default  widget_vtable.o
    0x60010a48   0x60010a48   0x0000000e   Code   RO         6672    i.widget_on_event_default  widget_vtable.o
    0x60010a56   0x60010a56   0x00000044   Code   RO         6196    i.widget_on_keydown  widget.o
    0x60010a9a   0x60010a9a   0x0000000e   Code   RO         6673    i.widget_on_keydown_default  widget_vtable.o
    0x60010aa8   0x60010aa8   0x00000044   Code   RO         6197    i.widget_on_keyup   widget.o
    0x60010aec   0x60010aec   0x0000000e   Code   RO         6674    i.widget_on_keyup_default  widget_vtable.o
    0x60010afa   0x60010afa   0x0000003c   Code   RO         6198    i.widget_on_paint_background  widget.o
    0x60010b36   0x60010b36   0x00000006   Code   RO         6675    i.widget_on_paint_background_null  widget_vtable.o
    0x60010b3c   0x60010b3c   0x0000003a   Code   RO         6199    i.widget_on_paint_children  widget.o
    0x60010b76   0x60010b76   0x00000046   Code   RO         6676    i.widget_on_paint_children_default  widget_vtable.o
    0x60010bbc   0x60010bbc   0x0000003e   Code   RO         6200    i.widget_on_paint_done  widget.o
    0x60010bfa   0x60010bfa   0x00000006   Code   RO         6677    i.widget_on_paint_done_null  widget_vtable.o
    0x60010c00   0x60010c00   0x00000042   Code   RO         6201    i.widget_on_paint_self  widget.o
    0x60010c42   0x60010c42   0x0000000e   Code   RO         6678    i.widget_on_paint_self_default  widget_vtable.o
    0x60010c50   0x60010c50   0x000000b4   Code   RO         6202    i.widget_on_pointer_down  widget.o
    0x60010d04   0x60010d04   0x0000000e   Code   RO         6679    i.widget_on_pointer_down_default  widget_vtable.o
    0x60010d12   0x60010d12   0x00000002   PAD
    0x60010d14   0x60010d14   0x00000098   Code   RO         6203    i.widget_on_pointer_move  widget.o
    0x60010dac   0x60010dac   0x0000000e   Code   RO         6680    i.widget_on_pointer_move_default  widget_vtable.o
    0x60010dba   0x60010dba   0x00000042   Code   RO         6204    i.widget_on_pointer_up  widget.o
    0x60010dfc   0x60010dfc   0x0000000e   Code   RO         6681    i.widget_on_pointer_up_default  widget_vtable.o
    0x60010e0a   0x60010e0a   0x0000004e   Code   RO         6205    i.widget_paint      widget.o
    0x60010e58   0x60010e58   0x0000001e   Code   RO         6206    i.widget_paint_helper  widget.o
    0x60010e76   0x60010e76   0x00000030   Code   RO         6208    i.widget_remove_child  widget.o
    0x60010ea6   0x60010ea6   0x00000046   Code   RO         4098    i.widget_set_children_layout_params  layout.o
    0x60010eec   0x60010eec   0x0000003c   Code   RO         6210    i.widget_set_dirty  widget.o
    0x60010f28   0x60010f28   0x0000001c   Code   RO         6213    i.widget_set_name   widget.o
    0x60010f44   0x60010f44   0x00000032   Code   RO         4099    i.widget_set_parsed_self_layout_params  layout.o
    0x60010f76   0x60010f76   0x00000002   PAD
    0x60010f78   0x60010f78   0x000001d0   Code   RO         6214    i.widget_set_prop   widget.o
    0x60011148   0x60011148   0x00000010   Code   RO         6682    i.widget_set_prop_default  widget_vtable.o
    0x60011158   0x60011158   0x00000026   Code   RO         6215    i.widget_set_state  widget.o
    0x6001117e   0x6001117e   0x0000002a   Code   RO         6223    i.widget_to_local   widget.o
    0x600111a8   0x600111a8   0x00000034   Code   RO         6225    i.widget_ungrab     widget.o
    0x600111dc   0x600111dc   0x00000022   Code   RO         6683    i.widget_ungrab_default  widget_vtable.o
    0x600111fe   0x600111fe   0x0000002e   Code   RO         6226    i.widget_update_style  widget.o
    0x6001122c   0x6001122c   0x00000008   Code   RO         6684    i.widget_vtable_default  widget_vtable.o
    0x60011234   0x60011234   0x0000003c   Code   RO         6902    i.window_animator_begin_frame_overlap  window_animator.o
    0x60011270   0x60011270   0x00000012   Code   RO         8452    i.window_animator_close_destroy  window_animator_fb.o
    0x60011282   0x60011282   0x00000002   PAD
    0x60011284   0x60011284   0x00000118   Code   RO         8453    i.window_animator_create  window_animator_fb.o
    0x6001139c   0x6001139c   0x0000005c   Code   RO         8454    i.window_animator_create_bottom_to_top  window_animator_fb.o
    0x600113f8   0x600113f8   0x0000005c   Code   RO         8455    i.window_animator_create_fade  window_animator_fb.o
    0x60011454   0x60011454   0x00000032   Code   RO         8456    i.window_animator_create_for_close  window_animator_fb.o
    0x60011486   0x60011486   0x00000032   Code   RO         8457    i.window_animator_create_for_open  window_animator_fb.o
    0x600114b8   0x600114b8   0x00000054   Code   RO         8458    i.window_animator_create_htranslate  window_animator_fb.o
    0x6001150c   0x6001150c   0x0000005c   Code   RO         8459    i.window_animator_create_scale  window_animator_fb.o
    0x60011568   0x60011568   0x0000005c   Code   RO         8460    i.window_animator_create_top_to_bottom  window_animator_fb.o
    0x600115c4   0x600115c4   0x00000054   Code   RO         8461    i.window_animator_create_vtranslate  window_animator_fb.o
    0x60011618   0x60011618   0x00000016   Code   RO         6903    i.window_animator_destroy  window_animator.o
    0x6001162e   0x6001162e   0x000000bc   Code   RO         8462    i.window_animator_open_bottom_to_top_draw_curr  window_animator_fb.o
    0x600116ea   0x600116ea   0x00000132   Code   RO         8463    i.window_animator_open_bottom_to_top_draw_prev  window_animator_fb.o
    0x6001181c   0x6001181c   0x00000050   Code   RO         8464    i.window_animator_open_bottom_to_top_update_percent  window_animator_fb.o
    0x6001186c   0x6001186c   0x00000026   Code   RO         8465    i.window_animator_open_destroy  window_animator_fb.o
    0x60011892   0x60011892   0x00000002   PAD
    0x60011894   0x60011894   0x000000b4   Code   RO         8466    i.window_animator_open_fade_draw_curr  window_animator_fb.o
    0x60011948   0x60011948   0x00000106   Code   RO         8467    i.window_animator_open_fade_draw_prev  window_animator_fb.o
    0x60011a4e   0x60011a4e   0x00000032   Code   RO         8468    i.window_animator_open_fade_update_percent  window_animator_fb.o
    0x60011a80   0x60011a80   0x000000b0   Code   RO         8469    i.window_animator_open_htranslate_draw_curr  window_animator_fb.o
    0x60011b30   0x60011b30   0x000000b8   Code   RO         8470    i.window_animator_open_htranslate_draw_prev  window_animator_fb.o
    0x60011be8   0x60011be8   0x00000048   Code   RO         8471    i.window_animator_open_htranslate_update_percent  window_animator_fb.o
    0x60011c30   0x60011c30   0x00000114   Code   RO         8472    i.window_animator_open_scale_draw_curr  window_animator_fb.o
    0x60011d44   0x60011d44   0x00000106   Code   RO         8473    i.window_animator_open_scale_draw_prev  window_animator_fb.o
    0x60011e4a   0x60011e4a   0x00000002   PAD
    0x60011e4c   0x60011e4c   0x00000054   Code   RO         8474    i.window_animator_open_scale_update_percent  window_animator_fb.o
    0x60011ea0   0x60011ea0   0x00000094   Code   RO         8475    i.window_animator_open_top_to_bottom_draw_curr  window_animator_fb.o
    0x60011f34   0x60011f34   0x0000012c   Code   RO         8476    i.window_animator_open_top_to_bottom_draw_prev  window_animator_fb.o
    0x60012060   0x60012060   0x00000050   Code   RO         8477    i.window_animator_open_top_to_bottom_update_percent  window_animator_fb.o
    0x600120b0   0x600120b0   0x0000009e   Code   RO         8478    i.window_animator_open_vtranslate_draw_curr  window_animator_fb.o
    0x6001214e   0x6001214e   0x000000b8   Code   RO         8479    i.window_animator_open_vtranslate_draw_prev  window_animator_fb.o
    0x60012206   0x60012206   0x00000002   PAD
    0x60012208   0x60012208   0x00000048   Code   RO         8480    i.window_animator_open_vtranslate_update_percent  window_animator_fb.o
    0x60012250   0x60012250   0x00000098   Code   RO         8481    i.window_animator_prepare  window_animator_fb.o
    0x600122e8   0x600122e8   0x000000ce   Code   RO         6904    i.window_animator_update  window_animator.o
    0x600123b6   0x600123b6   0x00000014   Code   RO         6822    i.window_close      window.o
    0x600123ca   0x600123ca   0x00000002   PAD
    0x600123cc   0x600123cc   0x0000006c   Code   RO         6823    i.window_create     window.o
    0x60012438   0x60012438   0x00000012   Code   RO         6824    i.window_destroy    window.o
    0x6001244a   0x6001244a   0x00000002   PAD
    0x6001244c   0x6001244c   0x00000048   Code   RO         6825    i.window_get_prop   window.o
    0x60012494   0x60012494   0x0000000c   Code   RO         6962    i.window_manager    window_manager.o
    0x600124a0   0x600124a0   0x00000098   Code   RO         6963    i.window_manager_add_child  window_manager.o
    0x60012538   0x60012538   0x00000088   Code   RO         6964    i.window_manager_check_if_need_close_animation  window_manager.o
    0x600125c0   0x600125c0   0x00000084   Code   RO         6965    i.window_manager_check_if_need_open_animation  window_manager.o
    0x60012644   0x60012644   0x0000001a   Code   RO         6966    i.window_manager_create  window_manager.o
    0x6001265e   0x6001265e   0x00000176   Code   RO         6967    i.window_manager_dispatch_input_event  window_manager.o
    0x600127d4   0x600127d4   0x0000003c   Code   RO         6968    i.window_manager_find_prev_window  window_manager.o
    0x60012810   0x60012810   0x000000bc   Code   RO         6969    i.window_manager_find_target  window_manager.o
    0x600128cc   0x600128cc   0x00000040   Code   RO         6970    i.window_manager_find_top_window_index  window_manager.o
    0x6001290c   0x6001290c   0x00000016   Code   RO         6971    i.window_manager_get_top_window  window_manager.o
    0x60012922   0x60012922   0x0000001c   Code   RO         6972    i.window_manager_grab  window_manager.o
    0x6001293e   0x6001293e   0x00000010   Code   RO         6973    i.window_manager_idle_destroy_window  window_manager.o
    0x6001294e   0x6001294e   0x00000002   PAD
    0x60012950   0x60012950   0x0000002c   Code   RO         6974    i.window_manager_init  window_manager.o
    0x6001297c   0x6001297c   0x0000001c   Code   RO         6975    i.window_manager_invalidate  window_manager.o
    0x60012998   0x60012998   0x0000006e   Code   RO         6976    i.window_manager_on_paint_children  window_manager.o
    0x60012a06   0x60012a06   0x00000034   Code   RO         6977    i.window_manager_paint  window_manager.o
    0x60012a3a   0x60012a3a   0x00000002   PAD
    0x60012a3c   0x60012a3c   0x0000004c   Code   RO         6978    i.window_manager_paint_animation  window_manager.o
    0x60012a88   0x60012a88   0x00000072   Code   RO         6979    i.window_manager_paint_normal  window_manager.o
    0x60012afa   0x60012afa   0x00000002   PAD
    0x60012afc   0x60012afc   0x00000034   Code   RO         6980    i.window_manager_remove_child  window_manager.o
    0x60012b30   0x60012b30   0x0000004c   Code   RO         6981    i.window_manager_remove_child_real  window_manager.o
    0x60012b7c   0x60012b7c   0x0000003a   Code   RO         6982    i.window_manager_resize  window_manager.o
    0x60012bb6   0x60012bb6   0x00000002   PAD
    0x60012bb8   0x60012bb8   0x00000010   Code   RO         6983    i.window_manager_set  window_manager.o
    0x60012bc8   0x60012bc8   0x00000078   Code   RO         6985    i.window_manager_shift_key  window_manager.o
    0x60012c40   0x60012c40   0x00000020   Code   RO         6986    i.window_manager_ungrab  window_manager.o
    0x60012c60   0x60012c60   0x00000044   Code   RO         6987    i.window_manager_update_key_status  window_manager.o
    0x60012ca4   0x60012ca4   0x00000014   Code   RO         6826    i.window_on_paint_self  window.o
    0x60012cb8   0x60012cb8   0x00000048   Code   RO         7872    i.window_open       ui_builder_default.o
    0x60012d00   0x60012d00   0x0000004c   Code   RO         6827    i.window_set_prop   window.o
    0x60012d4c   0x60012d4c   0x00000036   Code   RO         7181    i.wstr_extend       wstr.o
    0x60012d82   0x60012d82   0x00000026   Code   RO         7182    i.wstr_from_float   wstr.o
    0x60012da8   0x60012da8   0x00000026   Code   RO         7183    i.wstr_from_int     wstr.o
    0x60012dce   0x60012dce   0x00000068   Code   RO         7184    i.wstr_from_value   wstr.o
    0x60012e36   0x60012e36   0x00000024   Code   RO         7186    i.wstr_init         wstr.o
    0x60012e5a   0x60012e5a   0x00000022   Code   RO         7188    i.wstr_pop          wstr.o
    0x60012e7c   0x60012e7c   0x00000038   Code   RO         7189    i.wstr_push         wstr.o
    0x60012eb4   0x60012eb4   0x00000014   Code   RO         7191    i.wstr_reset        wstr.o
    0x60012ec8   0x60012ec8   0x00000036   Code   RO         7192    i.wstr_set          wstr.o
    0x60012efe   0x60012efe   0x0000003e   Code   RO         7193    i.wstr_set_utf8     wstr.o
    0x60012f3c   0x60012f3c   0x0000002c   Code   RO         9654    locale$$code        c_w.l(lc_ctype_c.o)
    0x60012f68   0x60012f68   0x00000062   Code   RO         9494    x$fpl$d2f           fz_ws.l(d2f.o)
    0x60012fca   0x60012fca   0x00000002   PAD
    0x60012fcc   0x60012fcc   0x00000150   Code   RO         9496    x$fpl$dadd          fz_ws.l(daddsub_clz.o)
    0x6001311c   0x6001311c   0x00000010   Code   RO         9805    x$fpl$dcheck1       fz_ws.l(dcheck1.o)
    0x6001312c   0x6001312c   0x00000018   Code   RO         9705    x$fpl$dcmpinf       fz_ws.l(dcmpi.o)
    0x60013144   0x60013144   0x000002b0   Code   RO         9503    x$fpl$ddiv          fz_ws.l(ddiv.o)
    0x600133f4   0x600133f4   0x00000078   Code   RO         9506    x$fpl$deqf          fz_ws.l(deqf.o)
    0x6001346c   0x6001346c   0x0000005e   Code   RO         9508    x$fpl$dfix          fz_ws.l(dfix.o)
    0x600134ca   0x600134ca   0x0000002e   Code   RO         9517    x$fpl$dflt          fz_ws.l(dflt_clz.o)
    0x600134f8   0x600134f8   0x00000026   Code   RO         9516    x$fpl$dfltu         fz_ws.l(dflt_clz.o)
    0x6001351e   0x6001351e   0x00000002   PAD
    0x60013520   0x60013520   0x00000078   Code   RO         9522    x$fpl$dleqf         fz_ws.l(dleqf.o)
    0x60013598   0x60013598   0x00000154   Code   RO         9524    x$fpl$dmul          fz_ws.l(dmul.o)
    0x600136ec   0x600136ec   0x0000009c   Code   RO         9707    x$fpl$dnaninf       fz_ws.l(dnaninf.o)
    0x60013788   0x60013788   0x0000000c   Code   RO         9709    x$fpl$dretinf       fz_ws.l(dretinf.o)
    0x60013794   0x60013794   0x0000006c   Code   RO         9526    x$fpl$drleqf        fz_ws.l(drleqf.o)
    0x60013800   0x60013800   0x00000016   Code   RO         9497    x$fpl$drsb          fz_ws.l(daddsub_clz.o)
    0x60013816   0x60013816   0x00000002   PAD
    0x60013818   0x60013818   0x00000198   Code   RO         9711    x$fpl$dsqrt         fz_ws.l(dsqrt_umaal.o)
    0x600139b0   0x600139b0   0x000001d4   Code   RO         9498    x$fpl$dsub          fz_ws.l(daddsub_clz.o)
    0x60013b84   0x60013b84   0x00000056   Code   RO         9528    x$fpl$f2d           fz_ws.l(f2d.o)
    0x60013bda   0x60013bda   0x00000002   PAD
    0x60013bdc   0x60013bdc   0x000000c4   Code   RO         9530    x$fpl$fadd          fz_ws.l(faddsub_clz.o)
    0x60013ca0   0x60013ca0   0x00000018   Code   RO         9713    x$fpl$fcmpinf       fz_ws.l(fcmpi.o)
    0x60013cb8   0x60013cb8   0x00000184   Code   RO         9537    x$fpl$fdiv          fz_ws.l(fdiv.o)
    0x60013e3c   0x60013e3c   0x00000068   Code   RO         9540    x$fpl$feqf          fz_ws.l(feqf.o)
    0x60013ea4   0x60013ea4   0x00000036   Code   RO         9542    x$fpl$ffix          fz_ws.l(ffix.o)
    0x60013eda   0x60013eda   0x00000002   PAD
    0x60013edc   0x60013edc   0x0000003e   Code   RO         9546    x$fpl$ffixu         fz_ws.l(ffixu.o)
    0x60013f1a   0x60013f1a   0x00000002   PAD
    0x60013f1c   0x60013f1c   0x00000030   Code   RO         9551    x$fpl$fflt          fz_ws.l(fflt_clz.o)
    0x60013f4c   0x60013f4c   0x00000060   Code   RO         9556    x$fpl$ffltll        fz_ws.l(ffltll_clz.o)
    0x60013fac   0x60013fac   0x00000026   Code   RO         9550    x$fpl$ffltu         fz_ws.l(fflt_clz.o)
    0x60013fd2   0x60013fd2   0x00000002   PAD
    0x60013fd4   0x60013fd4   0x00000068   Code   RO         9558    x$fpl$fleqf         fz_ws.l(fleqf.o)
    0x6001403c   0x6001403c   0x00000102   Code   RO         9560    x$fpl$fmul          fz_ws.l(fmul.o)
    0x6001413e   0x6001413e   0x0000008c   Code   RO         9715    x$fpl$fnaninf       fz_ws.l(fnaninf.o)
    0x600141ca   0x600141ca   0x0000000a   Code   RO         9717    x$fpl$fretinf       fz_ws.l(fretinf.o)
    0x600141d4   0x600141d4   0x00000062   Code   RO         9562    x$fpl$frleqf        fz_ws.l(frleqf.o)
    0x60014236   0x60014236   0x00000014   Code   RO         9531    x$fpl$frsb          fz_ws.l(faddsub_clz.o)
    0x6001424a   0x6001424a   0x00000002   PAD
    0x6001424c   0x6001424c   0x000000ea   Code   RO         9532    x$fpl$fsub          fz_ws.l(faddsub_clz.o)
    0x60014336   0x60014336   0x00000064   Code   RO         9840    x$fpl$retnan        fz_ws.l(retnan.o)
    0x6001439a   0x6001439a   0x0000005c   Code   RO         9719    x$fpl$scalbn        fz_ws.l(scalbn.o)
    0x600143f6   0x600143f6   0x00000030   Code   RO         9878    x$fpl$trapveneer    fz_ws.l(trapv.o)
    0x60014426   0x60014426   0x00000000   Code   RO         9721    x$fpl$usenofp       fz_ws.l(usenofp.o)
    0x60014426   0x60014426   0x00000002   PAD
    0x60014428   0x60014428   0x00000011   Data   RO          393    .constdata          clock_config.o
    0x60014439   0x60014439   0x00000003   PAD
    0x6001443c   0x6001443c   0x00000010   Data   RO          511    .constdata          fsl_clock.o
    0x6001444c   0x6001444c   0x00000008   Data   RO          719    .constdata          fsl_elcdif.o
    0x60014454   0x60014454   0x00000024   Data   RO          798    .constdata          fsl_gpio.o
    0x60014478   0x60014478   0x00000048   Data   RO          881    .constdata          fsl_lpuart.o
    0x600144c0   0x600144c0   0x00000028   Data   RO         1287    .constdata          fsl_lpi2c.o
    0x600144e8   0x600144e8   0x0000004c   Data   RO         2146    .constdata          button.o
    0x60014534   0x60014534   0x00000054   Data   RO         2579    .constdata          check_button.o
    0x60014588   0x60014588   0x0000004c   Data   RO         2697    .constdata          dialog.o
    0x600145d4   0x600145d4   0x00000060   Data   RO         2867    .constdata          easing.o
    0x60014634   0x60014634   0x0000004c   Data   RO         3002    .constdata          edit.o
    0x60014680   0x60014680   0x0000039c   Data   RO         3255    .constdata          enums.o
    0x60014a1c   0x60014a1c   0x0000004c   Data   RO         3632    .constdata          group_box.o
    0x60014a68   0x60014a68   0x0000004c   Data   RO         3841    .constdata          image.o
    0x60014ab4   0x60014ab4   0x0000004c   Data   RO         4041    .constdata          label.o
    0x60014b00   0x60014b00   0x00000008   Data   RO         4348    .constdata          locale.o
    0x60014b08   0x60014b08   0x0000004c   Data   RO         4683    .constdata          progress_bar.o
    0x60014b54   0x60014b54   0x0000004c   Data   RO         4913    .constdata          slider.o
    0x60014ba0   0x60014ba0   0x00000104   Data   RO         5461    .constdata          utf8.o
    0x60014ca4   0x60014ca4   0x00000048   Data   RO         6228    .constdata          widget.o
    0x60014cec   0x60014cec   0x0000004c   Data   RO         6685    .constdata          widget_vtable.o
    0x60014d38   0x60014d38   0x0000004c   Data   RO         6828    .constdata          window.o
    0x60014d84   0x60014d84   0x00000072   Data   RO         6988    .constdata          window_manager.o
    0x60014df6   0x60014df6   0x00000002   PAD
    0x60014df8   0x60014df8   0x00000004   Data   RO         8123    .constdata          ui_loader_default.o
    0x60014dfc   0x60014dfc   0x00000044   Data   RO         8914    .constdata          lcd_support.o
    0x60014e40   0x60014e40   0x000304ab   Data   RO         9299    .constdata          resource.o
    0x600452eb   0x600452eb   0x00000005   PAD
    0x600452f0   0x600452f0   0x00000088   Data   RO         9574    .constdata          m_ws.l(pow.o)
    0x60045378   0x60045378   0x00000030   Data   RO         9723    .constdata          m_ws.l(cos_i.o)
    0x600453a8   0x600453a8   0x00000008   Data   RO         9743    .constdata          m_ws.l(qnan.o)
    0x600453b0   0x600453b0   0x000000c8   Data   RO         9746    .constdata          m_ws.l(rred.o)
    0x60045478   0x60045478   0x00000028   Data   RO         9750    .constdata          m_ws.l(sin_i.o)
    0x600454a0   0x600454a0   0x0000030e   Data   RO         3256    .conststring        enums.o
    0x600457ae   0x600457ae   0x00000002   PAD
    0x600457b0   0x600457b0   0x00000020   Data   RO         9908    Region$$Table       anon$$obj.o
    0x600457d0   0x600457d0   0x00000200   Data   RO          435    boot.config         easyarm_flexspi_nor_config.o
    0x600459d0   0x600459d0   0x00000110   Data   RO         9653    locale$$data        c_w.l(lc_ctype_c.o)


    Execution Region RW_m_sdram (Exec base: 0x80000000, Load base: 0x60045ae0, Size: 0x0107fac0, Max: 0x01ffb000, ABSOLUTE)

    Exec Addr    Load Addr    Size         Type   Attr      Idx    E Section Name        Object

    0x80000000   0x60045ae0   0x00000001   Data   RW            9    .data               awtk.o
    0x80000001   0x60045ae1   0x00000003   PAD
    0x80000004   0x60045ae4   0x00000004   Data   RW          169    .data               system_mimxrt1052.o
    0x80000008   0x60045ae8   0x00000008   Data   RW          512    .data               fsl_clock.o
    0x80000010   0x60045af0   0x00000028   Data   RW          720    .data               fsl_elcdif.o
    0x80000038   0x60045b18   0x00000004   Data   RW          882    .data               fsl_lpuart.o
    0x8000003c   0x60045b1c   0x00000008   Data   RW         1288    .data               fsl_lpi2c.o
    0x80000044   0x60045b24   0x00000008   Data   RW         1624    .data               fsl_io.o
    0x8000004c   0x60045b2c   0x00000004   Data   RW         3526    .data               font_manager.o
    0x80000050   0x60045b30   0x00000004   Data   RW         3701    .data               idle.o
    0x80000054   0x60045b34   0x00000004   Data   RW         3952    .data               image_manager.o
    0x80000058   0x60045b38   0x00000004   Data   RW         4349    .data               locale.o
    0x8000005c   0x60045b3c   0x00000004   Data   RW         4445    .data               main_loop.o
    0x80000060   0x60045b40   0x00000004   Data   RW         4801    .data               resource_manager.o
    0x80000064   0x60045b44   0x00000004   Data   RW         5239    .data               timer.o
    0x80000068   0x60045b48   0x00000004   Data   RW         5406    .data               theme.o
    0x8000006c   0x60045b4c   0x00000004   Data   RW         6989    .data               window_manager.o
    0x80000070   0x60045b50   0x00000004   Data   RW         8762    .data               mutex.o
    0x80000074   0x60045b54   0x00000004   Data   RW         8854    .data               platform.o
    0x80000078   0x60045b58   0x0000000d   Data   RW         8915    .data               lcd_support.o
    0x80000085   0x60045b65   0x00000001   Data   RW         9024    .data               main_loop_rt1052_raw.o
    0x80000086   0x60045b66   0x00000002   PAD
    0x80000088        -       0x0000003c   Zero   RW            8    .bss                awtk.o
    0x800000c4        -       0x00000024   Zero   RW          880    .bss                fsl_lpuart.o
    0x800000e8        -       0x00000020   Zero   RW         1286    .bss                fsl_lpi2c.o
    0x80000108        -       0x00000010   Zero   RW         4618    .bss                mem.o
    0x80000118        -       0x00000010   Zero   RW         5162    .bss                system_info.o
    0x80000128        -       0x0000004c   Zero   RW         6123    .bss                view.o
    0x80000174        -       0x00000020   Zero   RW         7873    .bss                ui_builder_default.o
    0x80000194        -       0x0000007c   Zero   RW         8662    .bss                main_loop_simple.o
    0x80000210        -       0x01000000   Zero   RW         8853    .bss                platform.o
    0x81000210        -       0x0000003c   Zero   RW         9023    .bss                main_loop_rt1052_raw.o
    0x8100024c        -       0x00000060   Zero   RW         9758    .bss                c_w.l(libspace.o)
    0x810002ac   0x60045b66   0x00000014   PAD
    0x810002c0        -       0x0007f800   Zero   RW         8916    NonCacheable        lcd_support.o


    Execution Region ARM_LIB_HEAP (Exec base: 0x8107fac0, Load base: 0x60045b68, Size: 0x00001000, Max: 0x00001000, ABSOLUTE)

    Exec Addr    Load Addr    Size         Type   Attr      Idx    E Section Name        Object

    0x8107fac0        -       0x00001000   Zero   RW            1    ARM_LIB_HEAP.bss    anon$$obj.o


    Execution Region ARM_LIB_STACK (Exec base: 0x81ffc000, Load base: 0x60045b68, Size: 0x00004000, Max: 0x00004000, ABSOLUTE)

    Exec Addr    Load Addr    Size         Type   Attr      Idx    E Section Name        Object

    0x81ffc000        -       0x00004000   Zero   RW            2    ARM_LIB_STACK.bss   anon$$obj.o



  Load Region LR_m_interrupts (Base: 0x60002000, Size: 0x00000400, Max: 0x00000400, ABSOLUTE)

    Execution Region VECTOR_ROM (Exec base: 0x60002000, Load base: 0x60002000, Size: 0x00000400, Max: 0x00000400, ABSOLUTE)

    Exec Addr    Load Addr    Size         Type   Attr      Idx    E Section Name        Object

    0x60002000   0x60002000   0x00000400   Data   RO          221    RESET               startup_mimxrt1052.o


==============================================================================

Image component sizes


      Code (inc. data)   RO Data    RW Data    ZI Data      Debug   Object Name

       618          0          0          0          0      11538   array.o
       452         78          0          1         60    1413792   awtk.o
        32          0          0          0          0       1909   bitmap.o
      1232          0          0          0          0       6834   blend_image_565_565.o
      1356          0          0          0          0       7043   blend_image_565_8888.o
      1348          0          0          0          0       7703   blend_image_8888_565.o
      1328          0          0          0          0       7080   blend_image_8888_8888.o
      1024        108          0          0          0      52281   board.o
       282          0          0          0          0       6006   buffer.o
       208          4         76          0          0      27912   button.o
      4898         14          0          0          0      46083   canvas.o
       542         28         84          0          0      20179   check_button.o
       440         98         17          0          0      13514   clock_config.o
        24          0          0          0          0        717   color.o
        30          0          0          0          0        676   demo_main.o
       644        168          0          0          0      18411   demo_ui_app.o
       918         92         76          0          0      25474   dialog.o
      2466        190         96          0          0      17213   easing.o
         0          0       1576          0          0      10338   easyarm_flexspi_nor_config.o
      1646        106         76          0          0      23292   edit.o
       346          0          0          0          0      20787   emitter.o
       100          8       1706          0          0       4729   enums.o
       248          0          0          0          0      16357   event_queue.o
        94          0          0          0          0       4046   font.o
       314         14          0          0          0       6932   font_bitmap.o
       258         20          0          4          0       7844   font_manager.o
      1728        164         16          8          0      20996   fsl_clock.o
       154          4          0          0          0       3214   fsl_debug_console.o
       340         24          8         40          0      18674   fsl_elcdif.o
       210          0          0          0          0      11006   fsl_ft5406_rt.o
       342         18         36          0          0      16411   fsl_gpio.o
       188          8          0          8          0       7768   fsl_io.o
        86          0          0          0          0       3780   fsl_log.o
      1668         66         40          8         32      30218   fsl_lpi2c.o
      1152        120         72          4         36      55639   fsl_lpuart.o
       726          0          0          0          0       3934   fsl_str.o
       104          4         76          0          0      14383   group_box.o
       402         12          0          4          0       7875   idle.o
       632         48         76          0          0      19224   image.o
        44          0          0          0          0       1876   image_loader.o
       562         12          0          4          0      10667   image_manager.o
        96          4         76          0          0      14339   label.o
      1462          0          0          0          0      19291   layout.o
       684          0          0          0          0      17623   lcd.o
      1728         52          0          0          0      22658   lcd_mem_rgb565.o
       574        100         68         13     522240      27807   lcd_support.o
       366         32          8          4          0      13177   locale.o
       206         10          0          4          0      21695   main_loop.o
       336         34          0          1         60      30013   main_loop_rt1052_raw.o
       552         12          0          0        124      21232   main_loop_simple.o
       706         30          0          0         16       7833   mem.o
        26          4          0          4          0       3627   mutex.o
      2398         52          0          0          0    1422890   pin_mux.o
        96         26          0          4   16777216       3343   platform.o
      1110         70         76          0          0      19556   progress_bar.o
       212          0          0          0          0       2149   rect.o
       544        176     197803          0          0      17719   resource.o
       522         26          0          4          0      12412   resource_manager.o
      2002         84         76          0          0      28749   slider.o
       638          0          0          0          0       3966   soft_g2d.o
       444        210       1024          0          0       3600   startup_mimxrt1052.o
       428          0          0          0          0       9142   str.o
         8          4          0          0         16       5690   system_info.o
       712         56          0          4          0    1377438   system_mimxrt1052.o
       576         12          0          4          0       6814   theme.o
        24          0          0          0          0       1107   time.o
       592         18          0          4          0      10362   timer.o
       396          4          0          0          0       5599   tk.o
       162          0          0          0          0      17366   ui_builder.o
       634         54          0          0         32      20167   ui_builder_default.o
         0          0          0          0          0        604   ui_builder_writer.o
        48          0          0          0          0      14549   ui_loader.o
       248         10          4          0          0      15733   ui_loader_default.o
       256          4        260          0          0       4482   utf8.o
      1148         16          0          0          0      10066   utils.o
       722         46          0          0          0      12810   value.o
         8          0          0          0          0        738   vgcanvas_null.o
        84          4          0          0         76      13658   view.o
      3830        138         72          0          0      43842   widget.o
       510          4         76          0          0      26111   widget_vtable.o
       314         30         76          0          0      17347   window.o
       288          0          0          0          0      15933   window_animator.o
      4186        252          0          0          0      39637   window_animator_fb.o
      2100         68        114          4          0      42773   window_manager.o
       648          0          0          0          0      13744   wstr.o

    ----------------------------------------------------------------------
     61908       3050     203808        136   17320388    5443746   Object Totals
         0          0         32          0      20480          0   (incl. Generated)
        98          0         12          5          0          0   (incl. Padding)

    ----------------------------------------------------------------------

      Code (inc. data)   RO Data    RW Data    ZI Data      Debug   Library Member Name

         8          0          0          0          0         68   __main.o
       104          0          0          0          0         84   __printf.o
         0          0          0          0          0          0   __rtentry.o
        12          0          0          0          0          0   __rtentry2.o
         8          4          0          0          0          0   __rtentry7.o
        52          8          0          0          0          0   __scatter.o
        26          0          0          0          0          0   __scatter_copy.o
        28          0          0          0          0          0   __scatter_zi.o
        28          0          0          0          0         68   _chval.o
        44          0          0          0          0        108   _printf_char.o
        48          6          0          0          0         96   _printf_char_common.o
         0          0          0          0          0          0   _printf_percent.o
         4          0          0          0          0          0   _printf_percent_end.o
         6          0          0          0          0          0   _printf_s.o
        82          0          0          0          0         80   _printf_str.o
        22          0          0          0          0        100   _rserrno.o
        16          0          0          0          0         68   _snputc.o
        10          0          0          0          0         68   _sputc.o
       158          0          0          0          0         92   _strtoul.o
        26          0          0          0          0         80   atoi.o
        18          0          0          0          0         80   exit.o
         0          0          0          0          0          0   indicate_semi.o
        44         10        272          0          0         76   lc_ctype_c.o
         2          0          0          0          0          0   libinit.o
        20          0          0          0          0          0   libinit2.o
         2          0          0          0          0          0   libshutdown.o
         2          0          0          0          0          0   libshutdown2.o
         0          0          0          0         96          0   libspace.o
       238          0          0          0          0        100   lludivv7m.o
        52          4          0          0          0         84   noretval__2snprintf.o
        16          4          0          0          0         76   rt_ctype_table.o
         8          4          0          0          0         68   rt_errno_addr_intlibspace.o
         8          4          0          0          0         68   rt_locale_intlibspace.o
        68          0          0          0          0         68   rt_memclr.o
        78          0          0          0          0         80   rt_memclr_w.o
       138          0          0          0          0         68   rt_memcpy_v6.o
       100          0          0          0          0         80   rt_memcpy_w.o
         2          0          0          0          0          0   rtexit.o
        10          0          0          0          0          0   rtexit2.o
        20          0          0          0          0         68   strchr.o
       104          0          0          0          0         68   strcmpv7m_pel.o
        72          0          0          0          0         80   strcpy.o
        62          0          0          0          0         76   strlen.o
        86          0          0          0          0         76   strncpy.o
       112          0          0          0          0         88   strtol.o
        12          4          0          0          0         68   sys_exit.o
         2          0          0          0          0         68   use_no_semi.o
        98          4          0          0          0         92   d2f.o
       826         16          0          0          0        348   daddsub_clz.o
        16          4          0          0          0         68   dcheck1.o
        24          0          0          0          0         68   dcmpi.o
       688        140          0          0          0        208   ddiv.o
       120          4          0          0          0         92   deqf.o
        94          4          0          0          0         92   dfix.o
        84          0          0          0          0        136   dflt_clz.o
       120          4          0          0          0         92   dleqf.o
       340         12          0          0          0        104   dmul.o
       156          4          0          0          0         92   dnaninf.o
        12          0          0          0          0         68   dretinf.o
       108          0          0          0          0         80   drleqf.o
       408         56          0          0          0        120   dsqrt_umaal.o
        86          4          0          0          0         84   f2d.o
       450          8          0          0          0        236   faddsub_clz.o
        24          0          0          0          0         68   fcmpi.o
       388         76          0          0          0         96   fdiv.o
       104          4          0          0          0         84   feqf.o
        54          4          0          0          0         84   ffix.o
        62          4          0          0          0         84   ffixu.o
        86          0          0          0          0        136   fflt_clz.o
        96          0          0          0          0         84   ffltll_clz.o
       104          4          0          0          0         84   fleqf.o
       258          4          0          0          0         84   fmul.o
       140          4          0          0          0         84   fnaninf.o
        10          0          0          0          0         68   fretinf.o
        98          0          0          0          0         68   frleqf.o
       100          0          0          0          0         68   retnan.o
        92          0          0          0          0         68   scalbn.o
        48          0          0          0          0         68   trapv.o
         0          0          0          0          0          0   usenofp.o
       156          8          0          0          0        104   cos.o
       252         22         48          0          0        124   cos_i.o
        68         10          0          0          0        408   dunder.o
        40          0          0          0          0         68   fpclassify.o
       170          0          0          0          0         96   poly.o
      2520        190        136          0          0        324   pow.o
         0          0          8          0          0          0   qnan.o
       904         76        200          0          0        140   rred.o
       160         10          0          0          0        108   sin.o
       236         12         40          0          0        128   sin_i.o
        76          0          0          0          0         84   sqrt.o

    ----------------------------------------------------------------------
     11860        736        704          0        116       7144   Library Totals
        26          0          0          0         20          0   (incl. Padding)

    ----------------------------------------------------------------------

      Code (inc. data)   RO Data    RW Data    ZI Data      Debug   Library Name

      1958         48        272          0         96       2352   c_w.l
      5294        360          0          0          0       3208   fz_ws.l
      4582        328        432          0          0       1584   m_ws.l

    ----------------------------------------------------------------------
     11860        736        704          0        116       7144   Library Totals

    ----------------------------------------------------------------------

==============================================================================


      Code (inc. data)   RO Data    RW Data    ZI Data      Debug   

     73768       3786     204512        136   17320504    5411834   Grand Totals
     73768       3786     204512        136   17320504    5411834   ELF Image Totals
     73768       3786     204512        136          0          0   ROM Totals

==============================================================================

    Total RO  Size (Code + RO Data)               278280 ( 271.76kB)
    Total RW  Size (RW Data + ZI Data)          17320640 (16914.69kB)
    Total ROM Size (Code + RO Data + RW Data)     278416 ( 271.89kB)

==============================================================================

